Target Part: A2F500M3G_FBGA484_STD
Report for cell TOPLEVEL.verilog
  Core Cell usage:
              cell count     area count*area
              AND2   139      1.0      139.0
             AND2A    24      1.0       24.0
              AND3    37      1.0       37.0
               AO1   367      1.0      367.0
              AO13    26      1.0       26.0
              AO18     1      1.0        1.0
              AO1A   158      1.0      158.0
              AO1B    23      1.0       23.0
              AO1C    84      1.0       84.0
              AO1D    11      1.0       11.0
              AOI1    23      1.0       23.0
             AOI1A    22      1.0       22.0
             AOI1B   178      1.0      178.0
               AX1     3      1.0        3.0
              AX1A     7      1.0        7.0
              AX1B    11      1.0       11.0
              AX1C    13      1.0       13.0
              AX1D    13      1.0       13.0
              AX1E     2      1.0        2.0
             AXOI4     1      1.0        1.0
            CLKINT     3      0.0        0.0
               GND    33      0.0        0.0
               INV    30      1.0       30.0
              MAJ3     1      1.0        1.0
            MSSINT     6      0.0        0.0
           MSS_AHB     1      0.0        0.0
           MSS_CCC     1      0.0        0.0
               MX2  3232      1.0     3232.0
              MX2A    41      1.0       41.0
              MX2B    34      1.0       34.0
              MX2C    32      1.0       32.0
             NAND2     4      1.0        4.0
            NAND3A    12      1.0       12.0
              NOR2   122      1.0      122.0
             NOR2A   654      1.0      654.0
             NOR2B  1065      1.0     1065.0
              NOR3    72      1.0       72.0
             NOR3A   117      1.0      117.0
             NOR3B   251      1.0      251.0
             NOR3C   239      1.0      239.0
               OA1    68      1.0       68.0
              OA1A    67      1.0       67.0
              OA1B    78      1.0       78.0
              OA1C    34      1.0       34.0
              OAI1     8      1.0        8.0
               OR2   142      1.0      142.0
              OR2A   274      1.0      274.0
              OR2B    49      1.0       49.0
               OR3   258      1.0      258.0
              OR3A    34      1.0       34.0
              OR3B    14      1.0       14.0
              OR3C     6      1.0        6.0
               VCC    33      0.0        0.0
               XA1    40      1.0       40.0
              XA1A    16      1.0       16.0
              XA1B    22      1.0       22.0
              XA1C     6      1.0        6.0
              XAI1     2      1.0        2.0
             XAI1A     3      1.0        3.0
             XNOR2   134      1.0      134.0
             XNOR3     6      1.0        6.0
               XO1    21      1.0       21.0
              XO1A     3      1.0        3.0
              XOR2   270      1.0      270.0
              XOR3    11      1.0       11.0


              DFN1   569      1.0      569.0
            DFN1C0    74      1.0       74.0
            DFN1C1    38      1.0       38.0
            DFN1E0    16      1.0       16.0
          DFN1E0C0    69      1.0       69.0
          DFN1E0C1    12      1.0       12.0
            DFN1E1    36      1.0       36.0
          DFN1E1C0   142      1.0      142.0
          DFN1E1C1   156      1.0      156.0
            DFN1P0     6      1.0        6.0
            DFN1P1     2      1.0        2.0
              DLN1   890      1.0      890.0
            RAM4K9     8      0.0        0.0
                   -----          ----------
             TOTAL 10710             10625.0


  IO Cell usage:
              cell count
             BIBUF    16
         BIBUF_MSS     1
             INBUF     2
         INBUF_MSS     7
        MSS_XTLOSC     1
            OUTBUF    77
        OUTBUF_MSS     5
                   -----
             TOTAL   109


Core Cells         : 10625 of 11520 (92%)
IO Cells           : 109

  RAM/ROM Usage Summary
Block Rams : 8 of 24 (33%)

