Target Part: A2F500M3G_FBGA484_STD
Report for cell TOPLEVEL.verilog
  Core Cell usage:
              cell count     area count*area
              AND2   124      1.0      124.0
             AND2A    22      1.0       22.0
              AND3    36      1.0       36.0
               AO1   327      1.0      327.0
              AO13    20      1.0       20.0
              AO1A   173      1.0      173.0
              AO1B     4      1.0        4.0
              AO1C   104      1.0      104.0
              AO1D    13      1.0       13.0
              AOI1    21      1.0       21.0
             AOI1A    20      1.0       20.0
             AOI1B   137      1.0      137.0
               AX1     3      1.0        3.0
              AX1A     6      1.0        6.0
              AX1B     1      1.0        1.0
              AX1C     6      1.0        6.0
              AX1D     2      1.0        2.0
              AX1E     1      1.0        1.0
             AXOI4     1      1.0        1.0
               GND    32      0.0        0.0
               INV    30      1.0       30.0
            MSSINT     4      0.0        0.0
           MSS_AHB     1      0.0        0.0
           MSS_CCC     1      0.0        0.0
               MX2  1409      1.0     1409.0
              MX2A    38      1.0       38.0
              MX2B    27      1.0       27.0
              MX2C    31      1.0       31.0
             NAND2     4      1.0        4.0
            NAND3A    12      1.0       12.0
              NOR2   117      1.0      117.0
             NOR2A   489      1.0      489.0
             NOR2B   941      1.0      941.0
              NOR3    59      1.0       59.0
             NOR3A   155      1.0      155.0
             NOR3B   207      1.0      207.0
             NOR3C   137      1.0      137.0
               OA1   128      1.0      128.0
              OA1A   122      1.0      122.0
              OA1B    60      1.0       60.0
              OA1C    29      1.0       29.0
              OAI1     7      1.0        7.0
               OR2   172      1.0      172.0
              OR2A   228      1.0      228.0
              OR2B    49      1.0       49.0
               OR3   248      1.0      248.0
              OR3A    23      1.0       23.0
              OR3B    11      1.0       11.0
              OR3C     3      1.0        3.0
               VCC    32      0.0        0.0
               XA1    39      1.0       39.0
              XA1A     8      1.0        8.0
              XA1B    25      1.0       25.0
              XA1C     2      1.0        2.0
              XAI1     2      1.0        2.0
             XAI1A     1      1.0        1.0
             XNOR2   117      1.0      117.0
             XNOR3     2      1.0        2.0
               XO1    22      1.0       22.0
              XOR2   235      1.0      235.0
              XOR3    18      1.0       18.0


              DFN1   484      1.0      484.0
            DFN1C0    74      1.0       74.0
            DFN1C1    32      1.0       32.0
            DFN1E0    16      1.0       16.0
          DFN1E0C0    69      1.0       69.0
          DFN1E0C1    12      1.0       12.0
            DFN1E1    36      1.0       36.0
          DFN1E1C0   142      1.0      142.0
          DFN1E1C1   156      1.0      156.0
            DFN1P0     6      1.0        6.0
            DFN1P1     2      1.0        2.0
            RAM4K9     8      0.0        0.0
                   -----          ----------
             TOTAL  7335              7257.0


  IO Cell usage:
              cell count
             BIBUF    16
         BIBUF_MSS     1
             INBUF     1
         INBUF_MSS     7
        MSS_XTLOSC     1
            OUTBUF    48
        OUTBUF_MSS     5
                   -----
             TOTAL    79


Core Cells         : 7257 of 11520 (63%)
IO Cells           : 79

  RAM/ROM Usage Summary
Block Rams : 8 of 24 (33%)

