Target Part: A2F500M3G_FBGA484_STD
Report for cell TOPLEVEL.verilog
  Core Cell usage:
              cell count     area count*area
              AND2    23      1.0       23.0
             AND2A    20      1.0       20.0
              AND3    19      1.0       19.0
               AO1   196      1.0      196.0
              AO13    22      1.0       22.0
              AO1A   136      1.0      136.0
              AO1B     5      1.0        5.0
              AO1C    91      1.0       91.0
              AO1D     9      1.0        9.0
              AOI1    22      1.0       22.0
             AOI1A    22      1.0       22.0
             AOI1B   142      1.0      142.0
               AX1     2      1.0        2.0
              AX1A     3      1.0        3.0
              AX1B     3      1.0        3.0
              AX1C    12      1.0       12.0
              AX1D     4      1.0        4.0
              AX1E     1      1.0        1.0
             AXOI4     1      1.0        1.0
             AXOI5     1      1.0        1.0
            CLKINT     3      0.0        0.0
               GND    31      0.0        0.0
               INV     2      1.0        2.0
              MAJ3     1      1.0        1.0
            MSSINT     6      0.0        0.0
           MSS_AHB     1      0.0        0.0
           MSS_CCC     1      0.0        0.0
               MX2  3139      1.0     3139.0
              MX2A    16      1.0       16.0
              MX2B    50      1.0       50.0
              MX2C    49      1.0       49.0
              NOR2    98      1.0       98.0
             NOR2A   530      1.0      530.0
             NOR2B  1096      1.0     1096.0
              NOR3    25      1.0       25.0
             NOR3A   128      1.0      128.0
             NOR3B   228      1.0      228.0
             NOR3C   235      1.0      235.0
               OA1    55      1.0       55.0
              OA1A    68      1.0       68.0
              OA1B    38      1.0       38.0
              OA1C    34      1.0       34.0
              OAI1     5      1.0        5.0
               OR2   180      1.0      180.0
              OR2A   247      1.0      247.0
              OR2B    41      1.0       41.0
               OR3   281      1.0      281.0
              OR3A    25      1.0       25.0
              OR3B    16      1.0       16.0
              OR3C     3      1.0        3.0
               VCC    31      0.0        0.0
               XA1    38      1.0       38.0
              XA1A     5      1.0        5.0
              XA1B    30      1.0       30.0
              XA1C     6      1.0        6.0
              XAI1     5      1.0        5.0
             XAI1A     2      1.0        2.0
             XNOR2    73      1.0       73.0
             XNOR3    12      1.0       12.0
               XO1    21      1.0       21.0
              XO1A     1      1.0        1.0
              XOR2   108      1.0      108.0
              XOR3    14      1.0       14.0


              DFN1   443      1.0      443.0
            DFN1C0    24      1.0       24.0
            DFN1C1    38      1.0       38.0
            DFN1E0     8      1.0        8.0
          DFN1E0C0    69      1.0       69.0
          DFN1E0C1    12      1.0       12.0
            DFN1E1    44      1.0       44.0
          DFN1E1C0    48      1.0       48.0
          DFN1E1C1   156      1.0      156.0
            DFN1P0     4      1.0        4.0
            DFN1P1     2      1.0        2.0
              DLN1   890      1.0      890.0
                   -----          ----------
             TOTAL  9450              9377.0


  IO Cell usage:
              cell count
             BIBUF    16
         BIBUF_MSS     1
             INBUF     1
         INBUF_MSS     7
        MSS_XTLOSC     1
            OUTBUF    71
        OUTBUF_MSS     5
           TRIBUFF     6
                   -----
             TOTAL   108


Core Cells         : 9377 of 11520 (81%)
IO Cells           : 108

  RAM/ROM Usage Summary
Block Rams : 0 of 24 (0%)

