

#### START OF CLOCK OPTIMIZATION REPORT #####[

Clock optimization not enabled
1 non-gated/non-generated clock tree(s) driving 848 clock pin(s) of sequential element(s)
113 gated/generated clock tree(s) driving 890 clock pin(s) of sequential element(s)
0 instances converted, 890 sequential instances remain driven by gated/generated clocks

==================================== Non-Gated/Non-Generated Clocks ====================================
Clock Tree ID     Driving Element     Drive Element Type                Fanout     Sample Instance      
--------------------------------------------------------------------------------------------------------
@K:CKID0114       MSS_CORE3_MSS_0     clock definition on hierarchy     848        heartbeat_0.pulse_out
========================================================================================================
================================================================================== Gated/Generated Clocks ==================================================================================
Clock Tree ID     Driving Element                                                       Drive Element Type     Fanout     Sample Instance                          Explanation              
--------------------------------------------------------------------------------------------------------------------------------------------------------------------------------------------
@K:CKID0001       imager_0.adc0.img_buf_newline_1_sqmuxa_46_inferred_clock_RNO          NOR2A                  8          imager_0.adc0.img_buf_newline_1[881]     No clocks found on inputs
@K:CKID0002       imager_0.adc0.img_buf_newline_1_sqmuxa_23_inferred_clock_RNO          NOR3B                  8          imager_0.adc0.img_buf_newline_1[873]     No clocks found on inputs
@K:CKID0003       imager_0.adc0.img_buf_newline_1_sqmuxa_52_inferred_clock_RNO          NOR3B                  8          imager_0.adc0.img_buf_newline_1[865]     No clocks found on inputs
@K:CKID0004       imager_0.adc0.img_buf_newline_1_sqmuxa_15_inferred_clock_RNO          NOR3B                  8          imager_0.adc0.img_buf_newline_1[857]     No clocks found on inputs
@K:CKID0005       imager_0.adc0.img_buf_newline_1_sqmuxa_18_inferred_clock_RNO          NOR3B                  8          imager_0.adc0.img_buf_newline_1[849]     No clocks found on inputs
@K:CKID0006       imager_0.adc0.img_buf_newline_1_sqmuxa_36_inferred_clock_RNO          NOR3C                  8          imager_0.adc0.img_buf_newline_1[841]     No clocks found on inputs
@K:CKID0007       imager_0.adc0.img_buf_newline_1_sqmuxa_55_inferred_clock_RNO          NOR3C                  8          imager_0.adc0.img_buf_newline_1[833]     No clocks found on inputs
@K:CKID0008       imager_0.adc0.img_buf_newline_1_sqmuxa_58_inferred_clock_RNO          NOR3C                  8          imager_0.adc0.img_buf_newline_1[825]     No clocks found on inputs
@K:CKID0009       imager_0.adc0.img_buf_newline_1_sqmuxa_47_inferred_clock_RNO          NOR3B                  8          imager_0.adc0.img_buf_newline_1[817]     No clocks found on inputs
@K:CKID0010       imager_0.adc0.img_buf_newline_1_sqmuxa_32_inferred_clock_RNO          NOR3C                  8          imager_0.adc0.img_buf_newline_1[809]     No clocks found on inputs
@K:CKID0011       imager_0.adc0.img_buf_newline_1_sqmuxa_14_inferred_clock_RNO          NOR3C                  8          imager_0.adc0.img_buf_newline_1[801]     No clocks found on inputs
@K:CKID0012       imager_0.adc0.img_buf_newline_1_sqmuxa_22_inferred_clock_RNO          NOR3C                  8          imager_0.adc0.img_buf_newline_1[793]     No clocks found on inputs
@K:CKID0013       imager_0.adc0.img_buf_newline_1_sqmuxa_49_inferred_clock_RNO          NOR3B                  8          imager_0.adc0.img_buf_newline_1[785]     No clocks found on inputs
@K:CKID0014       imager_0.adc0.img_buf_newline_1_sqmuxa_35_inferred_clock_RNO          NOR3C                  8          imager_0.adc0.img_buf_newline_1[777]     No clocks found on inputs
@K:CKID0015       imager_0.adc0.img_buf_newline_1_sqmuxa_57_inferred_clock_RNO          NOR3C                  8          imager_0.adc0.img_buf_newline_1[769]     No clocks found on inputs
@K:CKID0016       imager_0.adc0.img_buf_newline_1_sqmuxa_34_inferred_clock_RNO          NOR3C                  8          imager_0.adc0.img_buf_newline_1[761]     No clocks found on inputs
@K:CKID0017       imager_0.adc0.img_buf_newline_1_sqmuxa_40_inferred_clock_RNO          NOR2A                  8          imager_0.adc0.img_buf_newline_1[753]     No clocks found on inputs
@K:CKID0018       imager_0.adc0.img_buf_newline_1_sqmuxa_43_inferred_clock_RNO          NOR3B                  8          imager_0.adc0.img_buf_newline_1[745]     No clocks found on inputs
@K:CKID0019       imager_0.adc0.img_buf_newline_1_sqmuxa_56_inferred_clock_RNO          NOR3B                  8          imager_0.adc0.img_buf_newline_1[737]     No clocks found on inputs
@K:CKID0020       imager_0.adc0.img_buf_newline_1_sqmuxa_21_inferred_clock_RNO          NOR3B                  8          imager_0.adc0.img_buf_newline_1[729]     No clocks found on inputs
@K:CKID0021       imager_0.adc0.img_buf_newline_1_sqmuxa_26_inferred_clock_RNO          NOR3B                  8          imager_0.adc0.img_buf_newline_1[721]     No clocks found on inputs
@K:CKID0022       imager_0.adc0.img_buf_newline_1_sqmuxa_28_inferred_clock_RNO          NOR3C                  8          imager_0.adc0.img_buf_newline_1[713]     No clocks found on inputs
@K:CKID0023       imager_0.adc0.img_buf_newline_1_sqmuxa_20_inferred_clock_RNO          NOR3C                  8          imager_0.adc0.img_buf_newline_1[705]     No clocks found on inputs
@K:CKID0024       imager_0.adc0.img_buf_newline_1_sqmuxa_13_inferred_clock_RNO          NOR3C                  8          imager_0.adc0.img_buf_newline_1[697]     No clocks found on inputs
@K:CKID0025       imager_0.adc0.img_buf_newline_1_sqmuxa_42_inferred_clock_RNO          NOR3B                  8          imager_0.adc0.img_buf_newline_1[689]     No clocks found on inputs
@K:CKID0026       imager_0.adc0.img_buf_newline_1_sqmuxa_45_inferred_clock_RNO          NOR3C                  8          imager_0.adc0.img_buf_newline_1[681]     No clocks found on inputs
@K:CKID0027       imager_0.adc0.img_buf_newline_1_sqmuxa_48_inferred_clock_RNO          NOR3C                  8          imager_0.adc0.img_buf_newline_1[673]     No clocks found on inputs
@K:CKID0028       imager_0.adc0.img_buf_newline_1_sqmuxa_51_inferred_clock_RNO          NOR3C                  8          imager_0.adc0.img_buf_newline_1[665]     No clocks found on inputs
@K:CKID0029       imager_0.adc0.img_buf_newline_1_sqmuxa_27_inferred_clock_RNO          NOR3B                  8          imager_0.adc0.img_buf_newline_1[657]     No clocks found on inputs
@K:CKID0030       imager_0.adc0.img_buf_newline_1_sqmuxa_38_inferred_clock_RNO          NOR3C                  8          imager_0.adc0.img_buf_newline_1[649]     No clocks found on inputs
@K:CKID0031       imager_0.adc0.img_buf_newline_1_sqmuxa_44_inferred_clock_RNO          NOR3C                  8          imager_0.adc0.img_buf_newline_1[641]     No clocks found on inputs
@K:CKID0032       imager_0.adc0.img_buf_newline_1_sqmuxa_39_inferred_clock_RNO          NOR3C                  8          imager_0.adc0.img_buf_newline_1[633]     No clocks found on inputs
@K:CKID0033       imager_0.adc0.img_buf_newline_1_sqmuxa_65_inferred_clock_RNO          NOR2A                  8          imager_0.adc0.img_buf_newline_1[625]     No clocks found on inputs
@K:CKID0034       imager_0.adc0.img_buf_newline_1_sqmuxa_86_inferred_clock_RNO          NOR3B                  8          imager_0.adc0.img_buf_newline_1[617]     No clocks found on inputs
@K:CKID0035       imager_0.adc0.img_buf_newline_1_sqmuxa_82_inferred_clock_RNO          NOR3B                  8          imager_0.adc0.img_buf_newline_1[609]     No clocks found on inputs
@K:CKID0036       imager_0.adc0.img_buf_newline_1_sqmuxa_83_inferred_clock_RNO          NOR3B                  8          imager_0.adc0.img_buf_newline_1[601]     No clocks found on inputs
@K:CKID0037       imager_0.adc0.img_buf_newline_1_sqmuxa_122_inferred_clock_RNO         NOR3B                  8          imager_0.adc0.img_buf_newline_1[593]     No clocks found on inputs
@K:CKID0038       imager_0.adc0.img_buf_newline_1_sqmuxa_119_inferred_clock_RNO         NOR3C                  8          imager_0.adc0.img_buf_newline_1[585]     No clocks found on inputs
@K:CKID0039       imager_0.adc0.img_buf_newline_1_sqmuxa_92_inferred_clock_RNO          NOR3C                  8          imager_0.adc0.img_buf_newline_1[577]     No clocks found on inputs
@K:CKID0040       imager_0.adc0.img_buf_newline_1_sqmuxa_61_inferred_clock_RNO          NOR3C                  8          imager_0.adc0.img_buf_newline_1[569]     No clocks found on inputs
@K:CKID0041       imager_0.adc0.img_buf_newline_1_sqmuxa_76_inferred_clock_RNO          NOR3B                  8          imager_0.adc0.img_buf_newline_1[561]     No clocks found on inputs
@K:CKID0042       imager_0.adc0.img_buf_newline_1_sqmuxa_72_inferred_clock_RNO          NOR3C                  8          imager_0.adc0.img_buf_newline_1[553]     No clocks found on inputs
@K:CKID0043       imager_0.adc0.img_buf_newline_1_sqmuxa_94_inferred_clock_RNO          NOR3C                  8          imager_0.adc0.img_buf_newline_1[545]     No clocks found on inputs
@K:CKID0044       imager_0.adc0.img_buf_newline_1_sqmuxa_84_inferred_clock_RNO          NOR3C                  8          imager_0.adc0.img_buf_newline_1[537]     No clocks found on inputs
@K:CKID0045       imager_0.adc0.img_buf_newline_1_sqmuxa_110_inferred_clock_RNO         NOR3B                  8          imager_0.adc0.img_buf_newline_1[529]     No clocks found on inputs
@K:CKID0046       imager_0.adc0.img_buf_newline_1_sqmuxa_108_inferred_clock_RNO         NOR3C                  8          imager_0.adc0.img_buf_newline_1[521]     No clocks found on inputs
@K:CKID0047       imager_0.adc0.img_buf_newline_1_sqmuxa_98_inferred_clock_RNO          NOR3C                  8          imager_0.adc0.img_buf_newline_1[513]     No clocks found on inputs
@K:CKID0048       imager_0.adc0.img_buf_newline_1_sqmuxa_64_inferred_clock_RNO          NOR3C                  8          imager_0.adc0.img_buf_newline_1[505]     No clocks found on inputs
@K:CKID0049       imager_0.adc0.img_buf_newline_1_sqmuxa_17_inferred_clock_RNO          NOR2A                  8          imager_0.adc0.img_buf_newline_1[497]     No clocks found on inputs
@K:CKID0050       imager_0.adc0.img_buf_newline_1_sqmuxa_16_inferred_clock_RNO          NOR3B                  8          imager_0.adc0.img_buf_newline_1[489]     No clocks found on inputs
@K:CKID0051       imager_0.adc0.img_buf_newline_1_sqmuxa_25_inferred_clock_RNO          NOR3B                  8          imager_0.adc0.img_buf_newline_1[481]     No clocks found on inputs
@K:CKID0052       imager_0.adc0.img_buf_newline_1_sqmuxa_37_inferred_clock_RNO          NOR3B                  8          imager_0.adc0.img_buf_newline_1[473]     No clocks found on inputs
@K:CKID0053       imager_0.adc0.img_buf_newline_1_sqmuxa_29_inferred_clock_RNO          NOR3B                  8          imager_0.adc0.img_buf_newline_1[465]     No clocks found on inputs
@K:CKID0054       imager_0.adc0.img_buf_newline_1_sqmuxa_53_inferred_clock_RNO          NOR3C                  8          imager_0.adc0.img_buf_newline_1[457]     No clocks found on inputs
@K:CKID0055       imager_0.adc0.img_buf_newline_1_sqmuxa_54_inferred_clock_RNO          NOR3C                  8          imager_0.adc0.img_buf_newline_1[449]     No clocks found on inputs
@K:CKID0056       imager_0.adc0.img_buf_newline_1_sqmuxa_33_inferred_clock_RNO          NOR3C                  8          imager_0.adc0.img_buf_newline_1[441]     No clocks found on inputs
@K:CKID0057       imager_0.adc0.img_buf_newline_1_sqmuxa_12_inferred_clock_RNO          NOR3B                  8          imager_0.adc0.img_buf_newline_1[433]     No clocks found on inputs
@K:CKID0058       imager_0.adc0.img_buf_newline_1_sqmuxa_19_inferred_clock_RNO          NOR3C                  8          imager_0.adc0.img_buf_newline_1[425]     No clocks found on inputs
@K:CKID0059       imager_0.adc0.img_buf_newline_1_sqmuxa_24_inferred_clock_RNO          NOR3C                  8          imager_0.adc0.img_buf_newline_1[417]     No clocks found on inputs
@K:CKID0060       imager_0.adc0.img_buf_newline_1_sqmuxa_inferred_clock_RNO             NOR3C                  8          imager_0.adc0.img_buf_newline_1[409]     No clocks found on inputs
@K:CKID0061       imager_0.adc0.img_buf_newline_1_sqmuxa_30_inferred_clock_RNO          NOR3B                  8          imager_0.adc0.img_buf_newline_1[401]     No clocks found on inputs
@K:CKID0062       imager_0.adc0.img_buf_newline_1_sqmuxa_50_inferred_clock_RNO          NOR3C                  8          imager_0.adc0.img_buf_newline_1[393]     No clocks found on inputs
@K:CKID0063       imager_0.adc0.img_buf_newline_1_sqmuxa_31_inferred_clock_RNO          NOR3C                  8          imager_0.adc0.img_buf_newline_1[385]     No clocks found on inputs
@K:CKID0064       imager_0.adc0.img_buf_newline_1_sqmuxa_41_inferred_clock_RNO          NOR3C                  8          imager_0.adc0.img_buf_newline_1[377]     No clocks found on inputs
@K:CKID0065       imager_0.adc0.img_buf_newline_1_sqmuxa_101_inferred_clock_RNO         NOR2A                  8          imager_0.adc0.img_buf_newline_1[369]     No clocks found on inputs
@K:CKID0066       imager_0.adc0.img_buf_newline_1_sqmuxa_123_inferred_clock_RNO         NOR3B                  8          imager_0.adc0.img_buf_newline_1[361]     No clocks found on inputs
@K:CKID0067       imager_0.adc0.img_buf_newline_1_sqmuxa_102_inferred_clock_RNO         NOR3B                  8          imager_0.adc0.img_buf_newline_1[353]     No clocks found on inputs
@K:CKID0068       imager_0.adc0.img_buf_newline_1_sqmuxa_88_inferred_clock_RNO          NOR3B                  8          imager_0.adc0.img_buf_newline_1[345]     No clocks found on inputs
@K:CKID0069       imager_0.adc0.img_buf_newline_1_sqmuxa_85_inferred_clock_RNO          NOR3B                  8          imager_0.adc0.img_buf_newline_1[337]     No clocks found on inputs
@K:CKID0070       imager_0.adc0.img_buf_newline_1_sqmuxa_63_inferred_clock_RNO          NOR3C                  8          imager_0.adc0.img_buf_newline_1[329]     No clocks found on inputs
@K:CKID0071       imager_0.adc0.img_buf_newline_1_sqmuxa_81_inferred_clock_RNO          NOR3C                  8          imager_0.adc0.img_buf_newline_1[321]     No clocks found on inputs
@K:CKID0072       imager_0.adc0.img_buf_newline_1_sqmuxa_100_inferred_clock_RNO         NOR3C                  8          imager_0.adc0.img_buf_newline_1[313]     No clocks found on inputs
@K:CKID0073       imager_0.adc0.img_buf_newline_1_sqmuxa_116_inferred_clock_RNO         NOR3B                  8          imager_0.adc0.img_buf_newline_1[305]     No clocks found on inputs
@K:CKID0074       imager_0.adc0.img_buf_newline_1_sqmuxa_69_inferred_clock_RNO          NOR3C                  8          imager_0.adc0.img_buf_newline_1[297]     No clocks found on inputs
@K:CKID0075       imager_0.adc0.img_buf_newline_1_sqmuxa_78_inferred_clock_RNO          NOR3C                  8          imager_0.adc0.img_buf_newline_1[289]     No clocks found on inputs
@K:CKID0076       imager_0.adc0.img_buf_newline_1_sqmuxa_66_inferred_clock_RNO          NOR3C                  8          imager_0.adc0.img_buf_newline_1[281]     No clocks found on inputs
@K:CKID0077       imager_0.adc0.img_buf_newline_1_sqmuxa_91_inferred_clock_RNO          NOR3B                  8          imager_0.adc0.img_buf_newline_1[273]     No clocks found on inputs
@K:CKID0078       imager_0.adc0.img_buf_newline_1_sqmuxa_106_inferred_clock_RNO         NOR3C                  8          imager_0.adc0.img_buf_newline_1[265]     No clocks found on inputs
@K:CKID0079       imager_0.adc0.img_buf_newline_1_sqmuxa_118_inferred_clock_RNO         NOR3C                  8          imager_0.adc0.img_buf_newline_1[257]     No clocks found on inputs
@K:CKID0080       imager_0.adc0.img_buf_newline_1_sqmuxa_112_inferred_clock_RNO         NOR3C                  8          imager_0.adc0.img_buf_newline_1[249]     No clocks found on inputs
@K:CKID0081       imager_0.adc0.img_buf_newline_1_sqmuxa_70_inferred_clock_RNO          NOR2A                  8          imager_0.adc0.img_buf_newline_1[241]     No clocks found on inputs
@K:CKID0082       imager_0.adc0.img_buf_newline_1_sqmuxa_120_inferred_clock_RNO         NOR3B                  8          imager_0.adc0.img_buf_newline_1[233]     No clocks found on inputs
@K:CKID0083       imager_0.adc0.img_buf_newline_1_sqmuxa_75_inferred_clock_RNO          NOR3B                  8          imager_0.adc0.img_buf_newline_1[225]     No clocks found on inputs
@K:CKID0084       imager_0.adc0.img_buf_newline_1_sqmuxa_67_inferred_clock_RNO          NOR3B                  8          imager_0.adc0.img_buf_newline_1[217]     No clocks found on inputs
@K:CKID0085       imager_0.adc0.img_buf_newline_1_sqmuxa_105_inferred_clock_RNO         NOR3B                  8          imager_0.adc0.img_buf_newline_1[209]     No clocks found on inputs
@K:CKID0086       imager_0.adc0.img_buf_newline_1_sqmuxa_107_inferred_clock_RNO         NOR3C                  8          imager_0.adc0.img_buf_newline_1[201]     No clocks found on inputs
@K:CKID0087       imager_0.adc0.img_buf_newline_1_sqmuxa_60_inferred_clock_RNO          NOR3C                  8          imager_0.adc0.img_buf_newline_1[193]     No clocks found on inputs
@K:CKID0088       imager_0.adc0.img_buf_newline_1_sqmuxa_77_inferred_clock_RNO          NOR3C                  8          imager_0.adc0.img_buf_newline_1[185]     No clocks found on inputs
@K:CKID0089       imager_0.adc0.img_buf_newline_1_sqmuxa_113_inferred_clock_RNO         NOR3B                  8          imager_0.adc0.img_buf_newline_1[177]     No clocks found on inputs
@K:CKID0090       imager_0.adc0.img_buf_newline_1_sqmuxa_74_inferred_clock_RNO          NOR3C                  8          imager_0.adc0.img_buf_newline_1[169]     No clocks found on inputs
@K:CKID0091       imager_0.adc0.img_buf_newline_1_sqmuxa_73_inferred_clock_RNO          NOR3C                  8          imager_0.adc0.img_buf_newline_1[161]     No clocks found on inputs
@K:CKID0092       imager_0.adc0.img_buf_newline_1_sqmuxa_99_inferred_clock_RNO          NOR3C                  8          imager_0.adc0.img_buf_newline_1[153]     No clocks found on inputs
@K:CKID0093       imager_0.adc0.img_buf_newline_1_sqmuxa_109_inferred_clock_RNO         NOR3B                  8          imager_0.adc0.img_buf_newline_1[145]     No clocks found on inputs
@K:CKID0094       imager_0.adc0.img_buf_newline_1_sqmuxa_121_inferred_clock_RNO         NOR3C                  8          imager_0.adc0.img_buf_newline_1[137]     No clocks found on inputs
@K:CKID0095       imager_0.adc0.img_buf_newline_1_sqmuxa_103_inferred_clock_RNO         NOR3C                  8          imager_0.adc0.img_buf_newline_1[129]     No clocks found on inputs
@K:CKID0096       imager_0.adc0.img_buf_newline_1_sqmuxa_93_inferred_clock_RNO          NOR3C                  8          imager_0.adc0.img_buf_newline_1[121]     No clocks found on inputs
@K:CKID0097       imager_0.adc0.img_buf_newline_1_sqmuxa_80_inferred_clock_RNO          NOR2A                  8          imager_0.adc0.img_buf_newline_1[113]     No clocks found on inputs
@K:CKID0098       imager_0.adc0.img_buf_newline_1_sqmuxa_96_inferred_clock_RNO          NOR3B                  8          imager_0.adc0.img_buf_newline_1[105]     No clocks found on inputs
@K:CKID0099       imager_0.adc0.img_buf_newline_1_sqmuxa_71_inferred_clock_RNO          NOR3C                  8          imager_0.adc0.img_buf_newline_1[73]      No clocks found on inputs
@K:CKID0100       imager_0.adc0.img_buf_newline_1_sqmuxa_68_inferred_clock_RNO          NOR3C                  8          imager_0.adc0.img_buf_newline_1[65]      No clocks found on inputs
@K:CKID0101       imager_0.adc0.img_buf_newline_1_sqmuxa_79_inferred_clock_RNO          NOR3C                  8          imager_0.adc0.img_buf_newline_1[57]      No clocks found on inputs
@K:CKID0102       imager_0.adc0.img_buf_newline_1_sqmuxa_104_inferred_clock_RNO         NOR3B                  8          imager_0.adc0.img_buf_newline_1[49]      No clocks found on inputs
@K:CKID0103       imager_0.adc0.img_buf_newline_1_sqmuxa_89_inferred_clock_RNO          NOR3C                  8          imager_0.adc0.img_buf_newline_1[41]      No clocks found on inputs
@K:CKID0104       imager_0.adc0.img_buf_newline_1_sqmuxa_90_inferred_clock_RNO          NOR3C                  8          imager_0.adc0.img_buf_newline_1[33]      No clocks found on inputs
@K:CKID0105       imager_0.adc0.img_buf_newline_1_sqmuxa_114_inferred_clock_RNO         NOR3C                  8          imager_0.adc0.img_buf_newline_1[25]      No clocks found on inputs
@K:CKID0106       imager_0.adc0.img_buf_newline_1_sqmuxa_95_inferred_clock_RNO          NOR3B                  8          imager_0.adc0.img_buf_newline_1[17]      No clocks found on inputs
@K:CKID0107       imager_0.adc0.img_buf_newline_1_sqmuxa_97_inferred_clock_RNO          NOR3C                  8          imager_0.adc0.img_buf_newline_1[10]      No clocks found on inputs
@K:CKID0108       imager_0.adc0.img_buf_newline_1_sqmuxa_87_inferred_clock_RNO          NOR3C                  8          imager_0.adc0.img_buf_newline_1[1]       No clocks found on inputs
@K:CKID0109       imager_0.adc0.pixel_increment_RNICM46_0[4]                            NOR3B                  8          imager_0.adc0.img_buf_newline_1[81]      No clocks found on inputs
@K:CKID0110       imager_0.adc0.pixel_increment_RNICM46[4]                              NOR3B                  8          imager_0.adc0.img_buf_newline_1[89]      No clocks found on inputs
@K:CKID0111       imager_0.adc0.pixel_increment_RNICM46_1[4]                            NOR3B                  8          imager_0.adc0.img_buf_newline_1[100]     No clocks found on inputs
@K:CKID0112       imager_0.adc0.img_buf_newline_1_sqmuxa_111_inferred_clock_RNO         NOR3C                  1          imager_0.adc0.img_buf_newline_1[0]       No clocks found on inputs
@K:CKID0113       imager_0.stonyman0.un1_newline_sample_0_sqmuxa_inferred_clock_RNO     OR2                    1          imager_0.stonyman0.newline_sample        No clocks found on inputs
============================================================================================================================================================================================


##### END OF CLOCK OPTIMIZATION REPORT ######]

