Microsemi Libero Software
Version: 11.6.0.34
Release: v11.6

Info: The design TOPLEVEL.adb was last modified by software version 11.6.0.34.
Opened an existing Libero design TOPLEVEL.adb.
'BA_NAME' set to 'TOPLEVEL_ba'
'IDE_DESIGNERVIEW_NAME' set to 'Impl1'
'IDE_DESIGNERVIEW_COUNT' set to '1'
'IDE_DESIGNERVIEW_REV0' set to 'Impl1'
'IDE_DESIGNERVIEW_REVNUM0' set to '1'
'IDE_DESIGNERVIEW_ROOTDIR' set to
'C:\Users\Sam\Dropbox\Lab11\SensEye-2\software\smartfusion\designer'
'IDE_DESIGNERVIEW_LASTREV' set to '1'
***** Layout Variables *********************************************

Mode: TIMING_DRIVEN
Power-driven Layout: OFF
Incremental Placement: OFF
Incremental Route: OFF


Info: I/O Bank Assigner detected (1) out of (6) I/O Bank(s) with locked I/O technologies.

Running I/O Bank Assigner.

I/O Bank Assigner completed successfully.
 

Planning global net placement...


Global net placement completed successfully.

                        o - o - o - o - o - o

Timing-driven Placer Started: Wed Mar 09 15:12:52 2016

Placer Finished: Wed Mar 09 15:14:14 2016
Total Placer CPU Time:     00:01:22

                        o - o - o - o - o - o


Timing-driven Router 
Design: TOPLEVEL                        Started: Wed Mar 09 15:14:22 2016

 

Timing-driven Router completed successfully.

Design: TOPLEVEL                        
Finished: Wed Mar 09 15:15:01 2016
Total CPU Time:     00:00:38            Total Elapsed Time: 00:00:39
Total Memory Usage: 342.5 Mbytes
                        o - o - o - o - o - o

Loading the Timing data for the design.
Finished loading the Timing data.
TIMER: Max delay timing requirements have been met.
TIMER: Min delay timing requirements have been met.

The Layout command succeeded ( 00:02:21 )
Wrote status report to file: TOPLEVEL_place_and_route_report.txt

The Report command succeeded ( 00:00:00 )
Wrote globalnet report to file: TOPLEVEL_globalnet_report.txt

The Report command succeeded ( 00:00:00 )
Wrote globalusage report to file: TOPLEVEL_globalusage_report.txt

The Report command succeeded ( 00:00:01 )
Wrote iobank report to file: TOPLEVEL_iobank_report.txt

The Report command succeeded ( 00:00:00 )
Wrote pin report to file: TOPLEVEL_report_pin_byname.txt

The Report command succeeded ( 00:00:02 )
Wrote pin report to file: TOPLEVEL_report_pin_bynumber.txt

The Report command succeeded ( 00:00:00 )
Design saved to file
C:\Users\Sam\Dropbox\Lab11\SensEye-2\software\smartfusion\designer\impl1\TOPLEVEL.adb.

The Execute Script command succeeded ( 00:02:29 )
Design closed.

