Microsemi Libero Software
Version: 11.6.0.34
Release: v11.6

Info: The design TOPLEVEL.adb was last modified by software version 11.6.0.34.
Opened an existing Libero design TOPLEVEL.adb.
'BA_NAME' set to 'TOPLEVEL_ba'
'IDE_DESIGNERVIEW_NAME' set to 'Impl1'
'IDE_DESIGNERVIEW_COUNT' set to '1'
'IDE_DESIGNERVIEW_REV0' set to 'Impl1'
'IDE_DESIGNERVIEW_REVNUM0' set to '1'
'IDE_DESIGNERVIEW_ROOTDIR' set to
'C:\Users\Sam\Dropbox\Lab11\SensEye-2\software\smartfusion\designer'
'IDE_DESIGNERVIEW_LASTREV' set to '1'
While analyzing gated clock network, ambiguities have been found on gates
imager_0/stonyman0/reg_value_3__RNIF56N[7]:Y, imager_0/stonyman0/reg_value_5__RNIBLDM[7]:Y,
imager_0/stonyman0/ptr_value_RNIUSVJ1[1]:Y, imager_0/stonyman0/reg_value_2__RNIDTPE[7]:Y,
imager_0/stonyman0/reg_value_4__RNI9D1U[7]:Y, imager_0/stonyman0/ptr_value_RNIQC7J1[1]:Y,
imager_0/stonyman0/ptr_value_RNIRAJD3[0]:Y, imager_0/stonyman0/reg_value_3__RNID36N[6]:Y,
imager_0/stonyman0/reg_value_5__RNI9JDM_0[6]:Y, imager_0/stonyman0/ptr_value_RNIQOVJ1[1]:Y,
imager_0/stonyman0/reg_value_2__RNIBRPE[6]:Y, imager_0/stonyman0/reg_value_4__RNI7B1U[6]:Y,
imager_0/stonyman0/ptr_value_RNIM87J1[1]:Y, imager_0/stonyman0/ptr_value_RNIJ2JD3[0]:Y,
imager_0/stonyman0/reg_value_3__RNIB16N[5]:Y, imager_0/stonyman0/reg_value_5__RNI7HDM_0[5]:Y,
imager_0/stonyman0/ptr_value_RNIMKVJ1[1]:Y, imager_0/stonyman0/reg_value_2__RNI9PPE[5]:Y,
imager_0/stonyman0/reg_value_4__RNI591U[5]:Y, imager_0/stonyman0/ptr_value_RNII47J1[1]:Y,
imager_0/stonyman0/ptr_value_RNIBQID3[0]:Y, imager_0/stonyman0/reg_value_3__RNI9V5N[4]:Y,
imager_0/stonyman0/reg_value_5__RNI5FDM[4]:Y, imager_0/stonyman0/ptr_value_RNIIGVJ1[1]:Y,
imager_0/stonyman0/reg_value_2__RNI7NPE[4]:Y, imager_0/stonyman0/reg_value_4__RNI371U_0[4]:Y,
imager_0/stonyman0/ptr_value_RNIE07J1[1]:Y, imager_0/stonyman0/ptr_value_RNI3IID3[0]:Y,
imager_0/stonyman0/reg_value_3__RNI7T5N[3]:Y, imager_0/stonyman0/reg_value_5__RNI3DDM[3]:Y,
imager_0/stonyman0/ptr_value_RNIECVJ1[1]:Y, imager_0/stonyman0/reg_value_2__RNI5LPE[3]:Y,
imager_0/stonyman0/reg_value_4__RNI151U_0[3]:Y, imager_0/stonyman0/ptr_value_RNIAS6J1[1]:Y,
imager_0/stonyman0/ptr_value_RNIR9ID3[0]:Y, imager_0/stonyman0/reg_value_3__RNI5R5N[2]:Y,
imager_0/stonyman0/reg_value_5__RNI1BDM[2]:Y, imager_0/stonyman0/ptr_value_RNIA8VJ1[1]:Y,
imager_0/stonyman0/reg_value_2__RNI3JPE[2]:Y, imager_0/stonyman0/reg_value_4__RNIV21U[2]:Y,
imager_0/stonyman0/ptr_value_RNI6O6J1[1]:Y, imager_0/stonyman0/ptr_value_RNIJ1ID3[0]:Y,
imager_0/stonyman0/reg_value_3__RNI3P5N[1]:Y, imager_0/stonyman0/reg_value_5__RNIV8DM[1]:Y,
imager_0/stonyman0/ptr_value_RNI64VJ1[1]:Y, imager_0/stonyman0/reg_value_2__RNI1HPE[1]:Y,
imager_0/stonyman0/reg_value_4__RNIT01U[1]:Y, imager_0/stonyman0/ptr_value_RNI2K6J1[1]:Y,
imager_0/stonyman0/ptr_value_RNIBPHD3[0]:Y, imager_0/stonyman0/reg_value_3__RNI1N5N[0]:Y,
imager_0/stonyman0/reg_value_5__RNIT6DM[0]:Y, imager_0/stonyman0/ptr_value_RNI20VJ1[1]:Y,
imager_0/stonyman0/reg_value_2__RNIVEPE[0]:Y, imager_0/stonyman0/reg_value_4__RNIRU0U[0]:Y,
imager_0/stonyman0/ptr_value_RNIUF6J1[1]:Y, imager_0/stonyman0/ptr_value_RNI3HHD3[0]:Y,
imager_0/stonyman0/GOTO_VAL_1.pulse_pin_state_nxt312_0_I_2:Y,
imager_0/stonyman0/GOTO_VAL_1.pulse_pin_state_nxt312_0_I_3:Y,
imager_0/stonyman0/mask_pixel_col_RNIG31S3[2]:Y,
imager_0/stonyman0/mask_pixel_col_RNIR23O7[5]:Y,
imager_0/stonyman0/mask_pixel_col_RNIUG0S3[0]:Y,
imager_0/stonyman0/mask_pixel_col_RNIK82S3[6]:Y,
imager_0/stonyman0/mask_pixel_col_RNIDL3O7[3]:Y,
imager_0/stonyman0/mask_pixel_col_RNI2M1S3[4]:Y,
imager_0/stonyman0/mask_pixel_col_RNI7Q0S3[1]:Y,
imager_0/stonyman0/GOTO_VAL_1.pulse_pin_state_nxt311_0_I_2:Y,
imager_0/stonyman0/GOTO_VAL_1.pulse_pin_state_nxt311_0_I_3:Y,
imager_0/stonyman0/un44_reg_value_nxt_I_12:Y, imager_0/stonyman0/reg_value_7__RNIFKNVH[4]:Y,
imager_0/stonyman0/reg_value_7__RNIHRG0C5[4]:Y, imager_0/stonyman0/reg_value_7__RNIBMFFA7[4]:Y,
imager_0/stonyman0/reg_value_3__RNIB4VUH[4]:Y, imager_0/stonyman0/reg_value_3__RNI9RVUB5[4]:Y,
imager_0/stonyman0/reg_value_3__RNIV56DA7[4]:Y, imager_0/stonyman0/ptr_value_RNIFV13LE[2]:Y,
imager_0/stonyman0/reg_value_5__RNIDCBNH[4]:Y, imager_0/stonyman0/reg_value_5__RNIDBOFB5[4]:Y,
imager_0/stonyman0/reg_value_5__RNI5UAM97[4]:Y, imager_0/stonyman0/reg_value_1__RNIJEL7H1[4]:Y,
imager_0/stonyman0/reg_value_1__RNIRABAF3[4]:Y, imager_0/stonyman0/ptr_value_RNI0G4T2I[2]:Y,
imager_0/stonyman0/ptr_value_RNIJHI6O01[1]:Y, imager_0/stonyman0/reg_value_6__RNIEGHRH[4]:Y,
imager_0/stonyman0/reg_value_6__RNIFJ4OB5[4]:Y, imager_0/stonyman0/reg_value_6__RNI8AT2A7[4]:Y,
imager_0/stonyman0/reg_value_2__RNIA0PQH[4]:Y, imager_0/stonyman0/reg_value_2__RNI7JJMB5[4]:Y,
imager_0/stonyman0/reg_value_2__RNISPJ0A7[4]:Y, imager_0/stonyman0/ptr_value_RNI97T9KE[2]:Y,
imager_0/stonyman0/reg_value_4__RNI371U[4]:Y, imager_0/stonyman0/ptr_value_RNI9J8TOQ[1]:Y,
imager_0/stonyman0/ptr_value_RNIV57AHR1[0]:Y, imager_0/stonyman0/mask_pixel_col_RNIU9MOHR1[4]:Y,
imager_0/stonyman0/un44_reg_value_nxt_I_14:Y, imager_0/stonyman0/reg_value_7__RNIRFADL[5]:Y,
imager_0/stonyman0/reg_value_7__RNIUN3EF5[5]:Y, imager_0/stonyman0/reg_value_7__RNIPJ2TD7[5]:Y,
imager_0/stonyman0/reg_value_3__RNINVHCL[5]:Y, imager_0/stonyman0/reg_value_3__RNIMNICF5[5]:Y,
imager_0/stonyman0/reg_value_3__RNID3PQD7[5]:Y, imager_0/stonyman0/ptr_value_RNIBQ7URE[2]:Y,
imager_0/stonyman0/reg_value_5__RNI7HDM[5]:Y, imager_0/stonyman0/ptr_value_RNI2VA83R[1]:Y,
imager_0/stonyman0/reg_value_6__RNIQB49L[5]:Y, imager_0/stonyman0/reg_value_6__RNISFN5F5[5]:Y,
imager_0/stonyman0/reg_value_6__RNIM7GGD7[5]:Y, imager_0/stonyman0/reg_value_2__RNIMRB8L[5]:Y,
imager_0/stonyman0/reg_value_2__RNIKF64F5[5]:Y, imager_0/stonyman0/reg_value_2__RNIAN6ED7[5]:Y,
imager_0/stonyman0/ptr_value_RNI5235RE[2]:Y, imager_0/stonyman0/reg_value_4__RNIO3OGL[5]:Y,
imager_0/stonyman0/reg_value_4__RNIOVUKF5[5]:Y, imager_0/stonyman0/reg_value_4__RNIGFB7E7[5]:Y,
imager_0/stonyman0/reg_value_0__RNIU52HK1[5]:Y, imager_0/stonyman0/reg_value_0__RNI6VHFI3[5]:Y,
imager_0/stonyman0/ptr_value_RNI1AIODI[2]:Y, imager_0/stonyman0/ptr_value_RNIAE14911[1]:Y,
imager_0/stonyman0/ptr_value_RNIFEOICS1[0]:Y, imager_0/stonyman0/mask_pixel_col_RNIDTTPUN3[5]:Y,
imager_0/stonyman0/un44_reg_value_nxt_I_20:Y, imager_0/stonyman0/reg_value_7__RNIBVG8S[7]:Y,
imager_0/stonyman0/reg_value_7__RNIG9A9M5[7]:Y, imager_0/stonyman0/reg_value_7__RNID79OK7[7]:Y,
imager_0/stonyman0/reg_value_3__RNI7FO7S[7]:Y, imager_0/stonyman0/reg_value_3__RNI89P7M5[7]:Y,
imager_0/stonyman0/reg_value_3__RNI1NVLK7[7]:Y, imager_0/stonyman0/ptr_value_RNIJ1LK9F[2]:Y,
imager_0/stonyman0/reg_value_5__RNI9N40S[7]:Y, imager_0/stonyman0/reg_value_5__RNICPHOL5[7]:Y,
imager_0/stonyman0/reg_value_5__RNI7F4VJ7[7]:Y, imager_0/stonyman0/reg_value_1__RNI57CFS[7]:Y,
imager_0/stonyman0/reg_value_1__RNI4P0NM5[7]:Y, imager_0/stonyman0/reg_value_1__RNIRUQCL7[7]:Y,
imager_0/stonyman0/ptr_value_RNI7HBI9F[2]:Y, imager_0/stonyman0/ptr_value_RNIUKCDJU[1]:Y,
imager_0/stonyman0/reg_value_6__RNIARA4S[7]:Y, imager_0/stonyman0/reg_value_6__RNIE1U0M5[7]:Y,
imager_0/stonyman0/reg_value_6__RNIARMBK7[7]:Y, imager_0/stonyman0/reg_value_2__RNI6BI3S[7]:Y,
imager_0/stonyman0/reg_value_2__RNI61DVL5[7]:Y, imager_0/stonyman0/reg_value_2__RNIUAD9K7[7]:Y,
imager_0/stonyman0/ptr_value_RNID9GR8F[2]:Y, imager_0/stonyman0/reg_value_4__RNI8JUBS[7]:Y,
imager_0/stonyman0/reg_value_4__RNIAH5GM5[7]:Y, imager_0/stonyman0/reg_value_4__RNI43I2L7[7]:Y,
imager_0/stonyman0/reg_value_0__RNI436BS[7]:Y, imager_0/stonyman0/reg_value_0__RNI4GKMS[7]:Y,
imager_0/stonyman0/reg_value_0__RNIO3UIM4[7]:Y, imager_0/stonyman0/reg_value_0__RNIEKH8R1[7]:Y,
imager_0/stonyman0/reg_value_0__RNIKQ6JD8[7]:Y, imager_0/stonyman0/reg_value_0__RNIASQ4CA[7]:Y,
imager_0/stonyman0/ptr_value_RNIJ2PD1I[2]:Y, imager_0/stonyman0/ptr_value_RNI4ELFA11[1]:Y,
imager_0/stonyman0/ptr_value_RNI54E3UV1[0]:Y, imager_0/stonyman0/un44_reg_value_nxt_I_17:Y,
imager_0/stonyman0/reg_value_7__RNIFJTQO[6]:Y, imager_0/stonyman0/reg_value_7__RNIJSMRI5[6]:Y,
imager_0/stonyman0/reg_value_7__RNIFPLAH7[6]:Y, imager_0/stonyman0/reg_value_3__RNIB35QO[6]:Y,
imager_0/stonyman0/reg_value_3__RNIBS5QI5[6]:Y, imager_0/stonyman0/reg_value_3__RNI39C8H7[6]:Y,
imager_0/stonyman0/ptr_value_RNIN5EP2F[2]:Y, imager_0/stonyman0/reg_value_5__RNI9JDM[6]:Y,
imager_0/stonyman0/ptr_value_RNI7J4HDR[1]:Y, imager_0/stonyman0/reg_value_6__RNIEFNMO[6]:Y,
imager_0/stonyman0/reg_value_6__RNIHKAJI5[6]:Y, imager_0/stonyman0/reg_value_6__RNICD3UG7[6]:Y,
imager_0/stonyman0/reg_value_2__RNIAVULO[6]:Y, imager_0/stonyman0/reg_value_2__RNI9KPHI5[6]:Y,
imager_0/stonyman0/reg_value_2__RNI0TPRG7[6]:Y, imager_0/stonyman0/ptr_value_RNIHD902F[2]:Y,
imager_0/stonyman0/reg_value_4__RNIC7BUO[6]:Y, imager_0/stonyman0/reg_value_4__RNID4I2J5[6]:Y,
imager_0/stonyman0/reg_value_4__RNI6LUKH7[6]:Y, imager_0/stonyman0/reg_value_0__RNII9LUN1[6]:Y,
imager_0/stonyman0/reg_value_0__RNIR35TL3[6]:Y, imager_0/stonyman0/ptr_value_RNI1PB1OI[2]:Y,
imager_0/stonyman0/ptr_value_RNIM818Q11[1]:Y, imager_0/stonyman0/ptr_value_RNI0THV7T1[0]:Y,
imager_0/stonyman0/mask_pixel_col_RNI131E8T1[6]:Y, imager_0/stonyman0/un44_reg_value_nxt_I_5:Y,
imager_0/stonyman0/reg_value_7__RNIRJ0N7[1]:Y, imager_0/stonyman0/reg_value_7__RNIQNPN15[1]:Y,
imager_0/stonyman0/reg_value_7__RNIHFO607[1]:Y, imager_0/stonyman0/reg_value_3__RNIN38M7[1]:Y,
imager_0/stonyman0/reg_value_3__RNIIN8M15[1]:Y, imager_0/stonyman0/reg_value_3__RNI5VE407[1]:Y,
imager_0/stonyman0/ptr_value_RNIRHJH0E[2]:Y, imager_0/stonyman0/reg_value_5__RNIPBKE7[1]:Y,
imager_0/stonyman0/reg_value_5__RNIM71715[1]:Y, imager_0/stonyman0/reg_value_5__RNIBNJDV6[1]:Y,
imager_0/stonyman0/reg_value_1__RNIVDUU61[1]:Y, imager_0/stonyman0/reg_value_1__RNI47K153[1]:Y,
imager_0/stonyman0/ptr_value_RNIO1V24H[2]:Y, imager_0/stonyman0/ptr_value_RNINLUQ4V[1]:Y,
imager_0/stonyman0/reg_value_6__RNIQFQI7[1]:Y, imager_0/stonyman0/reg_value_6__RNIOFDF15[1]:Y,
imager_0/stonyman0/reg_value_6__RNIE36QV6[1]:Y, imager_0/stonyman0/reg_value_2__RNIMV1I7[1]:Y,
imager_0/stonyman0/reg_value_2__RNIGFSD15[1]:Y, imager_0/stonyman0/reg_value_2__RNI2JSNV6[1]:Y,
imager_0/stonyman0/ptr_value_RNILPEOVD[2]:Y, imager_0/stonyman0/reg_value_4__RNIO7EQ7[1]:Y,
imager_0/stonyman0/reg_value_4__RNIKVKU15[1]:Y, imager_0/stonyman0/reg_value_4__RNI8B1H07[1]:Y,
imager_0/stonyman0/reg_value_0__RNIKNLP7[1]:Y, imager_0/stonyman0/reg_value_0__RNIEU358[1]:Y,
imager_0/stonyman0/reg_value_0__RNI8OD124[1]:Y, imager_0/stonyman0/reg_value_0__RNIO21N61[1]:Y,
imager_0/stonyman0/reg_value_0__RNIOBLUF6[1]:Y, imager_0/stonyman0/reg_value_0__RNI879GE8[1]:Y,
imager_0/stonyman0/ptr_value_RNILLM7FF[2]:Y, imager_0/stonyman0/ptr_value_RNIEHH6FT[1]:Y,
imager_0/stonyman0/ptr_value_RNI88S7KS1[0]:Y, imager_0/stonyman0/mask_pixel_col_RNI49BMKS1[1]:Y,
imager_0/stonyman0/reg_value_7__RNIFPE94[0]:Y, imager_0/stonyman0/reg_value_7__RNIDS7AU4[0]:Y,
imager_0/stonyman0/reg_value_7__RNI3J6PS6[0]:Y, imager_0/stonyman0/reg_value_3__RNIB9M84[0]:Y,
imager_0/stonyman0/reg_value_3__RNI5SM8U4[0]:Y, imager_0/stonyman0/reg_value_3__RNIN2TMS6[0]:Y,
imager_0/stonyman0/ptr_value_RNIVOFMPD[2]:Y, imager_0/stonyman0/reg_value_5__RNIDH214[0]:Y,
imager_0/stonyman0/reg_value_5__RNI9CFPT4[0]:Y, imager_0/stonyman0/reg_value_5__RNITQ10S6[0]:Y,
imager_0/stonyman0/reg_value_1__RNI91AG4[0]:Y, imager_0/stonyman0/reg_value_1__RNI3P3F5[0]:Y,
imager_0/stonyman0/reg_value_1__RNIT12OU3[0]:Y, imager_0/stonyman0/reg_value_1__RNIDFRH31[0]:Y,
imager_0/stonyman0/reg_value_1__RNINEUA66[0]:Y, imager_0/stonyman0/reg_value_1__RNI7DO058[0]:Y,
imager_0/stonyman0/ptr_value_RNI9B671F[2]:Y, imager_0/stonyman0/ptr_value_RNIC624RS[1]:Y,
imager_0/stonyman0/reg_value_6__RNIEL854[0]:Y, imager_0/stonyman0/reg_value_6__RNIBKR1U4[0]:Y,
imager_0/stonyman0/reg_value_6__RNI07KCS6[0]:Y, imager_0/stonyman0/reg_value_2__RNIA5G44[0]:Y,
imager_0/stonyman0/reg_value_2__RNI3KA0U4[0]:Y, imager_0/stonyman0/reg_value_2__RNIKMAAS6[0]:Y,
imager_0/stonyman0/ptr_value_RNIP0BTOD[2]:Y, imager_0/stonyman0/reg_value_4__RNICDSC4[0]:Y,
imager_0/stonyman0/reg_value_4__RNI743HU4[0]:Y, imager_0/stonyman0/reg_value_4__RNIQEF3T6[0]:Y,
imager_0/stonyman0/reg_value_0__RNI8T3C4[0]:Y, imager_0/stonyman0/reg_value_0__RNI13IN4[0]:Y,
imager_0/stonyman0/reg_value_0__RNISTRJU3[0]:Y, imager_0/stonyman0/reg_value_0__RNIB7F931[0]:Y,
imager_0/stonyman0/reg_value_0__RNIIQVL56[0]:Y, imager_0/stonyman0/reg_value_0__RNI1LJ748[0]:Y,
imager_0/stonyman0/ptr_value_RNI07FH1F[2]:Y, imager_0/stonyman0/ptr_value_RNIT96LQS[1]:Y,
imager_0/stonyman0/ptr_value_RNICHKVLP1[0]:Y, imager_0/stonyman0/mask_pixel_col_RNIBQE4BM3[0]:Y,
imager_0/stonyman0/un44_reg_value_nxt_I_9:Y, imager_0/stonyman0/reg_value_7__RNIB15IE[3]:Y,
imager_0/stonyman0/reg_value_7__RNIC7UI85[3]:Y, imager_0/stonyman0/reg_value_7__RNI51T177[3]:Y,
imager_0/stonyman0/reg_value_3__RNI7HCHE[3]:Y, imager_0/stonyman0/reg_value_3__RNI47DH85[3]:Y,
imager_0/stonyman0/reg_value_3__RNIPGJV67[3]:Y, imager_0/stonyman0/ptr_value_RNI3LS7EE[2]:Y,
imager_0/stonyman0/reg_value_5__RNI9PO9E[3]:Y, imager_0/stonyman0/reg_value_5__RNI8N5285[3]:Y,
imager_0/stonyman0/reg_value_5__RNIV8O867[3]:Y, imager_0/stonyman0/reg_value_1__RNIFR2QD1[3]:Y,
imager_0/stonyman0/reg_value_1__RNIMMOSB3[3]:Y, imager_0/stonyman0/ptr_value_RNIGICKOH[2]:Y,
imager_0/stonyman0/ptr_value_RNIN9L2701[1]:Y, imager_0/stonyman0/reg_value_6__RNIATUDE[3]:Y,
imager_0/stonyman0/reg_value_6__RNIAVHA85[3]:Y, imager_0/stonyman0/reg_value_6__RNI2LAL67[3]:Y,
imager_0/stonyman0/reg_value_2__RNI6D6DE[3]:Y, imager_0/stonyman0/reg_value_2__RNI2V0985[3]:Y,
imager_0/stonyman0/reg_value_2__RNIM41J67[3]:Y, imager_0/stonyman0/ptr_value_RNITSNEDE[2]:Y,
imager_0/stonyman0/reg_value_4__RNI151U[3]:Y, imager_0/stonyman0/ptr_value_RNIKGGKEQ[1]:Y,
imager_0/stonyman0/ptr_value_RNIERHTLQ1[0]:Y, imager_0/stonyman0/mask_pixel_col_RNICU0CMQ1[3]:Y,
imager_0/stonyman0/un44_reg_value_nxt_I_7:Y, imager_0/stonyman0/reg_value_7__RNIFMI4B[2]:Y,
imager_0/stonyman0/reg_value_7__RNIFRB555[2]:Y, imager_0/stonyman0/reg_value_7__RNI7KAK37[2]:Y,
imager_0/stonyman0/reg_value_3__RNIB6Q3B[2]:Y, imager_0/stonyman0/reg_value_3__RNI7RQ355[2]:Y,
imager_0/stonyman0/reg_value_3__RNIR31I37[2]:Y, imager_0/stonyman0/ptr_value_RNI7RNC7E[2]:Y,
imager_0/stonyman0/reg_value_5__RNIDE6SA[2]:Y, imager_0/stonyman0/reg_value_5__RNIBBJK45[2]:Y,
imager_0/stonyman0/reg_value_5__RNI1S5R27[2]:Y, imager_0/stonyman0/reg_value_1__RNI9UDBB[2]:Y,
imager_0/stonyman0/reg_value_1__RNI5O7AC[2]:Y, imager_0/stonyman0/reg_value_1__RNITU5J54[2]:Y,
imager_0/stonyman0/reg_value_1__RNIFEVCA1[2]:Y, imager_0/stonyman0/reg_value_1__RNIR9ASQ6[2]:Y,
imager_0/stonyman0/reg_value_1__RNIDA4IP8[2]:Y, imager_0/stonyman0/ptr_value_RNIJ9MJSF[2]:Y,
imager_0/stonyman0/ptr_value_RNIU6Q64U[1]:Y, imager_0/stonyman0/reg_value_6__RNIEIC0B[2]:Y,
imager_0/stonyman0/reg_value_6__RNIDJVS45[2]:Y, imager_0/stonyman0/reg_value_6__RNI48O737[2]:Y,
imager_0/stonyman0/reg_value_2__RNIA2KVA[2]:Y, imager_0/stonyman0/reg_value_2__RNI5JER45[2]:Y,
imager_0/stonyman0/reg_value_2__RNIONE537[2]:Y, imager_0/stonyman0/ptr_value_RNI13JJ6E[2]:Y,
imager_0/stonyman0/reg_value_4__RNICA08B[2]:Y, imager_0/stonyman0/reg_value_4__RNI937C55[2]:Y,
imager_0/stonyman0/reg_value_4__RNIUFJU37[2]:Y, imager_0/stonyman0/reg_value_0__RNI8Q77B[2]:Y,
imager_0/stonyman0/reg_value_0__RNI32MIB[2]:Y, imager_0/stonyman0/reg_value_0__RNISQVE54[2]:Y,
imager_0/stonyman0/reg_value_0__RNID6J4A1[2]:Y, imager_0/stonyman0/reg_value_0__RNIMLB7Q6[2]:Y,
imager_0/stonyman0/reg_value_0__RNI7IVOO8[2]:Y, imager_0/stonyman0/ptr_value_RNIA5VTSF[2]:Y,
imager_0/stonyman0/ptr_value_RNIFAUN3U[1]:Y, imager_0/stonyman0/ptr_value_RNIGI458S1[0]:Y,
imager_0/stonyman0/mask_pixel_col_RNIDKJJ8S1[2]:Y,
imager_0/stonyman0/pulse_pin_state_RNICMR7O92[0]:Y.
The timing models of these gates have been simplified for Static Timing Analysis.
Wrote timing report to file: TOPLEVEL_maxdelay_timing_report.txt

The Report command succeeded ( 00:00:09 )
Wrote timing report to file: TOPLEVEL_mindelay_timing_report.txt

The Report command succeeded ( 00:00:02 )
Wrote timing_violations report to file: TOPLEVEL_maxdelay_timingviolations_report.txt

The Report command succeeded ( 00:00:00 )
Wrote timing_violations report to file: TOPLEVEL_mindelay_timingviolations_report.txt

The Report command succeeded ( 00:00:00 )
Design saved to file
C:\Users\Sam\Dropbox\Lab11\SensEye-2\software\smartfusion\designer\impl1\TOPLEVEL.adb.

The Execute Script command succeeded ( 00:00:14 )
Design closed.

