Microsemi Libero Software
Version: 11.6.0.34
Release: v11.6

Info: The design TOPLEVEL.adb was last modified by software version 11.6.0.34.
Opened an existing Libero design TOPLEVEL.adb.
'BA_NAME' set to 'TOPLEVEL_ba'
'IDE_DESIGNERVIEW_NAME' set to 'Impl1'
'IDE_DESIGNERVIEW_COUNT' set to '1'
'IDE_DESIGNERVIEW_REV0' set to 'Impl1'
'IDE_DESIGNERVIEW_REVNUM0' set to '1'
'IDE_DESIGNERVIEW_ROOTDIR' set to
'C:\Users\Sam\Dropbox\Lab11\SensEye-2\software\smartfusion\designer'
'IDE_DESIGNERVIEW_LASTREV' set to '1'
While analyzing gated clock network, ambiguities have been found on gates
imager_0/stonyman0/reg_value_3__RNIF56N[7]:Y, imager_0/stonyman0/reg_value_5__RNIBLDM[7]:Y,
imager_0/stonyman0/ptr_value_RNIUSVJ1[1]:Y, imager_0/stonyman0/reg_value_2__RNIDTPE[7]:Y,
imager_0/stonyman0/reg_value_4__RNI9D1U[7]:Y, imager_0/stonyman0/ptr_value_RNIQC7J1[1]:Y,
imager_0/stonyman0/ptr_value_RNIRAJD3[0]:Y, imager_0/stonyman0/reg_value_3__RNID36N[6]:Y,
imager_0/stonyman0/reg_value_5__RNI9JDM[6]:Y, imager_0/stonyman0/ptr_value_RNIQOVJ1[1]:Y,
imager_0/stonyman0/reg_value_2__RNIBRPE[6]:Y, imager_0/stonyman0/reg_value_4__RNI7B1U[6]:Y,
imager_0/stonyman0/ptr_value_RNIM87J1[1]:Y, imager_0/stonyman0/ptr_value_RNIJ2JD3[0]:Y,
imager_0/stonyman0/reg_value_3__RNIB16N[5]:Y, imager_0/stonyman0/reg_value_5__RNI7HDM[5]:Y,
imager_0/stonyman0/ptr_value_RNIMKVJ1[1]:Y, imager_0/stonyman0/reg_value_2__RNI9PPE[5]:Y,
imager_0/stonyman0/reg_value_4__RNI591U_0[5]:Y, imager_0/stonyman0/ptr_value_RNII47J1[1]:Y,
imager_0/stonyman0/ptr_value_RNIBQID3[0]:Y, imager_0/stonyman0/reg_value_3__RNI9V5N[4]:Y,
imager_0/stonyman0/reg_value_5__RNI5FDM[4]:Y, imager_0/stonyman0/ptr_value_RNIIGVJ1[1]:Y,
imager_0/stonyman0/reg_value_2__RNI7NPE[4]:Y, imager_0/stonyman0/reg_value_4__RNI371U_0[4]:Y,
imager_0/stonyman0/ptr_value_RNIE07J1[1]:Y, imager_0/stonyman0/ptr_value_RNI3IID3[0]:Y,
imager_0/stonyman0/reg_value_3__RNI7T5N[3]:Y, imager_0/stonyman0/reg_value_5__RNI3DDM[3]:Y,
imager_0/stonyman0/ptr_value_RNIECVJ1[1]:Y, imager_0/stonyman0/reg_value_2__RNI5LPE[3]:Y,
imager_0/stonyman0/reg_value_4__RNI151U[3]:Y, imager_0/stonyman0/ptr_value_RNIAS6J1[1]:Y,
imager_0/stonyman0/ptr_value_RNIR9ID3[0]:Y, imager_0/stonyman0/reg_value_3__RNI5R5N[2]:Y,
imager_0/stonyman0/reg_value_5__RNI1BDM[2]:Y, imager_0/stonyman0/ptr_value_RNIA8VJ1[1]:Y,
imager_0/stonyman0/reg_value_2__RNI3JPE[2]:Y, imager_0/stonyman0/reg_value_4__RNIV21U[2]:Y,
imager_0/stonyman0/ptr_value_RNI6O6J1[1]:Y, imager_0/stonyman0/ptr_value_RNIJ1ID3[0]:Y,
imager_0/stonyman0/reg_value_3__RNI3P5N[1]:Y, imager_0/stonyman0/reg_value_5__RNIV8DM[1]:Y,
imager_0/stonyman0/ptr_value_RNI64VJ1[1]:Y, imager_0/stonyman0/reg_value_2__RNI1HPE[1]:Y,
imager_0/stonyman0/reg_value_4__RNIT01U[1]:Y, imager_0/stonyman0/ptr_value_RNI2K6J1[1]:Y,
imager_0/stonyman0/ptr_value_RNIBPHD3[0]:Y, imager_0/stonyman0/reg_value_3__RNI1N5N[0]:Y,
imager_0/stonyman0/reg_value_5__RNIT6DM[0]:Y, imager_0/stonyman0/ptr_value_RNI20VJ1[1]:Y,
imager_0/stonyman0/reg_value_2__RNIVEPE[0]:Y, imager_0/stonyman0/reg_value_4__RNIRU0U[0]:Y,
imager_0/stonyman0/ptr_value_RNIUF6J1[1]:Y, imager_0/stonyman0/ptr_value_RNI3HHD3[0]:Y,
imager_0/stonyman0/GOTO_VAL_1.pulse_pin_state_nxt312_0_I_2:Y,
imager_0/stonyman0/GOTO_VAL_1.pulse_pin_state_nxt312_0_I_3:Y,
imager_0/stonyman0/GOTO_VAL_1.pulse_pin_state_nxt311_0_I_2:Y,
imager_0/stonyman0/GOTO_VAL_1.pulse_pin_state_nxt311_0_I_3:Y,
imager_0/stonyman0/mask_pixel_col_RNIPRJ97[0]:Y,
imager_0/stonyman0/mask_pixel_col_RNIBV1S3[5]:Y,
imager_0/stonyman0/mask_pixel_col_RNIG31S3[2]:Y,
imager_0/stonyman0/mask_pixel_col_RNI7Q0S3[1]:Y,
imager_0/stonyman0/mask_pixel_col_RNI9G2O7[4]:Y,
imager_0/stonyman0/mask_pixel_col_RNIK82S3[6]:Y,
imager_0/stonyman0/mask_pixel_col_RNIDL3O7[3]:Y, imager_0/stonyman0/un44_reg_value_nxt_I_20:Y,
imager_0/stonyman0/reg_value_7__RNIBVG8S[7]:Y, imager_0/stonyman0/reg_value_7__RNIG9A9M5[7]:Y,
imager_0/stonyman0/reg_value_7__RNID79OK7[7]:Y, imager_0/stonyman0/reg_value_3__RNI7FO7S[7]:Y,
imager_0/stonyman0/reg_value_3__RNI89P7M5[7]:Y, imager_0/stonyman0/reg_value_3__RNI1NVLK7[7]:Y,
imager_0/stonyman0/ptr_value_RNIJ1LK9F[2]:Y, imager_0/stonyman0/reg_value_5__RNI9N40S[7]:Y,
imager_0/stonyman0/reg_value_5__RNICPHOL5[7]:Y, imager_0/stonyman0/reg_value_5__RNI7F4VJ7[7]:Y,
imager_0/stonyman0/reg_value_1__RNI57CFS[7]:Y, imager_0/stonyman0/reg_value_1__RNI4P0NM5[7]:Y,
imager_0/stonyman0/reg_value_1__RNIRUQCL7[7]:Y, imager_0/stonyman0/ptr_value_RNI7HBI9F[2]:Y,
imager_0/stonyman0/ptr_value_RNIUKCDJU[1]:Y, imager_0/stonyman0/reg_value_6__RNIARA4S[7]:Y,
imager_0/stonyman0/reg_value_6__RNIE1U0M5[7]:Y, imager_0/stonyman0/reg_value_6__RNIARMBK7[7]:Y,
imager_0/stonyman0/reg_value_2__RNI6BI3S[7]:Y, imager_0/stonyman0/reg_value_2__RNI61DVL5[7]:Y,
imager_0/stonyman0/reg_value_2__RNIUAD9K7[7]:Y, imager_0/stonyman0/ptr_value_RNID9GR8F[2]:Y,
imager_0/stonyman0/reg_value_4__RNI8JUBS[7]:Y, imager_0/stonyman0/reg_value_4__RNIAH5GM5[7]:Y,
imager_0/stonyman0/reg_value_4__RNI43I2L7[7]:Y, imager_0/stonyman0/reg_value_0__RNI436BS[7]:Y,
imager_0/stonyman0/reg_value_0__RNI2HKEM5[7]:Y, imager_0/stonyman0/reg_value_0__RNIOI80L7[7]:Y,
imager_0/stonyman0/ptr_value_RNI1P69AF[2]:Y, imager_0/stonyman0/ptr_value_RNII43BJU[1]:Y,
imager_0/stonyman0/ptr_value_RNIJQRU6T1[0]:Y, imager_0/stonyman0/reg_value_7__RNIFPE94[0]:Y,
imager_0/stonyman0/reg_value_7__RNIDS7AU4[0]:Y, imager_0/stonyman0/reg_value_7__RNI3J6PS6[0]:Y,
imager_0/stonyman0/reg_value_3__RNIB9M84[0]:Y, imager_0/stonyman0/reg_value_3__RNI5SM8U4[0]:Y,
imager_0/stonyman0/reg_value_3__RNIN2TMS6[0]:Y, imager_0/stonyman0/ptr_value_RNIVOFMPD[2]:Y,
imager_0/stonyman0/reg_value_5__RNIDH214[0]:Y, imager_0/stonyman0/reg_value_5__RNI9CFPT4[0]:Y,
imager_0/stonyman0/reg_value_5__RNITQ10S6[0]:Y, imager_0/stonyman0/reg_value_1__RNI91AG4[0]:Y,
imager_0/stonyman0/reg_value_1__RNI1CUNU4[0]:Y, imager_0/stonyman0/reg_value_1__RNIHAODT6[0]:Y,
imager_0/stonyman0/ptr_value_RNIJ86KPD[2]:Y, imager_0/stonyman0/ptr_value_RNIM32HJR[1]:Y,
imager_0/stonyman0/reg_value_6__RNIEL854[0]:Y, imager_0/stonyman0/reg_value_6__RNIBKR1U4[0]:Y,
imager_0/stonyman0/reg_value_6__RNI07KCS6[0]:Y, imager_0/stonyman0/reg_value_2__RNIA5G44[0]:Y,
imager_0/stonyman0/reg_value_2__RNI3KA0U4[0]:Y, imager_0/stonyman0/reg_value_2__RNIKMAAS6[0]:Y,
imager_0/stonyman0/ptr_value_RNIP0BTOD[2]:Y, imager_0/stonyman0/reg_value_4__RNICDSC4[0]:Y,
imager_0/stonyman0/reg_value_4__RNI743HU4[0]:Y, imager_0/stonyman0/reg_value_4__RNIQEF3T6[0]:Y,
imager_0/stonyman0/reg_value_0__RNI8T3C4[0]:Y, imager_0/stonyman0/reg_value_0__RNIV3IFU4[0]:Y,
imager_0/stonyman0/reg_value_0__RNIEU51T6[0]:Y, imager_0/stonyman0/ptr_value_RNIDG1BQD[2]:Y,
imager_0/stonyman0/ptr_value_RNIAJOEJR[1]:Y, imager_0/stonyman0/ptr_value_RNI3O667N1[0]:Y,
imager_0/stonyman0/mask_pixel_col_RNIHIHJEK3[0]:Y, imager_0/stonyman0/un44_reg_value_nxt_I_7:Y,
imager_0/stonyman0/reg_value_7__RNIFMI4B[2]:Y, imager_0/stonyman0/reg_value_7__RNIFRB555[2]:Y,
imager_0/stonyman0/reg_value_7__RNI7KAK37[2]:Y, imager_0/stonyman0/reg_value_3__RNIB6Q3B[2]:Y,
imager_0/stonyman0/reg_value_3__RNI7RQ355[2]:Y, imager_0/stonyman0/reg_value_3__RNIR31I37[2]:Y,
imager_0/stonyman0/ptr_value_RNI7RNC7E[2]:Y, imager_0/stonyman0/reg_value_5__RNIDE6SA[2]:Y,
imager_0/stonyman0/reg_value_5__RNIBBJK45[2]:Y, imager_0/stonyman0/reg_value_5__RNI1S5R27[2]:Y,
imager_0/stonyman0/reg_value_1__RNI9UDBB[2]:Y, imager_0/stonyman0/reg_value_1__RNI3B2J55[2]:Y,
imager_0/stonyman0/reg_value_1__RNILBS847[2]:Y, imager_0/stonyman0/ptr_value_RNIRAEA7E[2]:Y,
imager_0/stonyman0/ptr_value_RNI68ITES[1]:Y, imager_0/stonyman0/reg_value_6__RNIEIC0B[2]:Y,
imager_0/stonyman0/reg_value_6__RNIDJVS45[2]:Y, imager_0/stonyman0/reg_value_6__RNI48O737[2]:Y,
imager_0/stonyman0/reg_value_2__RNIA2KVA[2]:Y, imager_0/stonyman0/reg_value_2__RNI5JER45[2]:Y,
imager_0/stonyman0/reg_value_2__RNIONE537[2]:Y, imager_0/stonyman0/ptr_value_RNI13JJ6E[2]:Y,
imager_0/stonyman0/reg_value_4__RNICA08B[2]:Y, imager_0/stonyman0/reg_value_4__RNI937C55[2]:Y,
imager_0/stonyman0/reg_value_4__RNIUFJU37[2]:Y, imager_0/stonyman0/reg_value_0__RNI8Q77B[2]:Y,
imager_0/stonyman0/reg_value_0__RNI13MA55[2]:Y, imager_0/stonyman0/reg_value_0__RNIIV9S37[2]:Y,
imager_0/stonyman0/ptr_value_RNILI918E[2]:Y, imager_0/stonyman0/ptr_value_RNIQN8RES[1]:Y,
imager_0/stonyman0/ptr_value_RNI317VTO1[0]:Y, imager_0/stonyman0/mask_pixel_col_RNI03MDUO1[2]:Y,
imager_0/stonyman0/un44_reg_value_nxt_I_5:Y, imager_0/stonyman0/reg_value_7__RNIRJ0N7[1]:Y,
imager_0/stonyman0/reg_value_7__RNIQNPN15[1]:Y, imager_0/stonyman0/reg_value_7__RNIHFO607[1]:Y,
imager_0/stonyman0/reg_value_3__RNIN38M7[1]:Y, imager_0/stonyman0/reg_value_3__RNIIN8M15[1]:Y,
imager_0/stonyman0/reg_value_3__RNI5VE407[1]:Y, imager_0/stonyman0/ptr_value_RNIRHJH0E[2]:Y,
imager_0/stonyman0/reg_value_5__RNIPBKE7[1]:Y, imager_0/stonyman0/reg_value_5__RNIM71715[1]:Y,
imager_0/stonyman0/reg_value_5__RNIBNJDV6[1]:Y, imager_0/stonyman0/reg_value_1__RNILRRT7[1]:Y,
imager_0/stonyman0/reg_value_1__RNIE7G525[1]:Y, imager_0/stonyman0/reg_value_1__RNIV6AR07[1]:Y,
imager_0/stonyman0/ptr_value_RNIF1AF0E[2]:Y, imager_0/stonyman0/ptr_value_RNIEL971S[1]:Y,
imager_0/stonyman0/reg_value_6__RNIQFQI7[1]:Y, imager_0/stonyman0/reg_value_6__RNIOFDF15[1]:Y,
imager_0/stonyman0/reg_value_6__RNIE36QV6[1]:Y, imager_0/stonyman0/reg_value_2__RNIMV1I7[1]:Y,
imager_0/stonyman0/reg_value_2__RNIGFSD15[1]:Y, imager_0/stonyman0/reg_value_2__RNI2JSNV6[1]:Y,
imager_0/stonyman0/ptr_value_RNILPEOVD[2]:Y, imager_0/stonyman0/reg_value_4__RNIO7EQ7[1]:Y,
imager_0/stonyman0/reg_value_4__RNIKVKU15[1]:Y, imager_0/stonyman0/reg_value_4__RNI8B1H07[1]:Y,
imager_0/stonyman0/reg_value_0__RNIKNLP7[1]:Y, imager_0/stonyman0/reg_value_0__RNICV3T15[1]:Y,
imager_0/stonyman0/reg_value_0__RNISQNE07[1]:Y, imager_0/stonyman0/ptr_value_RNI99561E[2]:Y,
imager_0/stonyman0/ptr_value_RNI25051S[1]:Y, imager_0/stonyman0/ptr_value_RNIJRLI2O1[0]:Y,
imager_0/stonyman0/mask_pixel_col_RNIFS413O1[1]:Y, imager_0/stonyman0/un44_reg_value_nxt_I_17:Y,
imager_0/stonyman0/reg_value_7__RNIFJTQO[6]:Y, imager_0/stonyman0/reg_value_7__RNIJSMRI5[6]:Y,
imager_0/stonyman0/reg_value_7__RNIFPLAH7[6]:Y, imager_0/stonyman0/reg_value_3__RNIB35QO[6]:Y,
imager_0/stonyman0/reg_value_3__RNIBS5QI5[6]:Y, imager_0/stonyman0/reg_value_3__RNI39C8H7[6]:Y,
imager_0/stonyman0/ptr_value_RNIN5EP2F[2]:Y, imager_0/stonyman0/reg_value_5__RNIDBHIO[6]:Y,
imager_0/stonyman0/reg_value_5__RNIFCUAI5[6]:Y, imager_0/stonyman0/reg_value_5__RNI91HHG7[6]:Y,
imager_0/stonyman0/reg_value_1__RNI9RO1P[6]:Y, imager_0/stonyman0/reg_value_1__RNI7CD9J5[6]:Y,
imager_0/stonyman0/reg_value_1__RNITG7VH7[6]:Y, imager_0/stonyman0/ptr_value_RNIBL4N2F[2]:Y,
imager_0/stonyman0/ptr_value_RNI6TUM5U[1]:Y, imager_0/stonyman0/reg_value_6__RNIEFNMO[6]:Y,
imager_0/stonyman0/reg_value_6__RNIHKAJI5[6]:Y, imager_0/stonyman0/reg_value_6__RNICD3UG7[6]:Y,
imager_0/stonyman0/reg_value_2__RNIAVULO[6]:Y, imager_0/stonyman0/reg_value_2__RNI9KPHI5[6]:Y,
imager_0/stonyman0/reg_value_2__RNI0TPRG7[6]:Y, imager_0/stonyman0/ptr_value_RNIHD902F[2]:Y,
imager_0/stonyman0/reg_value_4__RNIC7BUO[6]:Y, imager_0/stonyman0/reg_value_4__RNID4I2J5[6]:Y,
imager_0/stonyman0/reg_value_4__RNI6LUKH7[6]:Y, imager_0/stonyman0/reg_value_0__RNI8NITO[6]:Y,
imager_0/stonyman0/reg_value_0__RNI5411J5[6]:Y, imager_0/stonyman0/reg_value_0__RNIQ4LIH7[6]:Y,
imager_0/stonyman0/ptr_value_RNI5TVD3F[2]:Y, imager_0/stonyman0/ptr_value_RNIQCLK5U[1]:Y,
imager_0/stonyman0/ptr_value_RNI3B0IBS1[0]:Y, imager_0/stonyman0/mask_pixel_col_RNI4HF0CS1[6]:Y,
imager_0/stonyman0/un44_reg_value_nxt_I_14:Y, imager_0/stonyman0/reg_value_7__RNIRFADL[5]:Y,
imager_0/stonyman0/reg_value_7__RNIUN3EF5[5]:Y, imager_0/stonyman0/reg_value_7__RNIPJ2TD7[5]:Y,
imager_0/stonyman0/reg_value_3__RNINVHCL[5]:Y, imager_0/stonyman0/reg_value_3__RNIMNICF5[5]:Y,
imager_0/stonyman0/reg_value_3__RNID3PQD7[5]:Y, imager_0/stonyman0/ptr_value_RNIBQ7URE[2]:Y,
imager_0/stonyman0/reg_value_5__RNIP7U4L[5]:Y, imager_0/stonyman0/reg_value_5__RNIQ7BTE5[5]:Y,
imager_0/stonyman0/reg_value_5__RNIJRT3D7[5]:Y, imager_0/stonyman0/reg_value_1__RNILN5KL[5]:Y,
imager_0/stonyman0/reg_value_1__RNII7QRF5[5]:Y, imager_0/stonyman0/reg_value_1__RNI7BKHE7[5]:Y,
imager_0/stonyman0/ptr_value_RNIV9URRE[2]:Y, imager_0/stonyman0/ptr_value_RNIE6I0OT[1]:Y,
imager_0/stonyman0/reg_value_6__RNIQB49L[5]:Y, imager_0/stonyman0/reg_value_6__RNISFN5F5[5]:Y,
imager_0/stonyman0/reg_value_6__RNIM7GGD7[5]:Y, imager_0/stonyman0/reg_value_2__RNIMRB8L[5]:Y,
imager_0/stonyman0/reg_value_2__RNIKF64F5[5]:Y, imager_0/stonyman0/reg_value_2__RNIAN6ED7[5]:Y,
imager_0/stonyman0/ptr_value_RNI5235RE[2]:Y, imager_0/stonyman0/reg_value_4__RNI591U[5]:Y,
imager_0/stonyman0/ptr_value_RNIME163R[1]:Y, imager_0/stonyman0/ptr_value_RNI7MVCRO1[0]:Y,
imager_0/stonyman0/mask_pixel_col_RNIBCUR7L3[5]:Y, imager_0/stonyman0/un44_reg_value_nxt_I_9:Y,
imager_0/stonyman0/reg_value_7__RNIB15IE[3]:Y, imager_0/stonyman0/reg_value_7__RNIC7UI85[3]:Y,
imager_0/stonyman0/reg_value_7__RNI51T177[3]:Y, imager_0/stonyman0/reg_value_3__RNI7HCHE[3]:Y,
imager_0/stonyman0/reg_value_3__RNI47DH85[3]:Y, imager_0/stonyman0/reg_value_3__RNIPGJV67[3]:Y,
imager_0/stonyman0/ptr_value_RNI3LS7EE[2]:Y, imager_0/stonyman0/reg_value_5__RNI9PO9E[3]:Y,
imager_0/stonyman0/reg_value_5__RNI8N5285[3]:Y, imager_0/stonyman0/reg_value_5__RNIV8O867[3]:Y,
imager_0/stonyman0/reg_value_1__RNI590PE[3]:Y, imager_0/stonyman0/reg_value_1__RNI0NK095[3]:Y,
imager_0/stonyman0/reg_value_1__RNIJOEM77[3]:Y, imager_0/stonyman0/ptr_value_RNIN4J5EE[2]:Y,
imager_0/stonyman0/ptr_value_RNIURRJSS[1]:Y, imager_0/stonyman0/reg_value_6__RNIATUDE[3]:Y,
imager_0/stonyman0/reg_value_6__RNIAVHA85[3]:Y, imager_0/stonyman0/reg_value_6__RNI2LAL67[3]:Y,
imager_0/stonyman0/reg_value_2__RNI6D6DE[3]:Y, imager_0/stonyman0/reg_value_2__RNI2V0985[3]:Y,
imager_0/stonyman0/reg_value_2__RNIM41J67[3]:Y, imager_0/stonyman0/ptr_value_RNITSNEDE[2]:Y,
imager_0/stonyman0/reg_value_4__RNI8LILE[3]:Y, imager_0/stonyman0/reg_value_4__RNI6FPP85[3]:Y,
imager_0/stonyman0/reg_value_4__RNISS5C77[3]:Y, imager_0/stonyman0/reg_value_0__RNI45QKE[3]:Y,
imager_0/stonyman0/reg_value_0__RNIUE8O85[3]:Y, imager_0/stonyman0/reg_value_0__RNIGCS977[3]:Y,
imager_0/stonyman0/ptr_value_RNIHCESEE[2]:Y, imager_0/stonyman0/ptr_value_RNIIBIHSS[1]:Y,
imager_0/stonyman0/ptr_value_RNIJ8QBPP1[0]:Y, imager_0/stonyman0/mask_pixel_col_RNIHB9QPP1[3]:Y,
imager_0/stonyman0/un44_reg_value_nxt_I_12:Y, imager_0/stonyman0/reg_value_7__RNIFKNVH[4]:Y,
imager_0/stonyman0/reg_value_7__RNIHRG0C5[4]:Y, imager_0/stonyman0/reg_value_7__RNIBMFFA7[4]:Y,
imager_0/stonyman0/reg_value_3__RNIB4VUH[4]:Y, imager_0/stonyman0/reg_value_3__RNI9RVUB5[4]:Y,
imager_0/stonyman0/reg_value_3__RNIV56DA7[4]:Y, imager_0/stonyman0/ptr_value_RNIFV13LE[2]:Y,
imager_0/stonyman0/reg_value_5__RNIDCBNH[4]:Y, imager_0/stonyman0/reg_value_5__RNIDBOFB5[4]:Y,
imager_0/stonyman0/reg_value_5__RNI5UAM97[4]:Y, imager_0/stonyman0/reg_value_1__RNI9SI6I[4]:Y,
imager_0/stonyman0/reg_value_1__RNI5B7EC5[4]:Y, imager_0/stonyman0/reg_value_1__RNIPD14B7[4]:Y,
imager_0/stonyman0/ptr_value_RNI3FO0LE[2]:Y, imager_0/stonyman0/ptr_value_RNIMG6AAT[1]:Y,
imager_0/stonyman0/reg_value_6__RNIEGHRH[4]:Y, imager_0/stonyman0/reg_value_6__RNIFJ4OB5[4]:Y,
imager_0/stonyman0/reg_value_6__RNI8AT2A7[4]:Y, imager_0/stonyman0/reg_value_2__RNIA0PQH[4]:Y,
imager_0/stonyman0/reg_value_2__RNI7JJMB5[4]:Y, imager_0/stonyman0/reg_value_2__RNISPJ0A7[4]:Y,
imager_0/stonyman0/ptr_value_RNI97T9KE[2]:Y, imager_0/stonyman0/reg_value_4__RNI371U[4]:Y,
imager_0/stonyman0/ptr_value_RNI9J8TOQ[1]:Y, imager_0/stonyman0/ptr_value_RNI25RD3O1[0]:Y,
imager_0/stonyman0/mask_pixel_col_RNIIKJMTH3[4]:Y,
imager_0/stonyman0/pulse_pin_state_RNIOONI4U[0]:Y.
The timing models of these gates have been simplified for Static Timing Analysis.
***** Layout Variables *********************************************

Mode: TIMING_DRIVEN
Power-driven Layout: OFF
Incremental Placement: OFF
Incremental Route: OFF


Info: I/O Bank Assigner detected (1) out of (6) I/O Bank(s) with locked I/O technologies.

Running I/O Bank Assigner.

I/O Bank Assigner completed successfully.
 

Planning global net placement...


Global net placement completed successfully.

                        o - o - o - o - o - o

Timing-driven Placer Started: Wed Apr 13 14:15:30 2016

Placer Finished: Wed Apr 13 14:18:03 2016
Total Placer CPU Time:     00:02:33

                        o - o - o - o - o - o

While analyzing gated clock network, ambiguities have been found on gates
imager_0/stonyman0/reg_value_3__RNIF56N[7]:Y, imager_0/stonyman0/reg_value_5__RNIBLDM[7]:Y,
imager_0/stonyman0/ptr_value_RNIUSVJ1[1]:Y, imager_0/stonyman0/reg_value_2__RNIDTPE[7]:Y,
imager_0/stonyman0/reg_value_4__RNI9D1U[7]:Y, imager_0/stonyman0/ptr_value_RNIQC7J1[1]:Y,
imager_0/stonyman0/ptr_value_RNIRAJD3[0]:Y, imager_0/stonyman0/reg_value_3__RNID36N[6]:Y,
imager_0/stonyman0/reg_value_5__RNI9JDM[6]:Y, imager_0/stonyman0/ptr_value_RNIQOVJ1[1]:Y,
imager_0/stonyman0/reg_value_2__RNIBRPE[6]:Y, imager_0/stonyman0/reg_value_4__RNI7B1U[6]:Y,
imager_0/stonyman0/ptr_value_RNIM87J1[1]:Y, imager_0/stonyman0/ptr_value_RNIJ2JD3[0]:Y,
imager_0/stonyman0/reg_value_3__RNIB16N[5]:Y, imager_0/stonyman0/reg_value_5__RNI7HDM[5]:Y,
imager_0/stonyman0/ptr_value_RNIMKVJ1[1]:Y, imager_0/stonyman0/reg_value_2__RNI9PPE[5]:Y,
imager_0/stonyman0/reg_value_4__RNI591U_0[5]:Y, imager_0/stonyman0/ptr_value_RNII47J1[1]:Y,
imager_0/stonyman0/ptr_value_RNIBQID3[0]:Y, imager_0/stonyman0/reg_value_3__RNI9V5N[4]:Y,
imager_0/stonyman0/reg_value_5__RNI5FDM[4]:Y, imager_0/stonyman0/ptr_value_RNIIGVJ1[1]:Y,
imager_0/stonyman0/reg_value_2__RNI7NPE[4]:Y, imager_0/stonyman0/reg_value_4__RNI371U_0[4]:Y,
imager_0/stonyman0/ptr_value_RNIE07J1[1]:Y, imager_0/stonyman0/ptr_value_RNI3IID3[0]:Y,
imager_0/stonyman0/reg_value_3__RNI7T5N[3]:Y, imager_0/stonyman0/reg_value_5__RNI3DDM[3]:Y,
imager_0/stonyman0/ptr_value_RNIECVJ1[1]:Y, imager_0/stonyman0/reg_value_2__RNI5LPE[3]:Y,
imager_0/stonyman0/reg_value_4__RNI151U[3]:Y, imager_0/stonyman0/ptr_value_RNIAS6J1[1]:Y,
imager_0/stonyman0/ptr_value_RNIR9ID3[0]:Y, imager_0/stonyman0/reg_value_3__RNI5R5N[2]:Y,
imager_0/stonyman0/reg_value_5__RNI1BDM[2]:Y, imager_0/stonyman0/ptr_value_RNIA8VJ1[1]:Y,
imager_0/stonyman0/reg_value_2__RNI3JPE[2]:Y, imager_0/stonyman0/reg_value_4__RNIV21U[2]:Y,
imager_0/stonyman0/ptr_value_RNI6O6J1[1]:Y, imager_0/stonyman0/ptr_value_RNIJ1ID3[0]:Y,
imager_0/stonyman0/reg_value_3__RNI3P5N[1]:Y, imager_0/stonyman0/reg_value_5__RNIV8DM[1]:Y,
imager_0/stonyman0/ptr_value_RNI64VJ1[1]:Y, imager_0/stonyman0/reg_value_2__RNI1HPE[1]:Y,
imager_0/stonyman0/reg_value_4__RNIT01U[1]:Y, imager_0/stonyman0/ptr_value_RNI2K6J1[1]:Y,
imager_0/stonyman0/ptr_value_RNIBPHD3[0]:Y, imager_0/stonyman0/reg_value_3__RNI1N5N[0]:Y,
imager_0/stonyman0/reg_value_5__RNIT6DM[0]:Y, imager_0/stonyman0/ptr_value_RNI20VJ1[1]:Y,
imager_0/stonyman0/reg_value_2__RNIVEPE[0]:Y, imager_0/stonyman0/reg_value_4__RNIRU0U[0]:Y,
imager_0/stonyman0/ptr_value_RNIUF6J1[1]:Y, imager_0/stonyman0/ptr_value_RNI3HHD3[0]:Y,
imager_0/stonyman0/GOTO_VAL_1.pulse_pin_state_nxt312_0_I_2:Y,
imager_0/stonyman0/GOTO_VAL_1.pulse_pin_state_nxt312_0_I_3:Y,
imager_0/stonyman0/GOTO_VAL_1.pulse_pin_state_nxt311_0_I_2:Y,
imager_0/stonyman0/GOTO_VAL_1.pulse_pin_state_nxt311_0_I_3:Y,
imager_0/stonyman0/mask_pixel_col_RNIPRJ97[0]:Y,
imager_0/stonyman0/mask_pixel_col_RNIBV1S3[5]:Y,
imager_0/stonyman0/mask_pixel_col_RNIG31S3[2]:Y,
imager_0/stonyman0/mask_pixel_col_RNI7Q0S3[1]:Y,
imager_0/stonyman0/mask_pixel_col_RNI9G2O7[4]:Y,
imager_0/stonyman0/mask_pixel_col_RNIK82S3[6]:Y,
imager_0/stonyman0/mask_pixel_col_RNIDL3O7[3]:Y, imager_0/stonyman0/un44_reg_value_nxt_I_20:Y,
imager_0/stonyman0/reg_value_7__RNIBVG8S[7]:Y, imager_0/stonyman0/reg_value_7__RNIG9A9M5[7]:Y,
imager_0/stonyman0/reg_value_7__RNID79OK7[7]:Y, imager_0/stonyman0/reg_value_3__RNI7FO7S[7]:Y,
imager_0/stonyman0/reg_value_3__RNI89P7M5[7]:Y, imager_0/stonyman0/reg_value_3__RNI1NVLK7[7]:Y,
imager_0/stonyman0/ptr_value_RNIJ1LK9F[2]:Y, imager_0/stonyman0/reg_value_5__RNI9N40S[7]:Y,
imager_0/stonyman0/reg_value_5__RNICPHOL5[7]:Y, imager_0/stonyman0/reg_value_5__RNI7F4VJ7[7]:Y,
imager_0/stonyman0/reg_value_1__RNI57CFS[7]:Y, imager_0/stonyman0/reg_value_1__RNI4P0NM5[7]:Y,
imager_0/stonyman0/reg_value_1__RNIRUQCL7[7]:Y, imager_0/stonyman0/ptr_value_RNI7HBI9F[2]:Y,
imager_0/stonyman0/ptr_value_RNIUKCDJU[1]:Y, imager_0/stonyman0/reg_value_6__RNIARA4S[7]:Y,
imager_0/stonyman0/reg_value_6__RNIE1U0M5[7]:Y, imager_0/stonyman0/reg_value_6__RNIARMBK7[7]:Y,
imager_0/stonyman0/reg_value_2__RNI6BI3S[7]:Y, imager_0/stonyman0/reg_value_2__RNI61DVL5[7]:Y,
imager_0/stonyman0/reg_value_2__RNIUAD9K7[7]:Y, imager_0/stonyman0/ptr_value_RNID9GR8F[2]:Y,
imager_0/stonyman0/reg_value_4__RNI8JUBS[7]:Y, imager_0/stonyman0/reg_value_4__RNIAH5GM5[7]:Y,
imager_0/stonyman0/reg_value_4__RNI43I2L7[7]:Y, imager_0/stonyman0/reg_value_0__RNI436BS[7]:Y,
imager_0/stonyman0/reg_value_0__RNI2HKEM5[7]:Y, imager_0/stonyman0/reg_value_0__RNIOI80L7[7]:Y,
imager_0/stonyman0/ptr_value_RNI1P69AF[2]:Y, imager_0/stonyman0/ptr_value_RNII43BJU[1]:Y,
imager_0/stonyman0/ptr_value_RNIJQRU6T1[0]:Y, imager_0/stonyman0/reg_value_7__RNIFPE94[0]:Y,
imager_0/stonyman0/reg_value_7__RNIDS7AU4[0]:Y, imager_0/stonyman0/reg_value_7__RNI3J6PS6[0]:Y,
imager_0/stonyman0/reg_value_3__RNIB9M84[0]:Y, imager_0/stonyman0/reg_value_3__RNI5SM8U4[0]:Y,
imager_0/stonyman0/reg_value_3__RNIN2TMS6[0]:Y, imager_0/stonyman0/ptr_value_RNIVOFMPD[2]:Y,
imager_0/stonyman0/reg_value_5__RNIDH214[0]:Y, imager_0/stonyman0/reg_value_5__RNI9CFPT4[0]:Y,
imager_0/stonyman0/reg_value_5__RNITQ10S6[0]:Y, imager_0/stonyman0/reg_value_1__RNI91AG4[0]:Y,
imager_0/stonyman0/reg_value_1__RNI1CUNU4[0]:Y, imager_0/stonyman0/reg_value_1__RNIHAODT6[0]:Y,
imager_0/stonyman0/ptr_value_RNIJ86KPD[2]:Y, imager_0/stonyman0/ptr_value_RNIM32HJR[1]:Y,
imager_0/stonyman0/reg_value_6__RNIEL854[0]:Y, imager_0/stonyman0/reg_value_6__RNIBKR1U4[0]:Y,
imager_0/stonyman0/reg_value_6__RNI07KCS6[0]:Y, imager_0/stonyman0/reg_value_2__RNIA5G44[0]:Y,
imager_0/stonyman0/reg_value_2__RNI3KA0U4[0]:Y, imager_0/stonyman0/reg_value_2__RNIKMAAS6[0]:Y,
imager_0/stonyman0/ptr_value_RNIP0BTOD[2]:Y, imager_0/stonyman0/reg_value_4__RNICDSC4[0]:Y,
imager_0/stonyman0/reg_value_4__RNI743HU4[0]:Y, imager_0/stonyman0/reg_value_4__RNIQEF3T6[0]:Y,
imager_0/stonyman0/reg_value_0__RNI8T3C4[0]:Y, imager_0/stonyman0/reg_value_0__RNIV3IFU4[0]:Y,
imager_0/stonyman0/reg_value_0__RNIEU51T6[0]:Y, imager_0/stonyman0/ptr_value_RNIDG1BQD[2]:Y,
imager_0/stonyman0/ptr_value_RNIAJOEJR[1]:Y, imager_0/stonyman0/ptr_value_RNI3O667N1[0]:Y,
imager_0/stonyman0/mask_pixel_col_RNIHIHJEK3[0]:Y, imager_0/stonyman0/un44_reg_value_nxt_I_7:Y,
imager_0/stonyman0/reg_value_7__RNIFMI4B[2]:Y, imager_0/stonyman0/reg_value_7__RNIFRB555[2]:Y,
imager_0/stonyman0/reg_value_7__RNI7KAK37[2]:Y, imager_0/stonyman0/reg_value_3__RNIB6Q3B[2]:Y,
imager_0/stonyman0/reg_value_3__RNI7RQ355[2]:Y, imager_0/stonyman0/reg_value_3__RNIR31I37[2]:Y,
imager_0/stonyman0/ptr_value_RNI7RNC7E[2]:Y, imager_0/stonyman0/reg_value_5__RNIDE6SA[2]:Y,
imager_0/stonyman0/reg_value_5__RNIBBJK45[2]:Y, imager_0/stonyman0/reg_value_5__RNI1S5R27[2]:Y,
imager_0/stonyman0/reg_value_1__RNI9UDBB[2]:Y, imager_0/stonyman0/reg_value_1__RNI3B2J55[2]:Y,
imager_0/stonyman0/reg_value_1__RNILBS847[2]:Y, imager_0/stonyman0/ptr_value_RNIRAEA7E[2]:Y,
imager_0/stonyman0/ptr_value_RNI68ITES[1]:Y, imager_0/stonyman0/reg_value_6__RNIEIC0B[2]:Y,
imager_0/stonyman0/reg_value_6__RNIDJVS45[2]:Y, imager_0/stonyman0/reg_value_6__RNI48O737[2]:Y,
imager_0/stonyman0/reg_value_2__RNIA2KVA[2]:Y, imager_0/stonyman0/reg_value_2__RNI5JER45[2]:Y,
imager_0/stonyman0/reg_value_2__RNIONE537[2]:Y, imager_0/stonyman0/ptr_value_RNI13JJ6E[2]:Y,
imager_0/stonyman0/reg_value_4__RNICA08B[2]:Y, imager_0/stonyman0/reg_value_4__RNI937C55[2]:Y,
imager_0/stonyman0/reg_value_4__RNIUFJU37[2]:Y, imager_0/stonyman0/reg_value_0__RNI8Q77B[2]:Y,
imager_0/stonyman0/reg_value_0__RNI13MA55[2]:Y, imager_0/stonyman0/reg_value_0__RNIIV9S37[2]:Y,
imager_0/stonyman0/ptr_value_RNILI918E[2]:Y, imager_0/stonyman0/ptr_value_RNIQN8RES[1]:Y,
imager_0/stonyman0/ptr_value_RNI317VTO1[0]:Y, imager_0/stonyman0/mask_pixel_col_RNI03MDUO1[2]:Y,
imager_0/stonyman0/un44_reg_value_nxt_I_5:Y, imager_0/stonyman0/reg_value_7__RNIRJ0N7[1]:Y,
imager_0/stonyman0/reg_value_7__RNIQNPN15[1]:Y, imager_0/stonyman0/reg_value_7__RNIHFO607[1]:Y,
imager_0/stonyman0/reg_value_3__RNIN38M7[1]:Y, imager_0/stonyman0/reg_value_3__RNIIN8M15[1]:Y,
imager_0/stonyman0/reg_value_3__RNI5VE407[1]:Y, imager_0/stonyman0/ptr_value_RNIRHJH0E[2]:Y,
imager_0/stonyman0/reg_value_5__RNIPBKE7[1]:Y, imager_0/stonyman0/reg_value_5__RNIM71715[1]:Y,
imager_0/stonyman0/reg_value_5__RNIBNJDV6[1]:Y, imager_0/stonyman0/reg_value_1__RNILRRT7[1]:Y,
imager_0/stonyman0/reg_value_1__RNIE7G525[1]:Y, imager_0/stonyman0/reg_value_1__RNIV6AR07[1]:Y,
imager_0/stonyman0/ptr_value_RNIF1AF0E[2]:Y, imager_0/stonyman0/ptr_value_RNIEL971S[1]:Y,
imager_0/stonyman0/reg_value_6__RNIQFQI7[1]:Y, imager_0/stonyman0/reg_value_6__RNIOFDF15[1]:Y,
imager_0/stonyman0/reg_value_6__RNIE36QV6[1]:Y, imager_0/stonyman0/reg_value_2__RNIMV1I7[1]:Y,
imager_0/stonyman0/reg_value_2__RNIGFSD15[1]:Y, imager_0/stonyman0/reg_value_2__RNI2JSNV6[1]:Y,
imager_0/stonyman0/ptr_value_RNILPEOVD[2]:Y, imager_0/stonyman0/reg_value_4__RNIO7EQ7[1]:Y,
imager_0/stonyman0/reg_value_4__RNIKVKU15[1]:Y, imager_0/stonyman0/reg_value_4__RNI8B1H07[1]:Y,
imager_0/stonyman0/reg_value_0__RNIKNLP7[1]:Y, imager_0/stonyman0/reg_value_0__RNICV3T15[1]:Y,
imager_0/stonyman0/reg_value_0__RNISQNE07[1]:Y, imager_0/stonyman0/ptr_value_RNI99561E[2]:Y,
imager_0/stonyman0/ptr_value_RNI25051S[1]:Y, imager_0/stonyman0/ptr_value_RNIJRLI2O1[0]:Y,
imager_0/stonyman0/mask_pixel_col_RNIFS413O1[1]:Y, imager_0/stonyman0/un44_reg_value_nxt_I_17:Y,
imager_0/stonyman0/reg_value_7__RNIFJTQO[6]:Y, imager_0/stonyman0/reg_value_7__RNIJSMRI5[6]:Y,
imager_0/stonyman0/reg_value_7__RNIFPLAH7[6]:Y, imager_0/stonyman0/reg_value_3__RNIB35QO[6]:Y,
imager_0/stonyman0/reg_value_3__RNIBS5QI5[6]:Y, imager_0/stonyman0/reg_value_3__RNI39C8H7[6]:Y,
imager_0/stonyman0/ptr_value_RNIN5EP2F[2]:Y, imager_0/stonyman0/reg_value_5__RNIDBHIO[6]:Y,
imager_0/stonyman0/reg_value_5__RNIFCUAI5[6]:Y, imager_0/stonyman0/reg_value_5__RNI91HHG7[6]:Y,
imager_0/stonyman0/reg_value_1__RNI9RO1P[6]:Y, imager_0/stonyman0/reg_value_1__RNI7CD9J5[6]:Y,
imager_0/stonyman0/reg_value_1__RNITG7VH7[6]:Y, imager_0/stonyman0/ptr_value_RNIBL4N2F[2]:Y,
imager_0/stonyman0/ptr_value_RNI6TUM5U[1]:Y, imager_0/stonyman0/reg_value_6__RNIEFNMO[6]:Y,
imager_0/stonyman0/reg_value_6__RNIHKAJI5[6]:Y, imager_0/stonyman0/reg_value_6__RNICD3UG7[6]:Y,
imager_0/stonyman0/reg_value_2__RNIAVULO[6]:Y, imager_0/stonyman0/reg_value_2__RNI9KPHI5[6]:Y,
imager_0/stonyman0/reg_value_2__RNI0TPRG7[6]:Y, imager_0/stonyman0/ptr_value_RNIHD902F[2]:Y,
imager_0/stonyman0/reg_value_4__RNIC7BUO[6]:Y, imager_0/stonyman0/reg_value_4__RNID4I2J5[6]:Y,
imager_0/stonyman0/reg_value_4__RNI6LUKH7[6]:Y, imager_0/stonyman0/reg_value_0__RNI8NITO[6]:Y,
imager_0/stonyman0/reg_value_0__RNI5411J5[6]:Y, imager_0/stonyman0/reg_value_0__RNIQ4LIH7[6]:Y,
imager_0/stonyman0/ptr_value_RNI5TVD3F[2]:Y, imager_0/stonyman0/ptr_value_RNIQCLK5U[1]:Y,
imager_0/stonyman0/ptr_value_RNI3B0IBS1[0]:Y, imager_0/stonyman0/mask_pixel_col_RNI4HF0CS1[6]:Y,
imager_0/stonyman0/un44_reg_value_nxt_I_14:Y, imager_0/stonyman0/reg_value_7__RNIRFADL[5]:Y,
imager_0/stonyman0/reg_value_7__RNIUN3EF5[5]:Y, imager_0/stonyman0/reg_value_7__RNIPJ2TD7[5]:Y,
imager_0/stonyman0/reg_value_3__RNINVHCL[5]:Y, imager_0/stonyman0/reg_value_3__RNIMNICF5[5]:Y,
imager_0/stonyman0/reg_value_3__RNID3PQD7[5]:Y, imager_0/stonyman0/ptr_value_RNIBQ7URE[2]:Y,
imager_0/stonyman0/reg_value_5__RNIP7U4L[5]:Y, imager_0/stonyman0/reg_value_5__RNIQ7BTE5[5]:Y,
imager_0/stonyman0/reg_value_5__RNIJRT3D7[5]:Y, imager_0/stonyman0/reg_value_1__RNILN5KL[5]:Y,
imager_0/stonyman0/reg_value_1__RNII7QRF5[5]:Y, imager_0/stonyman0/reg_value_1__RNI7BKHE7[5]:Y,
imager_0/stonyman0/ptr_value_RNIV9URRE[2]:Y, imager_0/stonyman0/ptr_value_RNIE6I0OT[1]:Y,
imager_0/stonyman0/reg_value_6__RNIQB49L[5]:Y, imager_0/stonyman0/reg_value_6__RNISFN5F5[5]:Y,
imager_0/stonyman0/reg_value_6__RNIM7GGD7[5]:Y, imager_0/stonyman0/reg_value_2__RNIMRB8L[5]:Y,
imager_0/stonyman0/reg_value_2__RNIKF64F5[5]:Y, imager_0/stonyman0/reg_value_2__RNIAN6ED7[5]:Y,
imager_0/stonyman0/ptr_value_RNI5235RE[2]:Y, imager_0/stonyman0/reg_value_4__RNI591U[5]:Y,
imager_0/stonyman0/ptr_value_RNIME163R[1]:Y, imager_0/stonyman0/ptr_value_RNI7MVCRO1[0]:Y,
imager_0/stonyman0/mask_pixel_col_RNIBCUR7L3[5]:Y, imager_0/stonyman0/un44_reg_value_nxt_I_9:Y,
imager_0/stonyman0/reg_value_7__RNIB15IE[3]:Y, imager_0/stonyman0/reg_value_7__RNIC7UI85[3]:Y,
imager_0/stonyman0/reg_value_7__RNI51T177[3]:Y, imager_0/stonyman0/reg_value_3__RNI7HCHE[3]:Y,
imager_0/stonyman0/reg_value_3__RNI47DH85[3]:Y, imager_0/stonyman0/reg_value_3__RNIPGJV67[3]:Y,
imager_0/stonyman0/ptr_value_RNI3LS7EE[2]:Y, imager_0/stonyman0/reg_value_5__RNI9PO9E[3]:Y,
imager_0/stonyman0/reg_value_5__RNI8N5285[3]:Y, imager_0/stonyman0/reg_value_5__RNIV8O867[3]:Y,
imager_0/stonyman0/reg_value_1__RNI590PE[3]:Y, imager_0/stonyman0/reg_value_1__RNI0NK095[3]:Y,
imager_0/stonyman0/reg_value_1__RNIJOEM77[3]:Y, imager_0/stonyman0/ptr_value_RNIN4J5EE[2]:Y,
imager_0/stonyman0/ptr_value_RNIURRJSS[1]:Y, imager_0/stonyman0/reg_value_6__RNIATUDE[3]:Y,
imager_0/stonyman0/reg_value_6__RNIAVHA85[3]:Y, imager_0/stonyman0/reg_value_6__RNI2LAL67[3]:Y,
imager_0/stonyman0/reg_value_2__RNI6D6DE[3]:Y, imager_0/stonyman0/reg_value_2__RNI2V0985[3]:Y,
imager_0/stonyman0/reg_value_2__RNIM41J67[3]:Y, imager_0/stonyman0/ptr_value_RNITSNEDE[2]:Y,
imager_0/stonyman0/reg_value_4__RNI8LILE[3]:Y, imager_0/stonyman0/reg_value_4__RNI6FPP85[3]:Y,
imager_0/stonyman0/reg_value_4__RNISS5C77[3]:Y, imager_0/stonyman0/reg_value_0__RNI45QKE[3]:Y,
imager_0/stonyman0/reg_value_0__RNIUE8O85[3]:Y, imager_0/stonyman0/reg_value_0__RNIGCS977[3]:Y,
imager_0/stonyman0/ptr_value_RNIHCESEE[2]:Y, imager_0/stonyman0/ptr_value_RNIIBIHSS[1]:Y,
imager_0/stonyman0/ptr_value_RNIJ8QBPP1[0]:Y, imager_0/stonyman0/mask_pixel_col_RNIHB9QPP1[3]:Y,
imager_0/stonyman0/un44_reg_value_nxt_I_12:Y, imager_0/stonyman0/reg_value_7__RNIFKNVH[4]:Y,
imager_0/stonyman0/reg_value_7__RNIHRG0C5[4]:Y, imager_0/stonyman0/reg_value_7__RNIBMFFA7[4]:Y,
imager_0/stonyman0/reg_value_3__RNIB4VUH[4]:Y, imager_0/stonyman0/reg_value_3__RNI9RVUB5[4]:Y,
imager_0/stonyman0/reg_value_3__RNIV56DA7[4]:Y, imager_0/stonyman0/ptr_value_RNIFV13LE[2]:Y,
imager_0/stonyman0/reg_value_5__RNIDCBNH[4]:Y, imager_0/stonyman0/reg_value_5__RNIDBOFB5[4]:Y,
imager_0/stonyman0/reg_value_5__RNI5UAM97[4]:Y, imager_0/stonyman0/reg_value_1__RNI9SI6I[4]:Y,
imager_0/stonyman0/reg_value_1__RNI5B7EC5[4]:Y, imager_0/stonyman0/reg_value_1__RNIPD14B7[4]:Y,
imager_0/stonyman0/ptr_value_RNI3FO0LE[2]:Y, imager_0/stonyman0/ptr_value_RNIMG6AAT[1]:Y,
imager_0/stonyman0/reg_value_6__RNIEGHRH[4]:Y, imager_0/stonyman0/reg_value_6__RNIFJ4OB5[4]:Y,
imager_0/stonyman0/reg_value_6__RNI8AT2A7[4]:Y, imager_0/stonyman0/reg_value_2__RNIA0PQH[4]:Y,
imager_0/stonyman0/reg_value_2__RNI7JJMB5[4]:Y, imager_0/stonyman0/reg_value_2__RNISPJ0A7[4]:Y,
imager_0/stonyman0/ptr_value_RNI97T9KE[2]:Y, imager_0/stonyman0/reg_value_4__RNI371U[4]:Y,
imager_0/stonyman0/ptr_value_RNI9J8TOQ[1]:Y, imager_0/stonyman0/ptr_value_RNI25RD3O1[0]:Y,
imager_0/stonyman0/mask_pixel_col_RNIIKJMTH3[4]:Y,
imager_0/stonyman0/pulse_pin_state_RNIOONI4U[0]:Y.
The timing models of these gates have been simplified for Static Timing Analysis.

Timing-driven Router 
Design: TOPLEVEL                        Started: Wed Apr 13 14:18:14 2016

While analyzing gated clock network, ambiguities have been found on gates
imager_0/stonyman0/reg_value_3__RNIF56N[7]:Y, imager_0/stonyman0/reg_value_5__RNIBLDM[7]:Y,
imager_0/stonyman0/ptr_value_RNIUSVJ1[1]:Y, imager_0/stonyman0/reg_value_2__RNIDTPE[7]:Y,
imager_0/stonyman0/reg_value_4__RNI9D1U[7]:Y, imager_0/stonyman0/ptr_value_RNIQC7J1[1]:Y,
imager_0/stonyman0/ptr_value_RNIRAJD3[0]:Y, imager_0/stonyman0/reg_value_3__RNID36N[6]:Y,
imager_0/stonyman0/reg_value_5__RNI9JDM[6]:Y, imager_0/stonyman0/ptr_value_RNIQOVJ1[1]:Y,
imager_0/stonyman0/reg_value_2__RNIBRPE[6]:Y, imager_0/stonyman0/reg_value_4__RNI7B1U[6]:Y,
imager_0/stonyman0/ptr_value_RNIM87J1[1]:Y, imager_0/stonyman0/ptr_value_RNIJ2JD3[0]:Y,
imager_0/stonyman0/reg_value_3__RNIB16N[5]:Y, imager_0/stonyman0/reg_value_5__RNI7HDM[5]:Y,
imager_0/stonyman0/ptr_value_RNIMKVJ1[1]:Y, imager_0/stonyman0/reg_value_2__RNI9PPE[5]:Y,
imager_0/stonyman0/reg_value_4__RNI591U_0[5]:Y, imager_0/stonyman0/ptr_value_RNII47J1[1]:Y,
imager_0/stonyman0/ptr_value_RNIBQID3[0]:Y, imager_0/stonyman0/reg_value_3__RNI9V5N[4]:Y,
imager_0/stonyman0/reg_value_5__RNI5FDM[4]:Y, imager_0/stonyman0/ptr_value_RNIIGVJ1[1]:Y,
imager_0/stonyman0/reg_value_2__RNI7NPE[4]:Y, imager_0/stonyman0/reg_value_4__RNI371U_0[4]:Y,
imager_0/stonyman0/ptr_value_RNIE07J1[1]:Y, imager_0/stonyman0/ptr_value_RNI3IID3[0]:Y,
imager_0/stonyman0/reg_value_3__RNI7T5N[3]:Y, imager_0/stonyman0/reg_value_5__RNI3DDM[3]:Y,
imager_0/stonyman0/ptr_value_RNIECVJ1[1]:Y, imager_0/stonyman0/reg_value_2__RNI5LPE[3]:Y,
imager_0/stonyman0/reg_value_4__RNI151U[3]:Y, imager_0/stonyman0/ptr_value_RNIAS6J1[1]:Y,
imager_0/stonyman0/ptr_value_RNIR9ID3[0]:Y, imager_0/stonyman0/reg_value_3__RNI5R5N[2]:Y,
imager_0/stonyman0/reg_value_5__RNI1BDM[2]:Y, imager_0/stonyman0/ptr_value_RNIA8VJ1[1]:Y,
imager_0/stonyman0/reg_value_2__RNI3JPE[2]:Y, imager_0/stonyman0/reg_value_4__RNIV21U[2]:Y,
imager_0/stonyman0/ptr_value_RNI6O6J1[1]:Y, imager_0/stony
man0/ptr_value_RNIJ1ID3[0]:Y, imager_0/stonyman0/reg_value_3__RNI3P5N[1]:Y,
imager_0/stonyman0/reg_value_5__RNIV8DM[1]:Y, imager_0/stonyman0/ptr_value_RNI64VJ1[1]:Y,
imager_0/stonyman0/reg_value_2__RNI1HPE[1]:Y, imager_0/stonyman0/reg_value_4__RNIT01U[1]:Y,
imager_0/stonyman0/ptr_value_RNI2K6J1[1]:Y, imager_0/stonyman0/ptr_value_RNIBPHD3[0]:Y,
imager_0/stonyman0/reg_value_3__RNI1N5N[0]:Y, imager_0/stonyman0/reg_value_5__RNIT6DM[0]:Y,
imager_0/stonyman0/ptr_value_RNI20VJ1[1]:Y, imager_0/stonyman0/reg_value_2__RNIVEPE[0]:Y,
imager_0/stonyman0/reg_value_4__RNIRU0U[0]:Y, imager_0/stonyman0/ptr_value_RNIUF6J1[1]:Y,
imager_0/stonyman0/ptr_value_RNI3HHD3[0]:Y,
imager_0/stonyman0/GOTO_VAL_1.pulse_pin_state_nxt312_0_I_2:Y,
imager_0/stonyman0/GOTO_VAL_1.pulse_pin_state_nxt312_0_I_3:Y,
imager_0/stonyman0/GOTO_VAL_1.pulse_pin_state_nxt311_0_I_2:Y,
imager_0/stonyman0/GOTO_VAL_1.pulse_pin_state_nxt311_0_I_3:Y,
imager_0/stonyman0/mask_pixel_col_RNIPRJ97[0]:Y,
imager_0/stonyman0/mask_pixel_col_RNIBV1S3[5]:Y,
imager_0/stonyman0/mask_pixel_col_RNIG31S3[2]:Y,
imager_0/stonyman0/mask_pixel_col_RNI7Q0S3[1]:Y,
imager_0/stonyman0/mask_pixel_col_RNI9G2O7[4]:Y,
imager_0/stonyman0/mask_pixel_col_RNIK82S3[6]:Y,
imager_0/stonyman0/mask_pixel_col_RNIDL3O7[3]:Y, imager_0/stonyman0/un44_reg_value_nxt_I_20:Y,
imager_0/stonyman0/reg_value_7__RNIBVG8S[7]:Y, imager_0/stonyman0/reg_value_7__RNIG9A9M5[7]:Y,
imager_0/stonyman0/reg_value_7__RNID79OK7[7]:Y, imager_0/stonyman0/reg_value_3__RNI7FO7S[7]:Y,
imager_0/stonyman0/reg_value_3__RNI89P7M5[7]:Y, imager_0/stonyman0/reg_value_3__RNI1NVLK7[7]:Y,
imager_0/stonyman0/ptr_value_RNIJ1LK9F[2]:Y, imager_0/stonyman0/reg_value_5__RNI9N40S[7]:Y,
imager_0/stonyman0/reg_value_5__RNICPHOL5[7]:Y, imager_0/stonyman0/reg_value_5__RNI7F4VJ7[7]:Y,
imager_0/stonyman0/reg_value_1__RNI57CFS[7]:Y, imager_0/stonyman0/reg_value_1__RNI4P0NM5[7]:Y,
imager_0/stonyman0/reg_value_1__RNIRUQCL7[7]:Y, imager_0/stonyman0/ptr_value_RNI7HBI9F[2]:Y,
imager_0/stonyman0/ptr_value_RNIUKCDJU[1]:Y, imager_0/stonyman0/reg_value_6__RNIARA4S
[7]:Y, imager_0/stonyman0/reg_value_6__RNIE1U0M5[7]:Y,
imager_0/stonyman0/reg_value_6__RNIARMBK7[7]:Y, imager_0/stonyman0/reg_value_2__RNI6BI3S[7]:Y,
imager_0/stonyman0/reg_value_2__RNI61DVL5[7]:Y, imager_0/stonyman0/reg_value_2__RNIUAD9K7[7]:Y,
imager_0/stonyman0/ptr_value_RNID9GR8F[2]:Y, imager_0/stonyman0/reg_value_4__RNI8JUBS[7]:Y,
imager_0/stonyman0/reg_value_4__RNIAH5GM5[7]:Y, imager_0/stonyman0/reg_value_4__RNI43I2L7[7]:Y,
imager_0/stonyman0/reg_value_0__RNI436BS[7]:Y, imager_0/stonyman0/reg_value_0__RNI2HKEM5[7]:Y,
imager_0/stonyman0/reg_value_0__RNIOI80L7[7]:Y, imager_0/stonyman0/ptr_value_RNI1P69AF[2]:Y,
imager_0/stonyman0/ptr_value_RNII43BJU[1]:Y, imager_0/stonyman0/ptr_value_RNIJQRU6T1[0]:Y,
imager_0/stonyman0/reg_value_7__RNIFPE94[0]:Y, imager_0/stonyman0/reg_value_7__RNIDS7AU4[0]:Y,
imager_0/stonyman0/reg_value_7__RNI3J6PS6[0]:Y, imager_0/stonyman0/reg_value_3__RNIB9M84[0]:Y,
imager_0/stonyman0/reg_value_3__RNI5SM8U4[0]:Y, imager_0/stonyman0/reg_value_3__RNIN2TMS6[0]:Y,
imager_0/stonyman0/ptr_value_RNIVOFMPD[2]:Y, imager_0/stonyman0/reg_value_5__RNIDH214[0]:Y,
imager_0/stonyman0/reg_value_5__RNI9CFPT4[0]:Y, imager_0/stonyman0/reg_value_5__RNITQ10S6[0]:Y,
imager_0/stonyman0/reg_value_1__RNI91AG4[0]:Y, imager_0/stonyman0/reg_value_1__RNI1CUNU4[0]:Y,
imager_0/stonyman0/reg_value_1__RNIHAODT6[0]:Y, imager_0/stonyman0/ptr_value_RNIJ86KPD[2]:Y,
imager_0/stonyman0/ptr_value_RNIM32HJR[1]:Y, imager_0/stonyman0/reg_value_6__RNIEL854[0]:Y,
imager_0/stonyman0/reg_value_6__RNIBKR1U4[0]:Y, imager_0/stonyman0/reg_value_6__RNI07KCS6[0]:Y,
imager_0/stonyman0/reg_value_2__RNIA5G44[0]:Y, imager_0/stonyman0/reg_value_2__RNI3KA0U4[0]:Y,
imager_0/stonyman0/reg_value_2__RNIKMAAS6[0]:Y, imager_0/stonyman0/ptr_value_RNIP0BTOD[2]:Y,
imager_0/stonyman0/reg_value_4__RNICDSC4[0]:Y, imager_0/stonyman0/reg_value_4__RNI743HU4[0]:Y,
imager_0/stonyman0/reg_value_4__RNIQEF3T6[0]:Y, imager_0/stonyman0/reg_value_0__RNI8T3C4[0]:Y,
imager_0/stonyman0/reg_value_0__RNIV3IFU4[0]:Y, imager_0/stonyman0/reg_value_0__RNIEU51T6[0]:Y,
imager_0
/stonyman0/ptr_value_RNIDG1BQD[2]:Y, imager_0/stonyman0/ptr_value_RNIAJOEJR[1]:Y,
imager_0/stonyman0/ptr_value_RNI3O667N1[0]:Y, imager_0/stonyman0/mask_pixel_col_RNIHIHJEK3[0]:Y,
imager_0/stonyman0/un44_reg_value_nxt_I_7:Y, imager_0/stonyman0/reg_value_7__RNIFMI4B[2]:Y,
imager_0/stonyman0/reg_value_7__RNIFRB555[2]:Y, imager_0/stonyman0/reg_value_7__RNI7KAK37[2]:Y,
imager_0/stonyman0/reg_value_3__RNIB6Q3B[2]:Y, imager_0/stonyman0/reg_value_3__RNI7RQ355[2]:Y,
imager_0/stonyman0/reg_value_3__RNIR31I37[2]:Y, imager_0/stonyman0/ptr_value_RNI7RNC7E[2]:Y,
imager_0/stonyman0/reg_value_5__RNIDE6SA[2]:Y, imager_0/stonyman0/reg_value_5__RNIBBJK45[2]:Y,
imager_0/stonyman0/reg_value_5__RNI1S5R27[2]:Y, imager_0/stonyman0/reg_value_1__RNI9UDBB[2]:Y,
imager_0/stonyman0/reg_value_1__RNI3B2J55[2]:Y, imager_0/stonyman0/reg_value_1__RNILBS847[2]:Y,
imager_0/stonyman0/ptr_value_RNIRAEA7E[2]:Y, imager_0/stonyman0/ptr_value_RNI68ITES[1]:Y,
imager_0/stonyman0/reg_value_6__RNIEIC0B[2]:Y, imager_0/stonyman0/reg_value_6__RNIDJVS45[2]:Y,
imager_0/stonyman0/reg_value_6__RNI48O737[2]:Y, imager_0/stonyman0/reg_value_2__RNIA2KVA[2]:Y,
imager_0/stonyman0/reg_value_2__RNI5JER45[2]:Y, imager_0/stonyman0/reg_value_2__RNIONE537[2]:Y,
imager_0/stonyman0/ptr_value_RNI13JJ6E[2]:Y, imager_0/stonyman0/reg_value_4__RNICA08B[2]:Y,
imager_0/stonyman0/reg_value_4__RNI937C55[2]:Y, imager_0/stonyman0/reg_value_4__RNIUFJU37[2]:Y,
imager_0/stonyman0/reg_value_0__RNI8Q77B[2]:Y, imager_0/stonyman0/reg_value_0__RNI13MA55[2]:Y,
imager_0/stonyman0/reg_value_0__RNIIV9S37[2]:Y, imager_0/stonyman0/ptr_value_RNILI918E[2]:Y,
imager_0/stonyman0/ptr_value_RNIQN8RES[1]:Y, imager_0/stonyman0/ptr_value_RNI317VTO1[0]:Y,
imager_0/stonyman0/mask_pixel_col_RNI03MDUO1[2]:Y, imager_0/stonyman0/un44_reg_value_nxt_I_5:Y,
imager_0/stonyman0/reg_value_7__RNIRJ0N7[1]:Y, imager_0/stonyman0/reg_value_7__RNIQNPN15[1]:Y,
imager_0/stonyman0/reg_value_7__RNIHFO607[1]:Y, imager_0/stonyman0/reg_value_3__RNIN38M7[1]:Y,
imager_0/stonyman0/reg_value_3__RNIIN8M15[1]:Y, imager_0/stonyman0/reg_value
_3__RNI5VE407[1]:Y, imager_0/stonyman0/ptr_value_RNIRHJH0E[2]:Y,
imager_0/stonyman0/reg_value_5__RNIPBKE7[1]:Y, imager_0/stonyman0/reg_value_5__RNIM71715[1]:Y,
imager_0/stonyman0/reg_value_5__RNIBNJDV6[1]:Y, imager_0/stonyman0/reg_value_1__RNILRRT7[1]:Y,
imager_0/stonyman0/reg_value_1__RNIE7G525[1]:Y, imager_0/stonyman0/reg_value_1__RNIV6AR07[1]:Y,
imager_0/stonyman0/ptr_value_RNIF1AF0E[2]:Y, imager_0/stonyman0/ptr_value_RNIEL971S[1]:Y,
imager_0/stonyman0/reg_value_6__RNIQFQI7[1]:Y, imager_0/stonyman0/reg_value_6__RNIOFDF15[1]:Y,
imager_0/stonyman0/reg_value_6__RNIE36QV6[1]:Y, imager_0/stonyman0/reg_value_2__RNIMV1I7[1]:Y,
imager_0/stonyman0/reg_value_2__RNIGFSD15[1]:Y, imager_0/stonyman0/reg_value_2__RNI2JSNV6[1]:Y,
imager_0/stonyman0/ptr_value_RNILPEOVD[2]:Y, imager_0/stonyman0/reg_value_4__RNIO7EQ7[1]:Y,
imager_0/stonyman0/reg_value_4__RNIKVKU15[1]:Y, imager_0/stonyman0/reg_value_4__RNI8B1H07[1]:Y,
imager_0/stonyman0/reg_value_0__RNIKNLP7[1]:Y, imager_0/stonyman0/reg_value_0__RNICV3T15[1]:Y,
imager_0/stonyman0/reg_value_0__RNISQNE07[1]:Y, imager_0/stonyman0/ptr_value_RNI99561E[2]:Y,
imager_0/stonyman0/ptr_value_RNI25051S[1]:Y, imager_0/stonyman0/ptr_value_RNIJRLI2O1[0]:Y,
imager_0/stonyman0/mask_pixel_col_RNIFS413O1[1]:Y, imager_0/stonyman0/un44_reg_value_nxt_I_17:Y,
imager_0/stonyman0/reg_value_7__RNIFJTQO[6]:Y, imager_0/stonyman0/reg_value_7__RNIJSMRI5[6]:Y,
imager_0/stonyman0/reg_value_7__RNIFPLAH7[6]:Y, imager_0/stonyman0/reg_value_3__RNIB35QO[6]:Y,
imager_0/stonyman0/reg_value_3__RNIBS5QI5[6]:Y, imager_0/stonyman0/reg_value_3__RNI39C8H7[6]:Y,
imager_0/stonyman0/ptr_value_RNIN5EP2F[2]:Y, imager_0/stonyman0/reg_value_5__RNIDBHIO[6]:Y,
imager_0/stonyman0/reg_value_5__RNIFCUAI5[6]:Y, imager_0/stonyman0/reg_value_5__RNI91HHG7[6]:Y,
imager_0/stonyman0/reg_value_1__RNI9RO1P[6]:Y, imager_0/stonyman0/reg_value_1__RNI7CD9J5[6]:Y,
imager_0/stonyman0/reg_value_1__RNITG7VH7[6]:Y,
imager_0/stonyman0/ptr_value_RNIBL4N2F[2]:Y, imager_0/stonyman0/ptr_value_RNI6TUM5U[1]:Y,
imager_0/stonyman0/reg_value_6__RNIEFNMO[6]:Y, imager_0/stonyman0/reg_value_6__RNIHKAJI5[6]:Y,
imager_0/stonyman0/reg_value_6__RNICD3UG7[6]:Y, imager_0/stonyman0/reg_value_2__RNIAVULO[6]:Y,
imager_0/stonyman0/reg_value_2__RNI9KPHI5[6]:Y, imager_0/stonyman0/reg_value_2__RNI0TPRG7[6]:Y,
imager_0/stonyman0/ptr_value_RNIHD902F[2]:Y, imager_0/stonyman0/reg_value_4__RNIC7BUO[6]:Y,
imager_0/stonyman0/reg_value_4__RNID4I2J5[6]:Y, imager_0/stonyman0/reg_value_4__RNI6LUKH7[6]:Y,
imager_0/stonyman0/reg_value_0__RNI8NITO[6]:Y, imager_0/stonyman0/reg_value_0__RNI5411J5[6]:Y,
imager_0/stonyman0/reg_value_0__RNIQ4LIH7[6]:Y, imager_0/stonyman0/ptr_value_RNI5TVD3F[2]:Y,
imager_0/stonyman0/ptr_value_RNIQCLK5U[1]:Y, imager_0/stonyman0/ptr_value_RNI3B0IBS1[0]:Y,
imager_0/stonyman0/mask_pixel_col_RNI4HF0CS1[6]:Y, imager_0/stonyman0/un44_reg_value_nxt_I_14:Y,
imager_0/stonyman0/reg_value_7__RNIRFADL[5]:Y, imager_0/stonyman0/reg_value_7__RNIUN3EF5[5]:Y,
imager_0/stonyman0/reg_value_7__RNIPJ2TD7[5]:Y, imager_0/stonyman0/reg_value_3__RNINVHCL[5]:Y,
imager_0/stonyman0/reg_value_3
__RNIMNICF5[5]:Y, imager_0/stonyman0/reg_value_3__RNID3PQD7[5]:Y,
imager_0/stonyman0/ptr_value_RNIBQ7URE[2]:Y, imager_0/stonyman0/reg_value_5__RNIP7U4L[5]:Y,
imager_0/stonyman0/reg_value_5__RNIQ7BTE5[5]:Y, imager_0/stonyman0/reg_value_5__RNIJRT3D7[5]:Y,
imager_0/stonyman0/reg_value_1__RNILN5KL[5]:Y, imager_0/stonyman0/reg_value_1__RNII7QRF5[5]:Y,
imager_0/stonyman0/reg_value_1__RNI7BKHE7[5]:Y, imager_0/stonyman0/ptr_value_RNIV9URRE[2]:Y,
imager_0/stonyman0/ptr_value_RNIE6I0OT[1]:Y, imager_0/stonyman0/reg_value_6__RNIQB49L[5]:Y,
imager_0/stonyman0/reg_value_6__RNISFN5F5[5]:Y, imager_0/stonyman0/reg_value_6__RNIM7GGD7[5]:Y,
imager_0/stonyman0/reg_value_2__RNIMRB8L[5]:Y, imager_0/stonyman0/reg_value_2__RNIKF64F5[5]:Y,
imager_0/stonyman0/reg_value_2__RNIAN6ED7[5]:Y, imager_0/stonyman0/ptr_value_RNI5235RE[2]:Y,
imager_0/stonyman0/reg_value_4__RNI591U[5]:Y, imager_0/stonyman0/ptr_value_RNIME163R[1]:Y,
imager_0/stonyman0/ptr_value_RNI7MVCRO1[0]:Y, imager_0/stonyman0/mask_pixel_col_RNIBCUR7L3[5]:Y,
imager_0/stonyman0/un44_reg_value_n
xt_I_9:Y, imager_0/stonyman0/reg_value_7__RNIB15IE[3]:Y,
imager_0/stonyman0/reg_value_7__RNIC7UI85[3]:Y, imager_0/stonyman0/reg_value_7__RNI51T177[3]:Y,
imager_0/stonyman0/reg_value_3__RNI7HCHE[3]:Y, imager_0/stonyman0/reg_value_3__RNI47DH85[3]:Y,
imager_0/stonyman0/reg_value_3__RNIPGJV67[3]:Y, imager_0/stonyman0/ptr_value_RNI3LS7EE[2]:Y,
imager_0/stonyman0/reg_value_5__RNI9PO9E[3]:Y, imager_0/stonyman0/reg_value_5__RNI8N5285[3]:Y,
imager_0/stonyman0/reg_value_5__RNIV8O867[3]:Y, imager_0/stonyman0/reg_value_1__RNI590PE[3]:Y,
imager_0/stonyman0/reg_value_1__RNI0NK095[3]:Y, imager_0/stonyman0/reg_value_1__RNIJOEM77[3]:Y,
imager_0/stonyman0/ptr_value_RNIN4J5EE[2]:Y, imager_0/stonyman0/ptr_value_RNIURRJSS[1]:Y,
imager_0/stonyman0/reg_value_6__RNIATUDE[3]:Y, imager_0/stonyman0/reg_value_6__RNIAVHA85[3]:Y,
imager_0/stonyman0/reg_value_6__RNI2LAL67[3]:Y, imager_0/stonyman0/reg_value_2__RNI6D6DE[3]:Y,
imager_0/stonyman0/reg_value_2__RNI2V0985[3]:Y, imager_0/stonyman0/reg_value_2__RNIM41J67[3]:Y,
imager_0/stonyman0/ptr_value_RNITSNEDE[2]:Y, imager_0/stonyman0/reg_value_4__RNI8LILE[3]:Y,
imager_0/stonyman0/reg_value_4__RNI6FPP85[3]:Y, imager_0/stonyman0/reg_value_4__RNISS5C77[3]:Y,
imager_0/stonyman0/reg_value_0__RNI45QKE[3]:Y, imager_0/stonyman0/reg_value_0__RNIUE8O85[3]:Y,
imager_0/stonyman0/reg_value_0__RNIGCS977[3]:Y, imager_0/stonyman0/ptr_value_RNIHCESEE[2]:Y,
imager_0/stonyman0/ptr_value_RNIIBIHSS[1]:Y, imager_0/stonyman0/ptr_value_RNIJ8QBPP1[0]:Y,
imager_0/stonyman0/mask_pixel_col_RNIHB9QPP1[3]:Y, imager_0/stonyman0/un44_reg_value_nxt_I_12:Y,
imager_0/stonyman0/reg_value_7__RNIFKNVH[4]:Y, imager_0/stonyman0/reg_value_7__RNIHRG0C5[4]:Y,
imager_0/stonyman0/reg_value_7__RNIBMFFA7[4]:Y, imager_0/stonyman0/reg_value_3__RNIB4VUH[4]:Y,
imager_0/stonyman0/reg_value_3__RNI9RVUB5[4]:Y, imager_0/stonyman0/reg_value_3__RNIV56DA7[4]:Y,
imager_0/stonyman0/ptr_value_RNIFV13LE[2]:Y, imager_0/stonyman0/reg_value_5__RNIDCBNH[4]:Y,
imager_0/stonyman0/reg_value_5__RNIDBOFB5[4]:Y, imager_0/stonyman0/reg_value_5__RNI5UAM97[4]:Y,
image
r_0/stonyman0/reg_value_1__RNI9SI6I[4]:Y, imager_0/stonyman0/reg_value_1__RNI5B7EC5[4]:Y,
imager_0/stonyman0/reg_value_1__RNIPD14B7[4]:Y, imager_0/stonyman0/ptr_value_RNI3FO0LE[2]:Y,
imager_0/stonyman0/ptr_value_RNIMG6AAT[1]:Y, imager_0/stonyman0/reg_value_6__RNIEGHRH[4]:Y,
imager_0/stonyman0/reg_value_6__RNIFJ4OB5[4]:Y, imager_0/stonyman0/reg_value_6__RNI8AT2A7[4]:Y,
imager_0/stonyman0/reg_value_2__RNIA0PQH[4]:Y, imager_0/stonyman0/reg_value_2__RNI7JJMB5[4]:Y,
imager_0/stonyman0/reg_value_2__RNISPJ0A7[4]:Y, imager_0/stonyman0/ptr_value_RNI97T9KE[2]:Y,
imager_0/stonyman0/reg_value_4__RNI371U[4]:Y, imager_0/stonyman0/ptr_value_RNI9J8TOQ[1]:Y,
imager_0/stonyman0/ptr_value_RNI25RD3O1[0]:Y,
imager_0/stonyman0/mask_pixel_col_RNIIKJMTH3[4]:Y,
imager_0/stonyman0/pulse_pin_state_RNIOONI4U[0]:Y.
The timing models of these gates have been simplified for Static Timing Analysis.
 
While analyzing gated clock network, ambiguities have been found on gates
imager_0/stonyman0/reg_value_3__RNIF56N[7]:Y, imager_0/stonyman0/reg_value_5__RNIBLDM[7]:Y,
imager_0/stonyman0/ptr_value_RNIUSVJ1[1]:Y, imager_0/stonyman0/reg_value_2__RNIDTPE[7]:Y,
imager_0/stonyman0/reg_value_4__RNI9D1U[7]:Y, imager_0/stonyman0/ptr_value_RNIQC7J1[1]:Y,
imager_0/stonyman0/ptr_value_RNIRAJD3[0]:Y, imager_0/stonyman0/reg_value_3__RNID36N[6]:Y,
imager_0/stonyman0/reg_value_5__RNI9JDM[6]:Y, imager_0/stonyman0/ptr_value_RNIQOVJ1[1]:Y,
imager_0/stonyman0/reg_value_2__RNIBRPE[6]:Y, imager_0/stonyman0/reg_value_4__RNI7B1U[6]:Y,
imager_0/stonyman0/ptr_value_RNIM87J1[1]:Y, imager_0/stonyman0/ptr_value_RNIJ2JD3[0]:Y,
imager_0/stonyman0/reg_value_3__RNIB16N[5]:Y, imager_0/stonyman0/reg_value_5__RNI7HDM[5]:Y,
imager_0/stonyman0/ptr_value_RNIMKVJ1[1]:Y, imager_0/stonyman0/reg_value_2__RNI9PPE[5]:Y,
imager_0/stonyman0/reg_value_4__RNI591U_0[5]:Y, imager_0/stonyman0/ptr_value_RNII47J1[1]:Y,
imager_0/stonyman0/ptr_value_RNIBQID3[0]:Y, imager_0/stonyman0/reg_value_3__RNI9V5N[4]:Y,
imager_0/stonyman0/reg_value_5__RNI5FDM[4]:Y, imager_0/stonyman0/ptr_value_RNIIGVJ1[1]:Y,
imager_0/stonyman0/reg_value_2__RNI7NPE[4]:Y, imager_0/stonyman0/reg_value_4__RNI371U_0[4]:Y,
imager_0/stonyman0/ptr_value_RNIE07J1[1]:Y, imager_0/stonyman0/ptr_value_RNI3IID3[0]:Y,
imager_0/stonyman0/reg_value_3__RNI7T5N[3]:Y, imager_0/stonyman0/reg_value_5__RNI3DDM[3]:Y,
imager_0/stonyman0/ptr_value_RNIECVJ1[1]:Y, imager_0/stonyman0/reg_value_2__RNI5LPE[3]:Y,
imager_0/stonyman0/reg_value_4__RNI151U[3]:Y, imager_0/stonyman0/ptr_value_RNIAS6J1[1]:Y,
imager_0/stonyman0/ptr_value_RNIR9ID3[0]:Y, imager_0/stonyman0/reg_value_3__RNI5R5N[2]:Y,
imager_0/stonyman0/reg_value_5__RNI1BDM[2]:Y, imager_0/stonyman0/ptr_value_RNIA8VJ1[1]:Y,
imager_0/stonyman0/reg_value_2__RNI3JPE[2]:Y, imager_0/stonyman0/reg_value_4__RNIV21U[2]:Y,
imager_0/stonyman0/ptr_value_RNI6O6J1[1]:Y, imager_0/stonyman0/ptr_value_RNIJ1ID3[0]:Y,
imager_0/stonyman0/reg_value_3__RNI3P5N[1]:Y, imager_0/stonyman0/reg_val
ue_5__RNIV8DM[1]:Y, imager_0/stonyman0/ptr_value_RNI64VJ1[1]:Y,
imager_0/stonyman0/reg_value_2__RNI1HPE[1]:Y, imager_0/stonyman0/reg_value_4__RNIT01U[1]:Y,
imager_0/stonyman0/ptr_value_RNI2K6J1[1]:Y, imager_0/stonyman0/ptr_value_RNIBPHD3[0]:Y,
imager_0/stonyman0/reg_value_3__RNI1N5N[0]:Y, imager_0/stonyman0/reg_value_5__RNIT6DM[0]:Y,
imager_0/stonyman0/ptr_value_RNI20VJ1[1]:Y, imager_0/stonyman0/reg_value_2__RNIVEPE[0]:Y,
imager_0/stonyman0/reg_value_4__RNIRU0U[0]:Y, imager_0/stonyman0/ptr_value_RNIUF6J1[1]:Y,
imager_0/stonyman0/ptr_value_RNI3HHD3[0]:Y,
imager_0/stonyman0/GOTO_VAL_1.pulse_pin_state_nxt312_0_I_2:Y,
imager_0/stonyman0/GOTO_VAL_1.pulse_pin_state_nxt312_0_I_3:Y,
imager_0/stonyman0/GOTO_VAL_1.pulse_pin_state_nxt311_0_I_2:Y,
imager_0/stonyman0/GOTO_VAL_1.pulse_pin_state_nxt311_0_I_3:Y,
imager_0/stonyman0/mask_pixel_col_RNIPRJ97[0]:Y,
imager_0/stonyman0/mask_pixel_col_RNIBV1S3[5]:Y,
imager_0/stonyman0/mask_pixel_col_RNIG31S3[2]:Y,
imager_0/stonyman0/mask_pixel_col_RNI7Q0S3[1]:Y,
imager_0/stonyman0/mask_pixel_col_RNI9G2O7[4]:Y,
imager_0/stonyman0/mask_pixel_col_RNIK82S3[6]:Y,
imager_0/stonyman0/mask_pixel_col_RNIDL3O7[3]:Y, imager_0/stonyman0/un44_reg_value_nxt_I_20:Y,
imager_0/stonyman0/reg_value_7__RNIBVG8S[7]:Y, imager_0/stonyman0/reg_value_7__RNIG9A9M5[7]:Y,
imager_0/stonyman0/reg_value_7__RNID79OK7[7]:Y, imager_0/stonyman0/reg_value_3__RNI7FO7S[7]:Y,
imager_0/stonyman0/reg_value_3__RNI89P7M5[7]:Y, imager_0/stonyman0/reg_value_3__RNI1NVLK7[7]:Y,
imager_0/stonyman0/ptr_value_RNIJ1LK9F[2]:Y, imager_0/stonyman0/reg_value_5__RNI9N40S[7]:Y,
imager_0/stonyman0/reg_value_5__RNICPHOL5[7]:Y, imager_0/stonyman0/reg_value_5__RNI7F4VJ7[7]:Y,
imager_0/stonyman0/reg_value_1__RNI57CFS[7]:Y, imager_0/stonyman0/reg_value_1__RNI4P0NM5[7]:Y,
imager_0/stonyman0/reg_value_1__RNIRUQCL7[7]:Y, imager_0/stonyman0/ptr_value_RNI7HBI9F[2]:Y,
imager_0/stonyman0/ptr_value_RNIUKCDJU[1]:Y, imager_0/stonyman0/reg_value_6__RNIARA4S[7]:Y,
imager_0/stonyman0/reg_value_6__RNIE1U0M5[7]:Y, imager_0/stonyman0/reg_value_6__RNIARMBK7[7]:Y,
 imager_0/stonyman0/reg_value_2__RNI6BI3S[7]:Y, imager_0/stonyman0/reg_value_2__RNI61DVL5[7]:Y,
imager_0/stonyman0/reg_value_2__RNIUAD9K7[7]:Y, imager_0/stonyman0/ptr_value_RNID9GR8F[2]:Y,
imager_0/stonyman0/reg_value_4__RNI8JUBS[7]:Y, imager_0/stonyman0/reg_value_4__RNIAH5GM5[7]:Y,
imager_0/stonyman0/reg_value_4__RNI43I2L7[7]:Y, imager_0/stonyman0/reg_value_0__RNI436BS[7]:Y,
imager_0/stonyman0/reg_value_0__RNI2HKEM5[7]:Y, imager_0/stonyman0/reg_value_0__RNIOI80L7[7]:Y,
imager_0/stonyman0/ptr_value_RNI1P69AF[2]:Y, imager_0/stonyman0/ptr_value_RNII43BJU[1]:Y,
imager_0/stonyman0/ptr_value_RNIJQRU6T1[0]:Y, imager_0/stonyman0/reg_value_7__RNIFPE94[0]:Y,
imager_0/stonyman0/reg_value_7__RNIDS7AU4[0]:Y, imager_0/stonyman0/reg_value_7__RNI3J6PS6[0]:Y,
imager_0/stonyman0/reg_value_3__RNIB9M84[0]:Y, imager_0/stonyman0/reg_value_3__RNI5SM8U4[0]:Y,
imager_0/stonyman0/reg_value_3__RNIN2TMS6[0]:Y,
imager_0/stonyman0/ptr_value_RNIVOFMPD[2]:Y, imager_0/stonyman0/reg_value_5__RNIDH214[0]:Y,
imager_0/stonyman0/reg_value_5__RNI9CFPT4[0]:Y, imager_0/stonyman0/reg_value_5__RNITQ10S6[0]:Y,
imager_0/stonyman0/reg_value_1__RNI91AG4[0]:Y, imager_0/stonyman0/reg_value_1__RNI1CUNU4[0]:Y,
imager_0/stonyman0/reg_value_1__RNIHAODT6[0]:Y, imager_0/stonyman0/ptr_value_RNIJ86KPD[2]:Y,
imager_0/stonyman0/ptr_value_RNIM32HJR[1]:Y, imager_0/stonyman0/reg_value_6__RNIEL854[0]:Y,
imager_0/stonyman0/reg_value_6__RNIBKR1U4[0]:Y, imager_0/stonyman0/reg_value_6__RNI07KCS6[0]:Y,
imager_0/stonyman0/reg_value_2__RNIA5G44[0]:Y, imager_0/stonyman0/reg_value_2__RNI3KA0U4[0]:Y,
imager_0/stonyman0/reg_value_2__RNIKMAAS6[0]:Y, imager_0/stonyman0/ptr_value_RNIP0BTOD[2]:Y,
imager_0/stonyman0/reg_value_4__RNICDSC4[0]:Y, imager_0/stonyman0/reg_value_4__RNI743HU4[0]:Y,
imager_0/stonyman0/reg_value_4__RNIQEF3T6[0]:Y, imager_0/stonyman0/reg_value_0__RNI8T3C4[0]:Y,
imager_0/stonyman0/reg_value_0__RNIV3IFU4[0]:Y, imager_0/stonyman0/reg_value_0__RNIEU51T6[0]:Y,
imager_0/stonyman0/ptr_value_RNIDG1BQD[2]:Y, imager_0/stonyman0/ptr_value_RNIAJOEJR[1]:Y,
imager_0/stonyman0/p
tr_value_RNI3O667N1[0]:Y, imager_0/stonyman0/mask_pixel_col_RNIHIHJEK3[0]:Y,
imager_0/stonyman0/un44_reg_value_nxt_I_7:Y, imager_0/stonyman0/reg_value_7__RNIFMI4B[2]:Y,
imager_0/stonyman0/reg_value_7__RNIFRB555[2]:Y, imager_0/stonyman0/reg_value_7__RNI7KAK37[2]:Y,
imager_0/stonyman0/reg_value_3__RNIB6Q3B[2]:Y, imager_0/stonyman0/reg_value_3__RNI7RQ355[2]:Y,
imager_0/stonyman0/reg_value_3__RNIR31I37[2]:Y, imager_0/stonyman0/ptr_value_RNI7RNC7E[2]:Y,
imager_0/stonyman0/reg_value_5__RNIDE6SA[2]:Y, imager_0/stonyman0/reg_value_5__RNIBBJK45[2]:Y,
imager_0/stonyman0/reg_value_5__RNI1S5R27[2]:Y, imager_0/stonyman0/reg_value_1__RNI9UDBB[2]:Y,
imager_0/stonyman0/reg_value_1__RNI3B2J55[2]:Y, imager_0/stonyman0/reg_value_1__RNILBS847[2]:Y,
imager_0/stonyman0/ptr_value_RNIRAEA7E[2]:Y, imager_0/stonyman0/ptr_value_RNI68ITES[1]:Y,
imager_0/stonyman0/reg_value_6__RNIEIC0B[2]:Y, imager_0/stonyman0/reg_value_6__RNIDJVS45[2]:Y,
imager_0/stonyman0/reg_value_6__RNI48O737[2]:Y, imager_0/stonyman0/reg_value_2__RNIA2KVA[2]:Y,
imager_0/stonyman0/reg_value_2__RNI5JER45[2]:Y, imager_0/stonyman0/reg_value_2__RNIONE537[2]:Y,
imager_0/stonyman0/ptr_value_RNI13JJ6E[2]:Y, imager_0/stonyman0/reg_value_4__RNICA08B[2]:Y,
imager_0/stonyman0/reg_value_4__RNI937C55[2]:Y, imager_0/stonyman0/reg_value_4__RNIUFJU37[2]:Y,
imager_0/stonyman0/reg_value_0__RNI8Q77B[2]:Y, imager_0/stonyman0/reg_value_0__RNI13MA55[2]:Y,
imager_0/stonyman0/reg_value_0__RNIIV9S37[2]:Y, imager_0/stonyman0/ptr_value_RNILI918E[2]:Y,
imager_0/stonyman0/ptr_value_RNIQN8RES[1]:Y, imager_0/stonyman0/ptr_value_RNI317VTO1[0]:Y,
imager_0/stonyman0/mask_pixel_col_RNI03MDUO1[2]:Y, imager_0/stonyman0/un44_reg_value_nxt_I_5:Y,
imager_0/stonyman0/reg_value_7__RNIRJ0N7[1]:Y, imager_0/stonyman0/reg_value_7__RNIQNPN15[1]:Y,
imager_0/stonyman0/reg_value_7__RNIHFO607[1]:Y, imager_0/stonyman0/reg_value_3__RNIN38M7[1]:Y,
imager_0/stonyman0/reg_value_3__RNIIN8M15[1]:Y, imager_0/stonyman0/reg_value_3__RNI5VE407[1]:Y,
imager_0/stonyman0/ptr_value_RNIRHJH0E[2]:Y, imager_0/stonyman0/reg_value_5__RNIPB
KE7[1]:Y, imager_0/stonyman0/reg_value_5__RNIM71715[1]:Y,
imager_0/stonyman0/reg_value_5__RNIBNJDV6[1]:Y, imager_0/stonyman0/reg_value_1__RNILRRT7[1]:Y,
imager_0/stonyman0/reg_value_1__RNIE7G525[1]:Y, imager_0/stonyman0/reg_value_1__RNIV6AR07[1]:Y,
imager_0/stonyman0/ptr_value_RNIF1AF0E[2]:Y, imager_0/stonyman0/ptr_value_RNIEL971S[1]:Y,
imager_0/stonyman0/reg_value_6__RNIQFQI7[1]:Y, imager_0/stonyman0/reg_value_6__RNIOFDF15[1]:Y,
imager_0/stonyman0/reg_value_6__RNIE36QV6[1]:Y, imager_0/stonyman0/reg_value_2__RNIMV1I7[1]:Y,
imager_0/stonyman0/reg_value_2__RNIGFSD15[1]:Y, imager_0/stonyman0/reg_value_2__RNI2JSNV6[1]:Y,
imager_0/stonyman0/ptr_value_RNILPEOVD[2]:Y, imager_0/stonyman0/reg_value_4__RNIO7EQ7[1]:Y,
imager_0/stonyman0/reg_value_4__RNIKVKU15[1]:Y, imager_0/stonyman0/reg_value_4__RNI8B1H07[1]:Y,
imager_0/stonyman0/reg_value_0__RNIKNLP7[1]:Y, imager_0/stonyman0/reg_value_0__RNICV3T15[1]:Y,
imager_0/stonyman0/reg_value_0__RNISQNE07[1]:Y, imager_0/stonyman0/ptr_value_RNI99561E[2]:Y,
imager_0/stonyman0/ptr_value_RNI25051S[1]:Y, imager_0/stonyman0/ptr_value_RNIJRLI2O1[0]:Y,
imager_0/stonyman0/mask_pixel_col_RNIFS413O1[1]:Y, imager_0/stonyman0/un44_reg_value_nxt_I_17:Y,
imager_0/stonyman0/reg_value_7__RNIFJTQO[6]:Y, imager_0/stonyman0/reg_value_7__RNIJSMRI5[6]:Y,
imager_0/stonyman0/reg_value_7__RNIFPLAH7[6]:Y, imager_0/stonyman0/reg_value_3__RNIB35QO[6]:Y,
imager_0/stonyman0/reg_value_3__RNIBS5QI5[6]:Y, imager_0/stonyman0/reg_value_3__RNI39C8H7[6]:Y,
imager_0/stonyman0/ptr_value_RNIN5EP2F[2]:Y, imager_0/stonyman0/reg_value_5__RNIDBHIO[6]:Y,
imager_0/stonyman0/reg_value_5__RNIFCUAI5[6]:Y, imager_0/stonyman0/reg_value_5__RNI91HHG7[6]:Y,
imager_0/stonyman0/reg_value_1__RNI9RO1P[6]:Y, imager_0/stonyman0/reg_value_1__RNI7CD9J5[6]:Y,
imager_0/stonyman0/reg_value_1__RNITG7VH7[6]:Y,
imager_0/stonyman0/ptr_value_RNIBL4N2F[2]:Y, imager_0/stonyman0/ptr_value_RNI6TUM5U[1]:Y,
imager_0/stonyman0/reg_value_6__RNIEFNMO[6]:Y, imager_0/stonyman0/reg_value_6__RNIHKAJI5[6]:Y,
imager_0/stonyman0/reg_value_6__RNICD3UG7[6]:Y, imager_0/stonyman0/reg_value_2__RNIAVULO[6]:Y,
imager_0/stonyman0/reg_value_2__RNI9KPHI5[6]:Y, imager_0/stonyman0/reg_value_2__RNI0TPRG7[6]:Y,
imager_0/stonyman0/ptr_value_RNIHD902F[2]:Y, imager_0/stonyman0/reg_value_4__RNIC7BUO[6]:Y,
imager_0/stonyman0/reg_value_4__RNID4I2J5[6]:Y, imager_0/stonyman0/reg_value_4__RNI6LUKH7[6]:Y,
imager_0/stonyman0/reg_value_0__RNI8NITO[6]:Y, imager_0/stonyman0/reg_value_0__RNI5411J5[6]:Y,
imager_0/stonyman0/reg_value_0__RNIQ4LIH7[6]:Y, imager_0/stonyman0/ptr_value_RNI5TVD3F[2]:Y,
imager_0/stonyman0/ptr_value_RNIQCLK5U[1]:Y, imager_0/stonyman0/ptr_value_RNI3B0IBS1[0]:Y,
imager_0/stonyman0/mask_pixel_col_RNI4HF0CS1[6]:Y, imager_0/stonyman0/un44_reg_value_nxt_I_14:Y,
imager_0/stonyman0/reg_value_7__RNIRFADL[5]:Y, imager_0/stonyman0/reg_value_7__RNIUN3EF5[5]:Y,
imager_0/stonyman0/reg_value_7__RNIPJ2TD7[5]:Y, imager_0/stonyman0/reg_value_3__RNINVHCL[5]:Y,
imager_0/stonyman0/reg_value_3__RNIMNICF5[5]:Y, imager_0/stonyman0/reg_value_3__RNID3PQD7[5]:Y,
imager_0/stonyman0/ptr_value_RNIBQ7U
RE[2]:Y, imager_0/stonyman0/reg_value_5__RNIP7U4L[5]:Y,
imager_0/stonyman0/reg_value_5__RNIQ7BTE5[5]:Y, imager_0/stonyman0/reg_value_5__RNIJRT3D7[5]:Y,
imager_0/stonyman0/reg_value_1__RNILN5KL[5]:Y, imager_0/stonyman0/reg_value_1__RNII7QRF5[5]:Y,
imager_0/stonyman0/reg_value_1__RNI7BKHE7[5]:Y, imager_0/stonyman0/ptr_value_RNIV9URRE[2]:Y,
imager_0/stonyman0/ptr_value_RNIE6I0OT[1]:Y, imager_0/stonyman0/reg_value_6__RNIQB49L[5]:Y,
imager_0/stonyman0/reg_value_6__RNISFN5F5[5]:Y, imager_0/stonyman0/reg_value_6__RNIM7GGD7[5]:Y,
imager_0/stonyman0/reg_value_2__RNIMRB8L[5]:Y, imager_0/stonyman0/reg_value_2__RNIKF64F5[5]:Y,
imager_0/stonyman0/reg_value_2__RNIAN6ED7[5]:Y, imager_0/stonyman0/ptr_value_RNI5235RE[2]:Y,
imager_0/stonyman0/reg_value_4__RNI591U[5]:Y, imager_0/stonyman0/ptr_value_RNIME163R[1]:Y,
imager_0/stonyman0/ptr_value_RNI7MVCRO1[0]:Y, imager_0/stonyman0/mask_pixel_col_RNIBCUR7L3[5]:Y,
imager_0/stonyman0/un44_reg_value_nxt_I_9:Y, imager_0/stonyman0/reg_value_7__RNIB15IE[3]:Y,
imager_0/stonyman0/reg_value_7__RNIC7UI85
[3]:Y, imager_0/stonyman0/reg_value_7__RNI51T177[3]:Y,
imager_0/stonyman0/reg_value_3__RNI7HCHE[3]:Y, imager_0/stonyman0/reg_value_3__RNI47DH85[3]:Y,
imager_0/stonyman0/reg_value_3__RNIPGJV67[3]:Y, imager_0/stonyman0/ptr_value_RNI3LS7EE[2]:Y,
imager_0/stonyman0/reg_value_5__RNI9PO9E[3]:Y, imager_0/stonyman0/reg_value_5__RNI8N5285[3]:Y,
imager_0/stonyman0/reg_value_5__RNIV8O867[3]:Y, imager_0/stonyman0/reg_value_1__RNI590PE[3]:Y,
imager_0/stonyman0/reg_value_1__RNI0NK095[3]:Y, imager_0/stonyman0/reg_value_1__RNIJOEM77[3]:Y,
imager_0/stonyman0/ptr_value_RNIN4J5EE[2]:Y, imager_0/stonyman0/ptr_value_RNIURRJSS[1]:Y,
imager_0/stonyman0/reg_value_6__RNIATUDE[3]:Y, imager_0/stonyman0/reg_value_6__RNIAVHA85[3]:Y,
imager_0/stonyman0/reg_value_6__RNI2LAL67[3]:Y, imager_0/stonyman0/reg_value_2__RNI6D6DE[3]:Y,
imager_0/stonyman0/reg_value_2__RNI2V0985[3]:Y, imager_0/stonyman0/reg_value_2__RNIM41J67[3]:Y,
imager_0/stonyman0/ptr_value_RNITSNEDE[2]:Y, imager_0/stonyman0/reg_value_4__RNI8LILE[3]:Y,
imager_0/stonyman0/reg_value_4__RNI6FPP85[3]:Y, imager_0/stonyman0/reg_value_4__RNISS5C77[3]:Y,
imager_0/stonyman0/reg_value_0__RNI45QKE[3]:Y, imager_0/stonyman0/reg_value_0__RNIUE8O85[3]:Y,
imager_0/stonyman0/reg_value_0__RNIGCS977[3]:Y, imager_0/stonyman0/ptr_value_RNIHCESEE[2]:Y,
imager_0/stonyman0/ptr_value_RNIIBIHSS[1]:Y, imager_0/stonyman0/ptr_value_RNIJ8QBPP1[0]:Y,
imager_0/stonyman0/mask_pixel_col_RNIHB9QPP1[3]:Y, imager_0/stonyman0/un44_reg_value_nxt_I_12:Y,
imager_0/stonyman0/reg_value_7__RNIFKNVH[4]:Y, imager_0/stonyman0/reg_value_7__RNIHRG0C5[4]:Y,
imager_0/stonyman0/reg_value_7__RNIBMFFA7[4]:Y, imager_0/stonyman0/reg_value_3__RNIB4VUH[4]:Y,
imager_0/stonyman0/reg_value_3__RNI9RVUB5[4]:Y, imager_0/stonyman0/reg_value_3__RNIV56DA7[4]:Y,
imager_0/stonyman0/ptr_value_RNIFV13LE[2]:Y, imager_0/stonyman0/reg_value_5__RNIDCBNH[4]:Y,
imager_0/stonyman0/reg_value_5__RNIDBOFB5[4]:Y, imager_0/stonyman0/reg_value_5__RNI5UAM97[4]:Y,
imager_0/stonyman0/reg_value_1__RNI9SI6I[4]:Y, imager_0/stonyman0/reg_value_1__RNI5B7EC5[4]:Y,
imager_0
/stonyman0/reg_value_1__RNIPD14B7[4]:Y, imager_0/stonyman0/ptr_value_RNI3FO0LE[2]:Y,
imager_0/stonyman0/ptr_value_RNIMG6AAT[1]:Y, imager_0/stonyman0/reg_value_6__RNIEGHRH[4]:Y,
imager_0/stonyman0/reg_value_6__RNIFJ4OB5[4]:Y, imager_0/stonyman0/reg_value_6__RNI8AT2A7[4]:Y,
imager_0/stonyman0/reg_value_2__RNIA0PQH[4]:Y, imager_0/stonyman0/reg_value_2__RNI7JJMB5[4]:Y,
imager_0/stonyman0/reg_value_2__RNISPJ0A7[4]:Y, imager_0/stonyman0/ptr_value_RNI97T9KE[2]:Y,
imager_0/stonyman0/reg_value_4__RNI371U[4]:Y, imager_0/stonyman0/ptr_value_RNI9J8TOQ[1]:Y,
imager_0/stonyman0/ptr_value_RNI25RD3O1[0]:Y,
imager_0/stonyman0/mask_pixel_col_RNIIKJMTH3[4]:Y,
imager_0/stonyman0/pulse_pin_state_RNIOONI4U[0]:Y.
The timing models of these gates have been simplified for Static Timing Analysis.
While analyzing gated clock network, ambiguities have been found on gates
imager_0/stonyman0/reg_value_3__RNIF56N[7]:Y, imager_0/stonyman0/reg_value_5__RNIBLDM[7]:Y,
imager_0/stonyman0/ptr_value_RNIUSVJ1[1]:Y, imager_0/stonyman0/reg_value_2__RNIDTPE[7]:Y,
imager_0/stonyman0/reg_value_4__RNI9D1U[7]:Y, imager_0/stonyman0/ptr_value_RNIQC7J1[1]:Y,
imager_0/stonyman0/ptr_value_RNIRAJD3[0]:Y, imager_0/stonyman0/reg_value_3__RNID36N[6]:Y,
imager_0/stonyman0/reg_value_5__RNI9JDM[6]:Y, imager_0/stonyman0/ptr_value_RNIQOVJ1[1]:Y,
imager_0/stonyman0/reg_value_2__RNIBRPE[6]:Y, imager_0/stonyman0/reg_value_4__RNI7B1U[6]:Y,
imager_0/stonyman0/ptr_value_RNIM87J1[1]:Y, imager_0/stonyman0/ptr_value_RNIJ2JD3[0]:Y,
imager_0/stonyman0/reg_value_3__RNIB16N[5]:Y, imager_0/stonyman0/reg_value_5__RNI7HDM[5]:Y,
imager_0/stonyman0/ptr_value_RNIMKVJ1[1]:Y, imager_0/stonyman0/reg_value_2__RNI9PPE[5]:Y,
imager_0/stonyman0/reg_value_4__RNI591U_0[5]:Y, imager_0/stonyman0/ptr_value_RNII47J1[1]:Y,
imager_0/stonyman0/ptr_value_RNIBQID3[0]:Y, imager_0/stonyman0/reg_value_3__RNI9V5N[4]:Y,
imager_0/stonyman0/reg_value_5__RNI5FDM[4]:Y, imager_0/stonyman0/ptr_value_RNIIGVJ1[1]:Y,
imager_0/stonyman0/reg_value_2__RNI7NPE[4]:Y, imager_0/stonyman0/reg_value_4__RNI371U_0[4]:Y,
imager_
0/stonyman0/ptr_value_RNIE07J1[1]:Y, imager_0/stonyman0/ptr_value_RNI3IID3[0]:Y,
imager_0/stonyman0/reg_value_3__RNI7T5N[3]:Y, imager_0/stonyman0/reg_value_5__RNI3DDM[3]:Y,
imager_0/stonyman0/ptr_value_RNIECVJ1[1]:Y, imager_0/stonyman0/reg_value_2__RNI5LPE[3]:Y,
imager_0/stonyman0/reg_value_4__RNI151U[3]:Y, imager_0/stonyman0/ptr_value_RNIAS6J1[1]:Y,
imager_0/stonyman0/ptr_value_RNIR9ID3[0]:Y, imager_0/stonyman0/reg_value_3__RNI5R5N[2]:Y,
imager_0/stonyman0/reg_value_5__RNI1BDM[2]:Y, imager_0/stonyman0/ptr_value_RNIA8VJ1[1]:Y,
imager_0/stonyman0/reg_value_2__RNI3JPE[2]:Y, imager_0/stonyman0/reg_value_4__RNIV21U[2]:Y,
imager_0/stonyman0/ptr_value_RNI6O6J1[1]:Y, imager_0/stonyman0/ptr_value_RNIJ1ID3[0]:Y,
imager_0/stonyman0/reg_value_3__RNI3P5N[1]:Y, imager_0/stonyman0/reg_value_5__RNIV8DM[1]:Y,
imager_0/stonyman0/ptr_value_RNI64VJ1[1]:Y, imager_0/stonyman0/reg_value_2__RNI1HPE[1]:Y,
imager_0/stonyman0/reg_value_4__RNIT01U[1]:Y, imager_0/stonyman0/ptr_value_RNI2K6J1[1]:Y,
imager_0/stonyman0/ptr_value_RNIBPHD3[0]:Y, imager_0/stonyman0/reg_value_3__RNI1N5N[0]:Y,
imager_0/stonyman0/reg_value_5__RNIT6DM[0]:Y, imager_0/stonyman0/ptr_value_RNI20VJ1[1]:Y,
imager_0/stonyman0/reg_value_2__RNIVEPE[0]:Y, imager_0/stonyman0/reg_value_4__RNIRU0U[0]:Y,
imager_0/stonyman0/ptr_value_RNIUF6J1[1]:Y, imager_0/stonyman0/ptr_value_RNI3HHD3[0]:Y,
imager_0/stonyman0/GOTO_VAL_1.pulse_pin_state_nxt312_0_I_2:Y,
imager_0/stonyman0/GOTO_VAL_1.pulse_pin_state_nxt312_0_I_3:Y,
imager_0/stonyman0/GOTO_VAL_1.pulse_pin_state_nxt311_0_I_2:Y,
imager_0/stonyman0/GOTO_VAL_1.pulse_pin_state_nxt311_0_I_3:Y,
imager_0/stonyman0/mask_pixel_col_RNIPRJ97[0]:Y,
imager_0/stonyman0/mask_pixel_col_RNIBV1S3[5]:Y,
imager_0/stonyman0/mask_pixel_col_RNIG31S3[2]:Y,
imager_0/stonyman0/mask_pixel_col_RNI7Q0S3[1]:Y,
imager_0/stonyman0/mask_pixel_col_RNI9G2O7[4]:Y,
imager_0/stonyman0/mask_pixel_col_RNIK82S3[6]:Y,
imager_0/stonyman0/mask_pixel_col_RNIDL3O7[3]:Y, imager_0/stonyman0/un44_reg_value_nxt_I_20:Y,
imager_0/stonyman0/reg_value_7__RNIBVG8S[7]:Y, imager_0/stonyman
0/reg_value_7__RNIG9A9M5[7]:Y, imager_0/stonyman0/reg_value_7__RNID79OK7[7]:Y,
imager_0/stonyman0/reg_value_3__RNI7FO7S[7]:Y, imager_0/stonyman0/reg_value_3__RNI89P7M5[7]:Y,
imager_0/stonyman0/reg_value_3__RNI1NVLK7[7]:Y, imager_0/stonyman0/ptr_value_RNIJ1LK9F[2]:Y,
imager_0/stonyman0/reg_value_5__RNI9N40S[7]:Y, imager_0/stonyman0/reg_value_5__RNICPHOL5[7]:Y,
imager_0/stonyman0/reg_value_5__RNI7F4VJ7[7]:Y, imager_0/stonyman0/reg_value_1__RNI57CFS[7]:Y,
imager_0/stonyman0/reg_value_1__RNI4P0NM5[7]:Y, imager_0/stonyman0/reg_value_1__RNIRUQCL7[7]:Y,
imager_0/stonyman0/ptr_value_RNI7HBI9F[2]:Y, imager_0/stonyman0/ptr_value_RNIUKCDJU[1]:Y,
imager_0/stonyman0/reg_value_6__RNIARA4S[7]:Y, imager_0/stonyman0/reg_value_6__RNIE1U0M5[7]:Y,
imager_0/stonyman0/reg_value_6__RNIARMBK7[7]:Y, imager_0/stonyman0/reg_value_2__RNI6BI3S[7]:Y,
imager_0/stonyman0/reg_value_2__RNI61DVL5[7]:Y, imager_0/stonyman0/reg_value_2__RNIUAD9K7[7]:Y,
imager_0/stonyman0/ptr_value_RNID9GR8F[2]:Y, imager_0/stonyman0/reg_value_4__RNI8JUBS[7]:Y,
imager_0/stonyman0/reg_value_4__RNIAH5GM5[7]:Y, imager_0/stonyman0/reg_value_4__RNI43I2L7[7]:Y,
imager_0/stonyman0/reg_value_0__RNI436BS[7]:Y, imager_0/stonyman0/reg_value_0__RNI2HKEM5[7]:Y,
imager_0/stonyman0/reg_value_0__RNIOI80L7[7]:Y, imager_0/stonyman0/ptr_value_RNI1P69AF[2]:Y,
imager_0/stonyman0/ptr_value_RNII43BJU[1]:Y, imager_0/stonyman0/ptr_value_RNIJQRU6T1[0]:Y,
imager_0/stonyman0/reg_value_7__RNIFPE94[0]:Y, imager_0/stonyman0/reg_value_7__RNIDS7AU4[0]:Y,
imager_0/stonyman0/reg_value_7__RNI3J6PS6[0]:Y, imager_0/stonyman0/reg_value_3__RNIB9M84[0]:Y,
imager_0/stonyman0/reg_value_3__RNI5SM8U4[0]:Y, imager_0/stonyman0/reg_value_3__RNIN2TMS6[0]:Y,
imager_0/stonyman0/ptr_value_RNIVOFMPD[2]:Y, imager_0/stonyman0/reg_value_5__RNIDH214[0]:Y,
imager_0/stonyman0/reg_value_5__RNI9CFPT4[0]:Y, imager_0/stonyman0/reg_value_5__RNITQ10S6[0]:Y,
imager_0/stonyman0/reg_value_1__RNI91AG4[0]:Y, imager_0/stonyman0/reg_value_1__RNI1CUNU4[0]:Y,
imager_0/stonyman0/reg_value_1__RNIHAODT6[0]:Y, imager_0/stonyman0/ptr_value_RNIJ86KPD[2]:Y,
imager_0/stonyman0/ptr_value_RNIM32HJR[1]:Y, imager_0/stonyman0/reg_value_6__RNIEL854[0]:Y,
imager_0/stonyman0/reg_value_6__RNIBKR1U4[0]:Y, imager_0/stonyman0/reg_value_6__RNI07KCS6[0]:Y,
imager_0/stonyman0/reg_value_2__RNIA5G44[0]:Y, imager_0/stonyman0/reg_value_2__RNI3KA0U4[0]:Y,
imager_0/stonyman0/reg_value_2__RNIKMAAS6[0]:Y, imager_0/stonyman0/ptr_value_RNIP0BTOD[2]:Y,
imager_0/stonyman0/reg_value_4__RNICDSC4[0]:Y, imager_0/stonyman0/reg_value_4__RNI743HU4[0]:Y,
imager_0/stonyman0/reg_value_4__RNIQEF3T6[0]:Y, imager_0/stonyman0/reg_value_0__RNI8T3C4[0]:Y,
imager_0/stonyman0/reg_value_0__RNIV3IFU4[0]:Y, imager_0/stonyman0/reg_value_0__RNIEU51T6[0]:Y,
imager_0/stonyman0/ptr_value_RNIDG1BQD[2]:Y, imager_0/stonyman0/ptr_value_RNIAJOEJR[1]:Y,
imager_0/stonyman0/ptr_value_RNI3O667N1[0]:Y, imager_0/stonyman0/mask_pixel_col_RNIHIHJEK3[0]:Y,
imager_0/stonyman0/un44_reg_value_nxt_I_7:Y, imager_0/stonyman0/reg_value_7__RNIFMI4B[2]:Y,
imager_0/stonyman0/reg_value_7__RNIFRB555[2]:Y, imager_0/stonyman0/re
g_value_7__RNI7KAK37[2]:Y, imager_0/stonyman0/reg_value_3__RNIB6Q3B[2]:Y,
imager_0/stonyman0/reg_value_3__RNI7RQ355[2]:Y, imager_0/stonyman0/reg_value_3__RNIR31I37[2]:Y,
imager_0/stonyman0/ptr_value_RNI7RNC7E[2]:Y, imager_0/stonyman0/reg_value_5__RNIDE6SA[2]:Y,
imager_0/stonyman0/reg_value_5__RNIBBJK45[2]:Y, imager_0/stonyman0/reg_value_5__RNI1S5R27[2]:Y,
imager_0/stonyman0/reg_value_1__RNI9UDBB[2]:Y, imager_0/stonyman0/reg_value_1__RNI3B2J55[2]:Y,
imager_0/stonyman0/reg_value_1__RNILBS847[2]:Y, imager_0/stonyman0/ptr_value_RNIRAEA7E[2]:Y,
imager_0/stonyman0/ptr_value_RNI68ITES[1]:Y, imager_0/stonyman0/reg_value_6__RNIEIC0B[2]:Y,
imager_0/stonyman0/reg_value_6__RNIDJVS45[2]:Y, imager_0/stonyman0/reg_value_6__RNI48O737[2]:Y,
imager_0/stonyman0/reg_value_2__RNIA2KVA[2]:Y, imager_0/stonyman0/reg_value_2__RNI5JER45[2]:Y,
imager_0/stonyman0/reg_value_2__RNIONE537[2]:Y, imager_0/stonyman0/ptr_value_RNI13JJ6E[2]:Y,
imager_0/stonyman0/reg_value_4__RNICA08B[2]:Y, imager_0/stonyman0/reg_value_4__RNI937C55[2]:Y,
imager_0/stonyman0/reg_value_4__RNIUFJU37[2]:Y, imager_0/stonyman0/reg_value_0__RNI8Q77B[2]:Y,
imager_0/stonyman0/reg_value_0__RNI13MA55[2]:Y, imager_0/stonyman0/reg_value_0__RNIIV9S37[2]:Y,
imager_0/stonyman0/ptr_value_RNILI918E[2]:Y, imager_0/stonyman0/ptr_value_RNIQN8RES[1]:Y,
imager_0/stonyman0/ptr_value_RNI317VTO1[0]:Y, imager_0/stonyman0/mask_pixel_col_RNI03MDUO1[2]:Y,
imager_0/stonyman0/un44_reg_value_nxt_I_5:Y, imager_0/stonyman0/reg_value_7__RNIRJ0N7[1]:Y,
imager_0/stonyman0/reg_value_7__RNIQNPN15[1]:Y, imager_0/stonyman0/reg_value_7__RNIHFO607[1]:Y,
imager_0/stonyman0/reg_value_3__RNIN38M7[1]:Y, imager_0/stonyman0/reg_value_3__RNIIN8M15[1]:Y,
imager_0/stonyman0/reg_value_3__RNI5VE407[1]:Y, imager_0/stonyman0/ptr_value_RNIRHJH0E[2]:Y,
imager_0/stonyman0/reg_value_5__RNIPBKE7[1]:Y, imager_0/stonyman0/reg_value_5__RNIM71715[1]:Y,
imager_0/stonyman0/reg_value_5__RNIBNJDV6[1]:Y, imager_0/stonyman0/reg_value_1__RNILRRT7[1]:Y,
imager_0/stonyman0/reg_value_1__RNIE7G525[1]:Y, imager_0/stonyman0/reg_value_1__RNIV6
AR07[1]:Y, imager_0/stonyman0/ptr_value_RNIF1AF0E[2]:Y,
imager_0/stonyman0/ptr_value_RNIEL971S[1]:Y, imager_0/stonyman0/reg_value_6__RNIQFQI7[1]:Y,
imager_0/stonyman0/reg_value_6__RNIOFDF15[1]:Y, imager_0/stonyman0/reg_value_6__RNIE36QV6[1]:Y,
imager_0/stonyman0/reg_value_2__RNIMV1I7[1]:Y, imager_0/stonyman0/reg_value_2__RNIGFSD15[1]:Y,
imager_0/stonyman0/reg_value_2__RNI2JSNV6[1]:Y, imager_0/stonyman0/ptr_value_RNILPEOVD[2]:Y,
imager_0/stonyman0/reg_value_4__RNIO7EQ7[1]:Y, imager_0/stonyman0/reg_value_4__RNIKVKU15[1]:Y,
imager_0/stonyman0/reg_value_4__RNI8B1H07[1]:Y, imager_0/stonyman0/reg_value_0__RNIKNLP7[1]:Y,
imager_0/stonyman0/reg_value_0__RNICV3T15[1]:Y, imager_0/stonyman0/reg_value_0__RNISQNE07[1]:Y,
imager_0/stonyman0/ptr_value_RNI99561E[2]:Y, imager_0/stonyman0/ptr_value_RNI25051S[1]:Y,
imager_0/stonyman0/ptr_value_RNIJRLI2O1[0]:Y, imager_0/stonyman0/mask_pixel_col_RNIFS413O1[1]:Y,
imager_0/stonyman0/un44_reg_value_nxt_I_17:Y, imager_0/stonyman0/reg_value_7__RNIFJTQO[6]:Y,
imager_0/stonyman0/reg_value_7__RNIJSMRI5[6]:Y, imager_0/stonyman0/reg_value_7__RNIFPLAH7[6]:Y,
imager_0/stonyman0/reg_value_3__RNIB35QO[6]:Y, imager_0/stonyman0/reg_value_3__RNIBS5QI5[6]:Y,
imager_0/stonyman0/reg_value_3__RNI39C8H7[6]:Y, imager_0/stonyman0/ptr_value_RNIN5EP2F[2]:Y,
imager_0/stonyman0/reg_value_5__RNIDBHIO[6]:Y, imager_0/stonyman0/reg_value_5__RNIFCUAI5[6]:Y,
imager_0/stonyman0/reg_value_5__RNI91HHG7[6]:Y, imager_0/stonyman0/reg_value_1__RNI9RO1P[6]:Y,
imager_0/stonyman0/reg_value_1__RNI7CD9J5[6]:Y, imager_0/stonyman0/reg_value_1__RNITG7VH7[6]:Y,
imager_0/stonyman0/ptr_value_RNIBL4N2F[2]:Y, imager_0/stonyman0/ptr_value_RNI6TUM5U[1]:Y,
imager_0/stonyman0/reg_value_6__RNIEFNMO[6]:Y, imager_0/stonyman0/reg_value_6__RNIHKAJI5[6]:Y,
imager_0/stonyman0/reg_value_6__RNICD3UG7[6]:Y, imager_0/stonyman0/reg_value_2__RNIAVULO[6]:Y,
imager_0/stonyman0/reg_value_2__RNI9KPHI5[6]:Y, imager_0/stonyman0/reg_value_2__RNI0TPRG7[6]:Y,
imager_0/stonyman0/ptr_value_RNIHD902F[2]:Y, imager_0/stonyman0/reg_value_4__RNIC7BUO[6]:Y,
imager_0/stonyman0/reg_value_4__RNID4I2J5[6]:Y, imager_0/stonyman0/reg_value_4__RNI6LUKH7[6]:Y,
imager_0/stonyman0/reg_value_0__RNI8NITO[6]:Y, imager_0/stonyman0/reg_value_0__RNI5411J5[6]:Y,
imager_0/stonyman0/reg_value_0__RNIQ4LIH7[6]:Y, imager_0/stonyman0/ptr_value_RNI5TVD3F[2]:Y,
imager_0/stonyman0/ptr_value_RNIQCLK5U[1]:Y, imager_0/stonyman0/ptr_value_RNI3B0IBS1[0]:Y,
imager_0/stonyman0/mask_pixel_col_RNI4HF0CS1[6]:Y, imager_0/stonyman0/un44_reg_value_nxt_I_14:Y,
imager_0/stonyman0/reg_value_7__RNIRFADL[5]:Y, imager_0/stonyman0/reg_value_7__RNIUN3EF5[5]:Y,
imager_0/stonyman0/reg_value_7__RNIPJ2TD7[5]:Y, imager_0/stonyman0/reg_value_3__RNINVHCL[5]:Y,
imager_0/stonyman0/reg_value_3__RNIMNICF5[5]:Y, imager_0/stonyman0/reg_value_3__RNID3PQD7[5]:Y,
imager_0/stonyman0/ptr_value_RNIBQ7URE[2]:Y, imager_0/stonyman0/reg_value_5__RNIP7U4L[5]:Y,
imager_0/stonyman0/reg_value_5__RNIQ7BTE5[5]:Y, imager_0/stonyman0/reg_value_5__RNIJRT3D7[5]:Y,
imager_0/stonyman0/reg_value_1__RNILN5KL[5]:Y, imager_0/stonyman0/reg_value_1__RNII7QR
F5[5]:Y, imager_0/stonyman0/reg_value_1__RNI7BKHE7[5]:Y,
imager_0/stonyman0/ptr_value_RNIV9URRE[2]:Y, imager_0/stonyman0/ptr_value_RNIE6I0OT[1]:Y,
imager_0/stonyman0/reg_value_6__RNIQB49L[5]:Y, imager_0/stonyman0/reg_value_6__RNISFN5F5[5]:Y,
imager_0/stonyman0/reg_value_6__RNIM7GGD7[5]:Y, imager_0/stonyman0/reg_value_2__RNIMRB8L[5]:Y,
imager_0/stonyman0/reg_value_2__RNIKF64F5[5]:Y, imager_0/stonyman0/reg_value_2__RNIAN6ED7[5]:Y,
imager_0/stonyman0/ptr_value_RNI5235RE[2]:Y, imager_0/stonyman0/reg_value_4__RNI591U[5]:Y,
imager_0/stonyman0/ptr_value_RNIME163R[1]:Y, imager_0/stonyman0/ptr_value_RNI7MVCRO1[0]:Y,
imager_0/stonyman0/mask_pixel_col_RNIBCUR7L3[5]:Y, imager_0/stonyman0/un44_reg_value_nxt_I_9:Y,
imager_0/stonyman0/reg_value_7__RNIB15IE[3]:Y, imager_0/stonyman0/reg_value_7__RNIC7UI85[3]:Y,
imager_0/stonyman0/reg_value_7__RNI51T177[3]:Y, imager_0/stonyman0/reg_value_3__RNI7HCHE[3]:Y,
imager_0/stonyman0/reg_value_3__RNI47DH85[3]:Y, imager_0/stonyman0/reg_value_3__RNIPGJV67[3]:Y,
imager_0/stonyman0/ptr_value_RNI3LS7EE[2]:Y, imager_0/stonyman0/reg_value_5__RNI9PO9E[3]:Y,
imager_0/stonyman0/reg_value_5__RNI8N5285[3]:Y, imager_0/stonyman0/reg_value_5__RNIV8O867[3]:Y,
imager_0/stonyman0/reg_value_1__RNI590PE[3]:Y, imager_0/stonyman0/reg_value_1__RNI0NK095[3]:Y,
imager_0/stonyman0/reg_value_1__RNIJOEM77[3]:Y, imager_0/stonyman0/ptr_value_RNIN4J5EE[2]:Y,
imager_0/stonyman0/ptr_value_RNIURRJSS[1]:Y, imager_0/stonyman0/reg_value_6__RNIATUDE[3]:Y,
imager_0/stonyman0/reg_value_6__RNIAVHA85[3]:Y, imager_0/stonyman0/reg_value_6__RNI2LAL67[3]:Y,
imager_0/stonyman0/reg_value_2__RNI6D6DE[3]:Y, imager_0/stonyman0/reg_value_2__RNI2V0985[3]:Y,
imager_0/stonyman0/reg_value_2__RNIM41J67[3]:Y, imager_0/stonyman0/ptr_value_RNITSNEDE[2]:Y,
imager_0/stonyman0/reg_value_4__RNI8LILE[3]:Y, imager_0/stonyman0/reg_value_4__RNI6FPP85[3]:Y,
imager_0/stonyman0/reg_value_4__RNISS5C77[3]:Y, imager_0/stonyman0/reg_value_0__RNI45QKE[3]:Y,
imager_0/stonyman0/reg_value_0__RNIUE8O85[3]:Y, imager_0/stonyman0/reg_value_0__RNIGCS977[3]:Y,
imager_0/st
onyman0/ptr_value_RNIHCESEE[2]:Y, imager_0/stonyman0/ptr_value_RNIIBIHSS[1]:Y,
imager_0/stonyman0/ptr_value_RNIJ8QBPP1[0]:Y, imager_0/stonyman0/mask_pixel_col_RNIHB9QPP1[3]:Y,
imager_0/stonyman0/un44_reg_value_nxt_I_12:Y, imager_0/stonyman0/reg_value_7__RNIFKNVH[4]:Y,
imager_0/stonyman0/reg_value_7__RNIHRG0C5[4]:Y, imager_0/stonyman0/reg_value_7__RNIBMFFA7[4]:Y,
imager_0/stonyman0/reg_value_3__RNIB4VUH[4]:Y, imager_0/stonyman0/reg_value_3__RNI9RVUB5[4]:Y,
imager_0/stonyman0/reg_value_3__RNIV56DA7[4]:Y, imager_0/stonyman0/ptr_value_RNIFV13LE[2]:Y,
imager_0/stonyman0/reg_value_5__RNIDCBNH[4]:Y, imager_0/stonyman0/reg_value_5__RNIDBOFB5[4]:Y,
imager_0/stonyman0/reg_value_5__RNI5UAM97[4]:Y, imager_0/stonyman0/reg_value_1__RNI9SI6I[4]:Y,
imager_0/stonyman0/reg_value_1__RNI5B7EC5[4]:Y, imager_0/stonyman0/reg_value_1__RNIPD14B7[4]:Y,
imager_0/stonyman0/ptr_value_RNI3FO0LE[2]:Y, imager_0/stonyman0/ptr_value_RNIMG6AAT[1]:Y,
imager_0/stonyman0/reg_value_6__RNIEGHRH[4]:Y, imager_0/stonyman0/reg_value_6__RNIFJ4OB5[4]:Y,
imager_0/stonyman0/r
eg_value_6__RNI8AT2A7[4]:Y, imager_0/stonyman0/reg_value_2__RNIA0PQH[4]:Y,
imager_0/stonyman0/reg_value_2__RNI7JJMB5[4]:Y, imager_0/stonyman0/reg_value_2__RNISPJ0A7[4]:Y,
imager_0/stonyman0/ptr_value_RNI97T9KE[2]:Y, imager_0/stonyman0/reg_value_4__RNI371U[4]:Y,
imager_0/stonyman0/ptr_value_RNI9J8TOQ[1]:Y, imager_0/stonyman0/ptr_value_RNI25RD3O1[0]:Y,
imager_0/stonyman0/mask_pixel_col_RNIIKJMTH3[4]:Y,
imager_0/stonyman0/pulse_pin_state_RNIOONI4U[0]:Y.
The timing models of these gates have been simplified for Static Timing Analysis.

Timing-driven Router completed successfully.

Design: TOPLEVEL                        
Finished: Wed Apr 13 14:19:10 2016
Total CPU Time:     00:00:55            Total Elapsed Time: 00:00:56
Total Memory Usage: 387.3 Mbytes
                        o - o - o - o - o - o

Warning: PLC503: Instance imager_0/adc0/pixel_increment_RNICM46_2[4]/U_CLKSRC/U_GL is using the
         A2F500M3G fabric CCC/PLL GLA output.
         This resource is using the glitchless mux (NGMUX) connected to the GLA output of the
         fabric CCC/PLL. In order for the NGMUX to operate correctly, the signal driving this
         instance must be a free-running clock signal.
         Refer to SmartFusion Microcontroller Subsystem User Guide for more details.
         Verify that this signal is a continuous clock signal.
Loading the Timing data for the design.
While analyzing gated clock network, ambiguities have been found on gates
imager_0/stonyman0/reg_value_3__RNIF56N[7]:Y, imager_0/stonyman0/reg_value_5__RNIBLDM[7]:Y,
imager_0/stonyman0/ptr_value_RNIUSVJ1[1]:Y, imager_0/stonyman0/reg_value_2__RNIDTPE[7]:Y,
imager_0/stonyman0/reg_value_4__RNI9D1U[7]:Y, imager_0/stonyman0/ptr_value_RNIQC7J1[1]:Y,
imager_0/stonyman0/ptr_value_RNIRAJD3[0]:Y, imager_0/stonyman0/reg_value_3__RNID36N[6]:Y,
imager_0/stonyman0/reg_value_5__RNI9JDM[6]:Y, imager_0/stonyman0/ptr_value_RNIQOVJ1[1]:Y,
imager_0/stonyman0/reg_value_2__RNIBRPE[6]:Y, imager_0/stonyman0/reg_value_4__RNI7B1U[6]:Y,
imager_0/stonyman0/ptr_value_RNIM87J1[1]:Y, imager_0/stonyman0/ptr_value_RNIJ2JD3[0]:Y,
imager_0/stonyman0/reg_value_3__RNIB16N[5]:Y, imager_0/stonyman0/reg_value_5__RNI7HDM[5]:Y,
imager_0/stonyman0/ptr_value_RNIMKVJ1[1]:Y, imager_0/stonyman0/reg_value_2__RNI9PPE[5]:Y,
imager_0/stonyman0/reg_value_4__RNI591U_0[5]:Y, imager_0/stonyman0/ptr_value_RNII47J1[1]:Y,
imager_0/stonyman0/ptr_value_RNIBQID3[0]:Y, imager_0/stonyman0/reg_value_3__RNI9V5N[4]:Y,
imager_0/stonyman0/reg_value_5__RNI5FDM[4]:Y, imager_0/stonyman0/ptr_value_RNIIGVJ1[1]:Y,
imager_0/stonyman0/reg_value_2__RNI7NPE[4]:Y, imager_0/stonyman0/reg_value_4__RNI371U_0[4]:Y,
imager_0/stonyman0/ptr_value_RNIE07J1[1]:Y, imager_0/stonyman0/ptr_value_RNI3IID3[0]:Y,
imager_0/stonyman0/reg_value_3__RNI7T5N[3]:Y, imager_0/stonyman0/reg_value_5__RNI3DDM[3]:Y,
imager_0/stonyman0/ptr_value_RNIECVJ1[1]:Y, imager_0/stonyman0/reg_value_2__RNI5LPE[3]:Y,
imager_0/stonyman0/reg_value_4__RNI151U[3]:Y, imager_0/stonyman0/ptr_value_RNIAS6J1[1]:Y,
imager_0/stonyman0/ptr_value_RNIR9ID3[0]:Y, imager_0/stonyman0/reg_value_3__RNI5R5N[2]:Y,
imager_0/stonyman0/reg_value_5__RNI1BDM[2]:Y, imager_0/stonyman0/ptr_value_RNIA8VJ1[1]:Y,
imager_0/stonyman0/reg_value_2__RNI3JPE[2]:Y, imager_0/stonyman0/reg_value_4__RNIV21U[2]:Y,
imager_0/stonyman0/ptr_value_RNI6O6J1[1]:Y, imager_0/stonyman0/ptr_value_RNIJ1ID3[0]:Y,
imager_0/stonyman0/reg_value_3__RNI3P5N[1]:Y, imager_0/stonyman0/reg_value_5__RNIV8DM[1]:Y,
imager_0/stonyman0/ptr_value_RNI64VJ1[1]:Y, imager_0/stonyman0/reg_value_2__RNI1HPE[1]:Y,
imager_0/stonyman0/reg_value_4__RNIT01U[1]:Y, imager_0/stonyman0/ptr_value_RNI2K6J1[1]:Y,
imager_0/stonyman0/ptr_value_RNIBPHD3[0]:Y, imager_0/stonyman0/reg_value_3__RNI1N5N[0]:Y,
imager_0/stonyman0/reg_value_5__RNIT6DM[0]:Y, imager_0/stonyman0/ptr_value_RNI20VJ1[1]:Y,
imager_0/stonyman0/reg_value_2__RNIVEPE[0]:Y, imager_0/stonyman0/reg_value_4__RNIRU0U[0]:Y,
imager_0/stonyman0/ptr_value_RNIUF6J1[1]:Y, imager_0/stonyman0/ptr_value_RNI3HHD3[0]:Y,
imager_0/stonyman0/GOTO_VAL_1.pulse_pin_state_nxt312_0_I_2:Y,
imager_0/stonyman0/GOTO_VAL_1.pulse_pin_state_nxt312_0_I_3:Y,
imager_0/stonyman0/GOTO_VAL_1.pulse_pin_state_nxt311_0_I_2:Y,
imager_0/stonyman0/GOTO_VAL_1.pulse_pin_state_nxt311_0_I_3:Y,
imager_0/stonyman0/mask_pixel_col_RNIPRJ97[0]:Y,
imager_0/stonyman0/mask_pixel_col_RNIBV1S3[5]:Y,
imager_0/stonyman0/mask_pixel_col_RNIG31S3[2]:Y,
imager_0/stonyman0/mask_pixel_col_RNI7Q0S3[1]:Y,
imager_0/stonyman0/mask_pixel_col_RNI9G2O7[4]:Y,
imager_0/stonyman0/mask_pixel_col_RNIK82S3[6]:Y,
imager_0/stonyman0/mask_pixel_col_RNIDL3O7[3]:Y, imager_0/stonyman0/un44_reg_value_nxt_I_20:Y,
imager_0/stonyman0/reg_value_7__RNIBVG8S[7]:Y, imager_0/stonyman0/reg_value_7__RNIG9A9M5[7]:Y,
imager_0/stonyman0/reg_value_7__RNID79OK7[7]:Y, imager_0/stonyman0/reg_value_3__RNI7FO7S[7]:Y,
imager_0/stonyman0/reg_value_3__RNI89P7M5[7]:Y, imager_0/stonyman0/reg_value_3__RNI1NVLK7[7]:Y,
imager_0/stonyman0/ptr_value_RNIJ1LK9F[2]:Y, imager_0/stonyman0/reg_value_5__RNI9N40S[7]:Y,
imager_0/stonyman0/reg_value_5__RNICPHOL5[7]:Y, imager_0/stonyman0/reg_value_5__RNI7F4VJ7[7]:Y,
imager_0/stonyman0/reg_value_1__RNI57CFS[7]:Y, imager_0/stonyman0/reg_value_1__RNI4P0NM5[7]:Y,
imager_0/stonyman0/reg_value_1__RNIRUQCL7[7]:Y, imager_0/stonyman0/ptr_value_RNI7HBI9F[2]:Y,
imager_0/stonyman0/ptr_value_RNIUKCDJU[1]:Y, imager_0/stonyman0/reg_value_6__RNIARA4S[7]:Y,
imager_0/stonyman0/reg_value_6__RNIE1U0M5[7]:Y, imager_0/stonyman0/reg_value_6__RNIARMBK7[7]:Y,
imager_0/stonyman0/reg_value_2__RNI6BI3S[7]:Y, imager_0/stonyman0/reg_value_2__RNI61DVL5[7]:Y,
imager_0/stonyman0/reg_value_2__RNIUAD9K7[7]:Y, imager_0/stonyman0/ptr_value_RNID9GR8F[2]:Y,
imager_0/stonyman0/reg_value_4__RNI8JUBS[7]:Y, imager_0/stonyman0/reg_value_4__RNIAH5GM5[7]:Y,
imager_0/stonyman0/reg_value_4__RNI43I2L7[7]:Y, imager_0/stonyman0/reg_value_0__RNI436BS[7]:Y,
imager_0/stonyman0/reg_value_0__RNI2HKEM5[7]:Y, imager_0/stonyman0/reg_value_0__RNIOI80L7[7]:Y,
imager_0/stonyman0/ptr_value_RNI1P69AF[2]:Y, imager_0/stonyman0/ptr_value_RNII43BJU[1]:Y,
imager_0/stonyman0/ptr_value_RNIJQRU6T1[0]:Y, imager_0/stonyman0/reg_value_7__RNIFPE94[0]:Y,
imager_0/stonyman0/reg_value_7__RNIDS7AU4[0]:Y, imager_0/stonyman0/reg_value_7__RNI3J6PS6[0]:Y,
imager_0/stonyman0/reg_value_3__RNIB9M84[0]:Y, imager_0/stonyman0/reg_value_3__RNI5SM8U4[0]:Y,
imager_0/stonyman0/reg_value_3__RNIN2TMS6[0]:Y, imager_0/stonyman0/ptr_value_RNIVOFMPD[2]:Y,
imager_0/stonyman0/reg_value_5__RNIDH214[0]:Y, imager_0/stonyman0/reg_value_5__RNI9CFPT4[0]:Y,
imager_0/stonyman0/reg_value_5__RNITQ10S6[0]:Y, imager_0/stonyman0/reg_value_1__RNI91AG4[0]:Y,
imager_0/stonyman0/reg_value_1__RNI1CUNU4[0]:Y, imager_0/stonyman0/reg_value_1__RNIHAODT6[0]:Y,
imager_0/stonyman0/ptr_value_RNIJ86KPD[2]:Y, imager_0/stonyman0/ptr_value_RNIM32HJR[1]:Y,
imager_0/stonyman0/reg_value_6__RNIEL854[0]:Y, imager_0/stonyman0/reg_value_6__RNIBKR1U4[0]:Y,
imager_0/stonyman0/reg_value_6__RNI07KCS6[0]:Y, imager_0/stonyman0/reg_value_2__RNIA5G44[0]:Y,
imager_0/stonyman0/reg_value_2__RNI3KA0U4[0]:Y, imager_0/stonyman0/reg_value_2__RNIKMAAS6[0]:Y,
imager_0/stonyman0/ptr_value_RNIP0BTOD[2]:Y, imager_0/stonyman0/reg_value_4__RNICDSC4[0]:Y,
imager_0/stonyman0/reg_value_4__RNI743HU4[0]:Y, imager_0/stonyman0/reg_value_4__RNIQEF3T6[0]:Y,
imager_0/stonyman0/reg_value_0__RNI8T3C4[0]:Y, imager_0/stonyman0/reg_value_0__RNIV3IFU4[0]:Y,
imager_0/stonyman0/reg_value_0__RNIEU51T6[0]:Y, imager_0/stonyman0/ptr_value_RNIDG1BQD[2]:Y,
imager_0/stonyman0/ptr_value_RNIAJOEJR[1]:Y, imager_0/stonyman0/ptr_value_RNI3O667N1[0]:Y,
imager_0/stonyman0/mask_pixel_col_RNIHIHJEK3[0]:Y, imager_0/stonyman0/un44_reg_value_nxt_I_7:Y,
imager_0/stonyman0/reg_value_7__RNIFMI4B[2]:Y, imager_0/stonyman0/reg_value_7__RNIFRB555[2]:Y,
imager_0/stonyman0/reg_value_7__RNI7KAK37[2]:Y, imager_0/stonyman0/reg_value_3__RNIB6Q3B[2]:Y,
imager_0/stonyman0/reg_value_3__RNI7RQ355[2]:Y, imager_0/stonyman0/reg_value_3__RNIR31I37[2]:Y,
imager_0/stonyman0/ptr_value_RNI7RNC7E[2]:Y, imager_0/stonyman0/reg_value_5__RNIDE6SA[2]:Y,
imager_0/stonyman0/reg_value_5__RNIBBJK45[2]:Y, imager_0/stonyman0/reg_value_5__RNI1S5R27[2]:Y,
imager_0/stonyman0/reg_value_1__RNI9UDBB[2]:Y, imager_0/stonyman0/reg_value_1__RNI3B2J55[2]:Y,
imager_0/stonyman0/reg_value_1__RNILBS847[2]:Y, imager_0/stonyman0/ptr_value_RNIRAEA7E[2]:Y,
imager_0/stonyman0/ptr_value_RNI68ITES[1]:Y, imager_0/stonyman0/reg_value_6__RNIEIC0B[2]:Y,
imager_0/stonyman0/reg_value_6__RNIDJVS45[2]:Y, imager_0/stonyman0/reg_value_6__RNI48O737[2]:Y,
imager_0/stonyman0/reg_value_2__RNIA2KVA[2]:Y, imager_0/stonyman0/reg_value_2__RNI5JER45[2]:Y,
imager_0/stonyman0/reg_value_2__RNIONE537[2]:Y, imager_0/stonyman0/ptr_value_RNI13JJ6E[2]:Y,
imager_0/stonyman0/reg_value_4__RNICA08B[2]:Y, imager_0/stonyman0/reg_value_4__RNI937C55[2]:Y,
imager_0/stonyman0/reg_value_4__RNIUFJU37[2]:Y, imager_0/stonyman0/reg_value_0__RNI8Q77B[2]:Y,
imager_0/stonyman0/reg_value_0__RNI13MA55[2]:Y, imager_0/stonyman0/reg_value_0__RNIIV9S37[2]:Y,
imager_0/stonyman0/ptr_value_RNILI918E[2]:Y, imager_0/stonyman0/ptr_value_RNIQN8RES[1]:Y,
imager_0/stonyman0/ptr_value_RNI317VTO1[0]:Y, imager_0/stonyman0/mask_pixel_col_RNI03MDUO1[2]:Y,
imager_0/stonyman0/un44_reg_value_nxt_I_5:Y, imager_0/stonyman0/reg_value_7__RNIRJ0N7[1]:Y,
imager_0/stonyman0/reg_value_7__RNIQNPN15[1]:Y, imager_0/stonyman0/reg_value_7__RNIHFO607[1]:Y,
imager_0/stonyman0/reg_value_3__RNIN38M7[1]:Y, imager_0/stonyman0/reg_value_3__RNIIN8M15[1]:Y,
imager_0/stonyman0/reg_value_3__RNI5VE407[1]:Y, imager_0/stonyman0/ptr_value_RNIRHJH0E[2]:Y,
imager_0/stonyman0/reg_value_5__RNIPBKE7[1]:Y, imager_0/stonyman0/reg_value_5__RNIM71715[1]:Y,
imager_0/stonyman0/reg_value_5__RNIBNJDV6[1]:Y, imager_0/stonyman0/reg_value_1__RNILRRT7[1]:Y,
imager_0/stonyman0/reg_value_1__RNIE7G525[1]:Y, imager_0/stonyman0/reg_value_1__RNIV6AR07[1]:Y,
imager_0/stonyman0/ptr_value_RNIF1AF0E[2]:Y, imager_0/stonyman0/ptr_value_RNIEL971S[1]:Y,
imager_0/stonyman0/reg_value_6__RNIQFQI7[1]:Y, imager_0/stonyman0/reg_value_6__RNIOFDF15[1]:Y,
imager_0/stonyman0/reg_value_6__RNIE36QV6[1]:Y, imager_0/stonyman0/reg_value_2__RNIMV1I7[1]:Y,
imager_0/stonyman0/reg_value_2__RNIGFSD15[1]:Y, imager_0/stonyman0/reg_value_2__RNI2JSNV6[1]:Y,
imager_0/stonyman0/ptr_value_RNILPEOVD[2]:Y, imager_0/stonyman0/reg_value_4__RNIO7EQ7[1]:Y,
imager_0/stonyman0/reg_value_4__RNIKVKU15[1]:Y, imager_0/stonyman0/reg_value_4__RNI8B1H07[1]:Y,
imager_0/stonyman0/reg_value_0__RNIKNLP7[1]:Y, imager_0/stonyman0/reg_value_0__RNICV3T15[1]:Y,
imager_0/stonyman0/reg_value_0__RNISQNE07[1]:Y, imager_0/stonyman0/ptr_value_RNI99561E[2]:Y,
imager_0/stonyman0/ptr_value_RNI25051S[1]:Y, imager_0/stonyman0/ptr_value_RNIJRLI2O1[0]:Y,
imager_0/stonyman0/mask_pixel_col_RNIFS413O1[1]:Y, imager_0/stonyman0/un44_reg_value_nxt_I_17:Y,
imager_0/stonyman0/reg_value_7__RNIFJTQO[6]:Y, imager_0/stonyman0/reg_value_7__RNIJSMRI5[6]:Y,
imager_0/stonyman0/reg_value_7__RNIFPLAH7[6]:Y, imager_0/stonyman0/reg_value_3__RNIB35QO[6]:Y,
imager_0/stonyman0/reg_value_3__RNIBS5QI5[6]:Y, imager_0/stonyman0/reg_value_3__RNI39C8H7[6]:Y,
imager_0/stonyman0/ptr_value_RNIN5EP2F[2]:Y, imager_0/stonyman0/reg_value_5__RNIDBHIO[6]:Y,
imager_0/stonyman0/reg_value_5__RNIFCUAI5[6]:Y, imager_0/stonyman0/reg_value_5__RNI91HHG7[6]:Y,
imager_0/stonyman0/reg_value_1__RNI9RO1P[6]:Y, imager_0/stonyman0/reg_value_1__RNI7CD9J5[6]:Y,
imager_0/stonyman0/reg_value_1__RNITG7VH7[6]:Y, imager_0/stonyman0/ptr_value_RNIBL4N2F[2]:Y,
imager_0/stonyman0/ptr_value_RNI6TUM5U[1]:Y, imager_0/stonyman0/reg_value_6__RNIEFNMO[6]:Y,
imager_0/stonyman0/reg_value_6__RNIHKAJI5[6]:Y, imager_0/stonyman0/reg_value_6__RNICD3UG7[6]:Y,
imager_0/stonyman0/reg_value_2__RNIAVULO[6]:Y, imager_0/stonyman0/reg_value_2__RNI9KPHI5[6]:Y,
imager_0/stonyman0/reg_value_2__RNI0TPRG7[6]:Y, imager_0/stonyman0/ptr_value_RNIHD902F[2]:Y,
imager_0/stonyman0/reg_value_4__RNIC7BUO[6]:Y, imager_0/stonyman0/reg_value_4__RNID4I2J5[6]:Y,
imager_0/stonyman0/reg_value_4__RNI6LUKH7[6]:Y, imager_0/stonyman0/reg_value_0__RNI8NITO[6]:Y,
imager_0/stonyman0/reg_value_0__RNI5411J5[6]:Y, imager_0/stonyman0/reg_value_0__RNIQ4LIH7[6]:Y,
imager_0/stonyman0/ptr_value_RNI5TVD3F[2]:Y, imager_0/stonyman0/ptr_value_RNIQCLK5U[1]:Y,
imager_0/stonyman0/ptr_value_RNI3B0IBS1[0]:Y, imager_0/stonyman0/mask_pixel_col_RNI4HF0CS1[6]:Y,
imager_0/stonyman0/un44_reg_value_nxt_I_14:Y, imager_0/stonyman0/reg_value_7__RNIRFADL[5]:Y,
imager_0/stonyman0/reg_value_7__RNIUN3EF5[5]:Y, imager_0/stonyman0/reg_value_7__RNIPJ2TD7[5]:Y,
imager_0/stonyman0/reg_value_3__RNINVHCL[5]:Y, imager_0/stonyman0/reg_value_3__RNIMNICF5[5]:Y,
imager_0/stonyman0/reg_value_3__RNID3PQD7[5]:Y, imager_0/stonyman0/ptr_value_RNIBQ7URE[2]:Y,
imager_0/stonyman0/reg_value_5__RNIP7U4L[5]:Y, imager_0/stonyman0/reg_value_5__RNIQ7BTE5[5]:Y,
imager_0/stonyman0/reg_value_5__RNIJRT3D7[5]:Y, imager_0/stonyman0/reg_value_1__RNILN5KL[5]:Y,
imager_0/stonyman0/reg_value_1__RNII7QRF5[5]:Y, imager_0/stonyman0/reg_value_1__RNI7BKHE7[5]:Y,
imager_0/stonyman0/ptr_value_RNIV9URRE[2]:Y, imager_0/stonyman0/ptr_value_RNIE6I0OT[1]:Y,
imager_0/stonyman0/reg_value_6__RNIQB49L[5]:Y, imager_0/stonyman0/reg_value_6__RNISFN5F5[5]:Y,
imager_0/stonyman0/reg_value_6__RNIM7GGD7[5]:Y, imager_0/stonyman0/reg_value_2__RNIMRB8L[5]:Y,
imager_0/stonyman0/reg_value_2__RNIKF64F5[5]:Y, imager_0/stonyman0/reg_value_2__RNIAN6ED7[5]:Y,
imager_0/stonyman0/ptr_value_RNI5235RE[2]:Y, imager_0/stonyman0/reg_value_4__RNI591U[5]:Y,
imager_0/stonyman0/ptr_value_RNIME163R[1]:Y, imager_0/stonyman0/ptr_value_RNI7MVCRO1[0]:Y,
imager_0/stonyman0/mask_pixel_col_RNIBCUR7L3[5]:Y, imager_0/stonyman0/un44_reg_value_nxt_I_9:Y,
imager_0/stonyman0/reg_value_7__RNIB15IE[3]:Y, imager_0/stonyman0/reg_value_7__RNIC7UI85[3]:Y,
imager_0/stonyman0/reg_value_7__RNI51T177[3]:Y, imager_0/stonyman0/reg_value_3__RNI7HCHE[3]:Y,
imager_0/stonyman0/reg_value_3__RNI47DH85[3]:Y, imager_0/stonyman0/reg_value_3__RNIPGJV67[3]:Y,
imager_0/stonyman0/ptr_value_RNI3LS7EE[2]:Y, imager_0/stonyman0/reg_value_5__RNI9PO9E[3]:Y,
imager_0/stonyman0/reg_value_5__RNI8N5285[3]:Y, imager_0/stonyman0/reg_value_5__RNIV8O867[3]:Y,
imager_0/stonyman0/reg_value_1__RNI590PE[3]:Y, imager_0/stonyman0/reg_value_1__RNI0NK095[3]:Y,
imager_0/stonyman0/reg_value_1__RNIJOEM77[3]:Y, imager_0/stonyman0/ptr_value_RNIN4J5EE[2]:Y,
imager_0/stonyman0/ptr_value_RNIURRJSS[1]:Y, imager_0/stonyman0/reg_value_6__RNIATUDE[3]:Y,
imager_0/stonyman0/reg_value_6__RNIAVHA85[3]:Y, imager_0/stonyman0/reg_value_6__RNI2LAL67[3]:Y,
imager_0/stonyman0/reg_value_2__RNI6D6DE[3]:Y, imager_0/stonyman0/reg_value_2__RNI2V0985[3]:Y,
imager_0/stonyman0/reg_value_2__RNIM41J67[3]:Y, imager_0/stonyman0/ptr_value_RNITSNEDE[2]:Y,
imager_0/stonyman0/reg_value_4__RNI8LILE[3]:Y, imager_0/stonyman0/reg_value_4__RNI6FPP85[3]:Y,
imager_0/stonyman0/reg_value_4__RNISS5C77[3]:Y, imager_0/stonyman0/reg_value_0__RNI45QKE[3]:Y,
imager_0/stonyman0/reg_value_0__RNIUE8O85[3]:Y, imager_0/stonyman0/reg_value_0__RNIGCS977[3]:Y,
imager_0/stonyman0/ptr_value_RNIHCESEE[2]:Y, imager_0/stonyman0/ptr_value_RNIIBIHSS[1]:Y,
imager_0/stonyman0/ptr_value_RNIJ8QBPP1[0]:Y, imager_0/stonyman0/mask_pixel_col_RNIHB9QPP1[3]:Y,
imager_0/stonyman0/un44_reg_value_nxt_I_12:Y, imager_0/stonyman0/reg_value_7__RNIFKNVH[4]:Y,
imager_0/stonyman0/reg_value_7__RNIHRG0C5[4]:Y, imager_0/stonyman0/reg_value_7__RNIBMFFA7[4]:Y,
imager_0/stonyman0/reg_value_3__RNIB4VUH[4]:Y, imager_0/stonyman0/reg_value_3__RNI9RVUB5[4]:Y,
imager_0/stonyman0/reg_value_3__RNIV56DA7[4]:Y, imager_0/stonyman0/ptr_value_RNIFV13LE[2]:Y,
imager_0/stonyman0/reg_value_5__RNIDCBNH[4]:Y, imager_0/stonyman0/reg_value_5__RNIDBOFB5[4]:Y,
imager_0/stonyman0/reg_value_5__RNI5UAM97[4]:Y, imager_0/stonyman0/reg_value_1__RNI9SI6I[4]:Y,
imager_0/stonyman0/reg_value_1__RNI5B7EC5[4]:Y, imager_0/stonyman0/reg_value_1__RNIPD14B7[4]:Y,
imager_0/stonyman0/ptr_value_RNI3FO0LE[2]:Y, imager_0/stonyman0/ptr_value_RNIMG6AAT[1]:Y,
imager_0/stonyman0/reg_value_6__RNIEGHRH[4]:Y, imager_0/stonyman0/reg_value_6__RNIFJ4OB5[4]:Y,
imager_0/stonyman0/reg_value_6__RNI8AT2A7[4]:Y, imager_0/stonyman0/reg_value_2__RNIA0PQH[4]:Y,
imager_0/stonyman0/reg_value_2__RNI7JJMB5[4]:Y, imager_0/stonyman0/reg_value_2__RNISPJ0A7[4]:Y,
imager_0/stonyman0/ptr_value_RNI97T9KE[2]:Y, imager_0/stonyman0/reg_value_4__RNI371U[4]:Y,
imager_0/stonyman0/ptr_value_RNI9J8TOQ[1]:Y, imager_0/stonyman0/ptr_value_RNI25RD3O1[0]:Y,
imager_0/stonyman0/mask_pixel_col_RNIIKJMTH3[4]:Y,
imager_0/stonyman0/pulse_pin_state_RNIOONI4U[0]:Y.
The timing models of these gates have been simplified for Static Timing Analysis.
Finished loading the Timing data.
TIMER: Max delay timing requirements have been met.
TIMER: Min delay timing requirements have been met.

The Layout command succeeded ( 00:03:58 )
Wrote status report to file: TOPLEVEL_place_and_route_report.txt

The Report command succeeded ( 00:00:00 )
Wrote globalnet report to file: TOPLEVEL_globalnet_report.txt

The Report command succeeded ( 00:00:00 )
Wrote globalusage report to file: TOPLEVEL_globalusage_report.txt

The Report command succeeded ( 00:00:00 )
Wrote iobank report to file: TOPLEVEL_iobank_report.txt

The Report command succeeded ( 00:00:01 )
Wrote pin report to file: TOPLEVEL_report_pin_byname.txt

The Report command succeeded ( 00:00:02 )
Wrote pin report to file: TOPLEVEL_report_pin_bynumber.txt

The Report command succeeded ( 00:00:01 )
Design saved to file
C:\Users\Sam\Dropbox\Lab11\SensEye-2\software\smartfusion\designer\impl1\TOPLEVEL.adb.

The Execute Script command succeeded ( 00:04:08 )
Design closed.

