# Synopsys Constraint Checker(syntax only), version mapact, Build 1522R, built Jun  4 2015
# Copyright (C) 1994-2015, Synopsys, Inc. This software and the associated documentation are proprietary to Synopsys, Inc. This software may only be used in accordance with the terms and conditions of a written license agreement with Synopsys, Inc.  All other use, reproduction, or distribution of this software is strictly prohibited.

# Written on Wed Nov 11 13:50:43 2015


##### DESIGN INFO #######################################################

Top View:                "TOPLEVEL"
Constraint File(s):      "C:\Users\Sam\Dropbox\Lab11\SensEye-2\software\smartfusion\component\work\MSS_CORE3_MSS\mss_tshell_syn.sdc"

#Run constraint checker to find more issues with constraints.
#########################################################################



No issues found in constraint syntax.



Clock Summary
*************

Start       Requested     Requested     Clock        Clock      
Clock       Frequency     Period        Type         Group      
----------------------------------------------------------------
FAB_CLK     40.0 MHz      25.000        declared     clk_group_0
FCLK        40.0 MHz      25.000        declared     clk_group_0
================================================================
